<?xml version="1.0"?>
<link_info>
   <banner>TMS320C6x Linker PC v7.4.4</banner>
   <copyright>Copyright (c) 1996-2013 Texas Instruments Incorporated</copyright>
   <link_time>0x582cffb0</link_time>
   <output_file>Lab3s2.out</output_file>
   <entry_point>
      <name>_c_int00</name>
      <address>0x1182a8e0</address>
   </entry_point>
   <input_file_list>
      <input_file id="fl-2">
         <path>.\</path>
         <kind>object</kind>
         <file>vectors_intr.obj</file>
         <name>vectors_intr.obj</name>
      </input_file>
      <input_file id="fl-3">
         <path>.\</path>
         <kind>object</kind>
         <file>psc.obj</file>
         <name>psc.obj</name>
      </input_file>
      <input_file id="fl-4">
         <path>.\</path>
         <kind>object</kind>
         <file>main.obj</file>
         <name>main.obj</name>
      </input_file>
      <input_file id="fl-5">
         <path>.\</path>
         <kind>object</kind>
         <file>gpio.obj</file>
         <name>gpio.obj</name>
      </input_file>
      <input_file id="fl-6">
         <path>.\</path>
         <kind>object</kind>
         <file>L138_LCDK_switch_led.obj</file>
         <name>L138_LCDK_switch_led.obj</name>
      </input_file>
      <input_file id="fl-7">
         <path>.\</path>
         <kind>object</kind>
         <file>L138_LCDK_aic3106_init.obj</file>
         <name>L138_LCDK_aic3106_init.obj</name>
      </input_file>
      <input_file id="fl-d">
         <path>C:\Users\EE113D\MyProjects\OMAP-L138_GEL_BSL_Files\bsl\lib\</path>
         <kind>archive</kind>
         <file>evmomapl138_bsl.lib</file>
         <name>evmomapl138_timer.obj</name>
      </input_file>
      <input_file id="fl-e">
         <path>C:\Users\EE113D\MyProjects\OMAP-L138_GEL_BSL_Files\bsl\lib\</path>
         <kind>archive</kind>
         <file>evmomapl138_bsl.lib</file>
         <name>evmomapl138_gpio.obj</name>
      </input_file>
      <input_file id="fl-f">
         <path>C:\Users\EE113D\MyProjects\OMAP-L138_GEL_BSL_Files\bsl\lib\</path>
         <kind>archive</kind>
         <file>evmomapl138_bsl.lib</file>
         <name>evmomapl138_aic3106.obj</name>
      </input_file>
      <input_file id="fl-10">
         <path>C:\Users\EE113D\MyProjects\OMAP-L138_GEL_BSL_Files\bsl\lib\</path>
         <kind>archive</kind>
         <file>evmomapl138_bsl.lib</file>
         <name>evmomapl138.obj</name>
      </input_file>
      <input_file id="fl-11">
         <path>C:\Users\EE113D\MyProjects\OMAP-L138_GEL_BSL_Files\bsl\lib\</path>
         <kind>archive</kind>
         <file>evmomapl138_bsl.lib</file>
         <name>evmomapl138_i2c_gpio.obj</name>
      </input_file>
      <input_file id="fl-12">
         <path>C:\Users\EE113D\MyProjects\OMAP-L138_GEL_BSL_Files\bsl\lib\</path>
         <kind>archive</kind>
         <file>evmomapl138_bsl.lib</file>
         <name>evmomapl138_i2c.obj</name>
      </input_file>
      <input_file id="fl-13">
         <path>C:\ti\ccsv5\tools\compiler\c6000_7.4.4\lib\</path>
         <kind>archive</kind>
         <file>rts6740.lib</file>
         <name>boot.obj</name>
      </input_file>
      <input_file id="fl-14">
         <path>C:\ti\ccsv5\tools\compiler\c6000_7.4.4\lib\</path>
         <kind>archive</kind>
         <file>rts6740.lib</file>
         <name>cos.obj</name>
      </input_file>
      <input_file id="fl-15">
         <path>C:\ti\ccsv5\tools\compiler\c6000_7.4.4\lib\</path>
         <kind>archive</kind>
         <file>rts6740.lib</file>
         <name>divd.obj</name>
      </input_file>
      <input_file id="fl-16">
         <path>C:\ti\ccsv5\tools\compiler\c6000_7.4.4\lib\</path>
         <kind>archive</kind>
         <file>rts6740.lib</file>
         <name>divf.obj</name>
      </input_file>
      <input_file id="fl-17">
         <path>C:\ti\ccsv5\tools\compiler\c6000_7.4.4\lib\</path>
         <kind>archive</kind>
         <file>rts6740.lib</file>
         <name>divi.obj</name>
      </input_file>
      <input_file id="fl-18">
         <path>C:\ti\ccsv5\tools\compiler\c6000_7.4.4\lib\</path>
         <kind>archive</kind>
         <file>rts6740.lib</file>
         <name>exit.obj</name>
      </input_file>
      <input_file id="fl-19">
         <path>C:\ti\ccsv5\tools\compiler\c6000_7.4.4\lib\</path>
         <kind>archive</kind>
         <file>rts6740.lib</file>
         <name>frcmpyd_div.obj</name>
      </input_file>
      <input_file id="fl-1a">
         <path>C:\ti\ccsv5\tools\compiler\c6000_7.4.4\lib\</path>
         <kind>archive</kind>
         <file>rts6740.lib</file>
         <name>llshift.obj</name>
      </input_file>
      <input_file id="fl-1b">
         <path>C:\ti\ccsv5\tools\compiler\c6000_7.4.4\lib\</path>
         <kind>archive</kind>
         <file>rts6740.lib</file>
         <name>log10.obj</name>
      </input_file>
      <input_file id="fl-1c">
         <path>C:\ti\ccsv5\tools\compiler\c6000_7.4.4\lib\</path>
         <kind>archive</kind>
         <file>rts6740.lib</file>
         <name>modf.obj</name>
      </input_file>
      <input_file id="fl-1d">
         <path>C:\ti\ccsv5\tools\compiler\c6000_7.4.4\lib\</path>
         <kind>archive</kind>
         <file>rts6740.lib</file>
         <name>pow.obj</name>
      </input_file>
      <input_file id="fl-1e">
         <path>C:\ti\ccsv5\tools\compiler\c6000_7.4.4\lib\</path>
         <kind>archive</kind>
         <file>rts6740.lib</file>
         <name>printf.obj</name>
      </input_file>
      <input_file id="fl-1f">
         <path>C:\ti\ccsv5\tools\compiler\c6000_7.4.4\lib\</path>
         <kind>archive</kind>
         <file>rts6740.lib</file>
         <name>round.obj</name>
      </input_file>
      <input_file id="fl-20">
         <path>C:\ti\ccsv5\tools\compiler\c6000_7.4.4\lib\</path>
         <kind>archive</kind>
         <file>rts6740.lib</file>
         <name>sin.obj</name>
      </input_file>
      <input_file id="fl-21">
         <path>C:\ti\ccsv5\tools\compiler\c6000_7.4.4\lib\</path>
         <kind>archive</kind>
         <file>rts6740.lib</file>
         <name>sqrt.obj</name>
      </input_file>
      <input_file id="fl-22">
         <path>C:\ti\ccsv5\tools\compiler\c6000_7.4.4\lib\</path>
         <kind>archive</kind>
         <file>rts6740.lib</file>
         <name>trunc.obj</name>
      </input_file>
      <input_file id="fl-23">
         <path>C:\ti\ccsv5\tools\compiler\c6000_7.4.4\lib\</path>
         <kind>archive</kind>
         <file>rts6740.lib</file>
         <name>_lock.obj</name>
      </input_file>
      <input_file id="fl-24">
         <path>C:\ti\ccsv5\tools\compiler\c6000_7.4.4\lib\</path>
         <kind>archive</kind>
         <file>rts6740.lib</file>
         <name>_printfi.obj</name>
      </input_file>
      <input_file id="fl-25">
         <path>C:\ti\ccsv5\tools\compiler\c6000_7.4.4\lib\</path>
         <kind>archive</kind>
         <file>rts6740.lib</file>
         <name>args_main.obj</name>
      </input_file>
      <input_file id="fl-26">
         <path>C:\ti\ccsv5\tools\compiler\c6000_7.4.4\lib\</path>
         <kind>archive</kind>
         <file>rts6740.lib</file>
         <name>atoi.obj</name>
      </input_file>
      <input_file id="fl-27">
         <path>C:\ti\ccsv5\tools\compiler\c6000_7.4.4\lib\</path>
         <kind>archive</kind>
         <file>rts6740.lib</file>
         <name>autoinit.obj</name>
      </input_file>
      <input_file id="fl-28">
         <path>C:\ti\ccsv5\tools\compiler\c6000_7.4.4\lib\</path>
         <kind>archive</kind>
         <file>rts6740.lib</file>
         <name>cpp_init.obj</name>
      </input_file>
      <input_file id="fl-29">
         <path>C:\ti\ccsv5\tools\compiler\c6000_7.4.4\lib\</path>
         <kind>archive</kind>
         <file>rts6740.lib</file>
         <name>cpy_tbl.obj</name>
      </input_file>
      <input_file id="fl-2a">
         <path>C:\ti\ccsv5\tools\compiler\c6000_7.4.4\lib\</path>
         <kind>archive</kind>
         <file>rts6740.lib</file>
         <name>ctype.obj</name>
      </input_file>
      <input_file id="fl-2b">
         <path>C:\ti\ccsv5\tools\compiler\c6000_7.4.4\lib\</path>
         <kind>archive</kind>
         <file>rts6740.lib</file>
         <name>defs.obj</name>
      </input_file>
      <input_file id="fl-2c">
         <path>C:\ti\ccsv5\tools\compiler\c6000_7.4.4\lib\</path>
         <kind>archive</kind>
         <file>rts6740.lib</file>
         <name>divu.obj</name>
      </input_file>
      <input_file id="fl-2d">
         <path>C:\ti\ccsv5\tools\compiler\c6000_7.4.4\lib\</path>
         <kind>archive</kind>
         <file>rts6740.lib</file>
         <name>errno.obj</name>
      </input_file>
      <input_file id="fl-2e">
         <path>C:\ti\ccsv5\tools\compiler\c6000_7.4.4\lib\</path>
         <kind>archive</kind>
         <file>rts6740.lib</file>
         <name>fixdli.obj</name>
      </input_file>
      <input_file id="fl-2f">
         <path>C:\ti\ccsv5\tools\compiler\c6000_7.4.4\lib\</path>
         <kind>archive</kind>
         <file>rts6740.lib</file>
         <name>fltlid.obj</name>
      </input_file>
      <input_file id="fl-30">
         <path>C:\ti\ccsv5\tools\compiler\c6000_7.4.4\lib\</path>
         <kind>archive</kind>
         <file>rts6740.lib</file>
         <name>fputc.obj</name>
      </input_file>
      <input_file id="fl-31">
         <path>C:\ti\ccsv5\tools\compiler\c6000_7.4.4\lib\</path>
         <kind>archive</kind>
         <file>rts6740.lib</file>
         <name>fputs.obj</name>
      </input_file>
      <input_file id="fl-32">
         <path>C:\ti\ccsv5\tools\compiler\c6000_7.4.4\lib\</path>
         <kind>archive</kind>
         <file>rts6740.lib</file>
         <name>frexp.obj</name>
      </input_file>
      <input_file id="fl-33">
         <path>C:\ti\ccsv5\tools\compiler\c6000_7.4.4\lib\</path>
         <kind>archive</kind>
         <file>rts6740.lib</file>
         <name>imath40.obj</name>
      </input_file>
      <input_file id="fl-34">
         <path>C:\ti\ccsv5\tools\compiler\c6000_7.4.4\lib\</path>
         <kind>archive</kind>
         <file>rts6740.lib</file>
         <name>imath64.obj</name>
      </input_file>
      <input_file id="fl-35">
         <path>C:\ti\ccsv5\tools\compiler\c6000_7.4.4\lib\</path>
         <kind>archive</kind>
         <file>rts6740.lib</file>
         <name>isinf.obj</name>
      </input_file>
      <input_file id="fl-36">
         <path>C:\ti\ccsv5\tools\compiler\c6000_7.4.4\lib\</path>
         <kind>archive</kind>
         <file>rts6740.lib</file>
         <name>ldexp.obj</name>
      </input_file>
      <input_file id="fl-37">
         <path>C:\ti\ccsv5\tools\compiler\c6000_7.4.4\lib\</path>
         <kind>archive</kind>
         <file>rts6740.lib</file>
         <name>log.obj</name>
      </input_file>
      <input_file id="fl-38">
         <path>C:\ti\ccsv5\tools\compiler\c6000_7.4.4\lib\</path>
         <kind>archive</kind>
         <file>rts6740.lib</file>
         <name>lowlev.obj</name>
      </input_file>
      <input_file id="fl-39">
         <path>C:\ti\ccsv5\tools\compiler\c6000_7.4.4\lib\</path>
         <kind>archive</kind>
         <file>rts6740.lib</file>
         <name>ltoa.obj</name>
      </input_file>
      <input_file id="fl-3a">
         <path>C:\ti\ccsv5\tools\compiler\c6000_7.4.4\lib\</path>
         <kind>archive</kind>
         <file>rts6740.lib</file>
         <name>memccpy.obj</name>
      </input_file>
      <input_file id="fl-3b">
         <path>C:\ti\ccsv5\tools\compiler\c6000_7.4.4\lib\</path>
         <kind>archive</kind>
         <file>rts6740.lib</file>
         <name>memcpy64.obj</name>
      </input_file>
      <input_file id="fl-3c">
         <path>C:\ti\ccsv5\tools\compiler\c6000_7.4.4\lib\</path>
         <kind>archive</kind>
         <file>rts6740.lib</file>
         <name>memset.obj</name>
      </input_file>
      <input_file id="fl-3d">
         <path>C:\ti\ccsv5\tools\compiler\c6000_7.4.4\lib\</path>
         <kind>archive</kind>
         <file>rts6740.lib</file>
         <name>negll.obj</name>
      </input_file>
      <input_file id="fl-3e">
         <path>C:\ti\ccsv5\tools\compiler\c6000_7.4.4\lib\</path>
         <kind>archive</kind>
         <file>rts6740.lib</file>
         <name>trgdrv.obj</name>
      </input_file>
      <input_file id="fl-3f">
         <path>C:\ti\ccsv5\tools\compiler\c6000_7.4.4\lib\</path>
         <kind>archive</kind>
         <file>rts6740.lib</file>
         <name>trgmsg.obj</name>
      </input_file>
      <input_file id="fl-40">
         <path>C:\ti\ccsv5\tools\compiler\c6000_7.4.4\lib\</path>
         <kind>archive</kind>
         <file>rts6740.lib</file>
         <name>_io_perm.obj</name>
      </input_file>
      <input_file id="fl-41">
         <path>C:\ti\ccsv5\tools\compiler\c6000_7.4.4\lib\</path>
         <kind>archive</kind>
         <file>rts6740.lib</file>
         <name>abs.obj</name>
      </input_file>
      <input_file id="fl-42">
         <path>C:\ti\ccsv5\tools\compiler\c6000_7.4.4\lib\</path>
         <kind>archive</kind>
         <file>rts6740.lib</file>
         <name>fflush.obj</name>
      </input_file>
      <input_file id="fl-43">
         <path>C:\ti\ccsv5\tools\compiler\c6000_7.4.4\lib\</path>
         <kind>archive</kind>
         <file>rts6740.lib</file>
         <name>fseek.obj</name>
      </input_file>
      <input_file id="fl-44">
         <path>C:\ti\ccsv5\tools\compiler\c6000_7.4.4\lib\</path>
         <kind>archive</kind>
         <file>rts6740.lib</file>
         <name>setvbuf.obj</name>
      </input_file>
      <input_file id="fl-45">
         <path>C:\ti\ccsv5\tools\compiler\c6000_7.4.4\lib\</path>
         <kind>archive</kind>
         <file>rts6740.lib</file>
         <name>fopen.obj</name>
      </input_file>
      <input_file id="fl-46">
         <path>C:\ti\ccsv5\tools\compiler\c6000_7.4.4\lib\</path>
         <kind>archive</kind>
         <file>rts6740.lib</file>
         <name>memory.obj</name>
      </input_file>
      <input_file id="fl-47">
         <path>C:\ti\ccsv5\tools\compiler\c6000_7.4.4\lib\</path>
         <kind>archive</kind>
         <file>rts6740.lib</file>
         <name>fclose.obj</name>
      </input_file>
      <input_file id="fl-48">
         <path>C:\ti\ccsv5\tools\compiler\c6000_7.4.4\lib\</path>
         <kind>archive</kind>
         <file>rts6740.lib</file>
         <name>remove.obj</name>
      </input_file>
   </input_file_list>
   <object_component_list>
      <object_component id="oc-108">
         <name>.text</name>
         <load_address>0x1181f680</load_address>
         <run_address>0x1181f680</run_address>
         <size>0x1560</size>
         <input_file_ref idref="fl-7"/>
      </object_component>
      <object_component id="oc-114">
         <name>.text</name>
         <load_address>0x11820be0</load_address>
         <run_address>0x11820be0</run_address>
         <size>0x1140</size>
         <input_file_ref idref="fl-4"/>
      </object_component>
      <object_component id="oc-119">
         <name>.text</name>
         <load_address>0x11821d20</load_address>
         <run_address>0x11821d20</run_address>
         <size>0xc20</size>
         <input_file_ref idref="fl-10"/>
      </object_component>
      <object_component id="oc-120">
         <name>.text:_pow</name>
         <load_address>0x11822940</load_address>
         <run_address>0x11822940</run_address>
         <size>0x720</size>
         <input_file_ref idref="fl-1d"/>
      </object_component>
      <object_component id="oc-11c">
         <name>.text:__divd</name>
         <load_address>0x11823060</load_address>
         <run_address>0x11823060</run_address>
         <size>0x5a0</size>
         <input_file_ref idref="fl-15"/>
      </object_component>
      <object_component id="oc-14b">
         <name>.text:__getarg_diouxp</name>
         <load_address>0x11823600</load_address>
         <run_address>0x11823600</run_address>
         <size>0x580</size>
         <input_file_ref idref="fl-24"/>
      </object_component>
      <object_component id="oc-129">
         <name>.text</name>
         <load_address>0x11823b80</load_address>
         <run_address>0x11823b80</run_address>
         <size>0x4e0</size>
         <input_file_ref idref="fl-11"/>
      </object_component>
      <object_component id="oc-133">
         <name>.text:__printfi</name>
         <load_address>0x11824060</load_address>
         <run_address>0x11824060</run_address>
         <size>0x440</size>
         <input_file_ref idref="fl-24"/>
      </object_component>
      <object_component id="oc-138">
         <name>.text:__setfield</name>
         <load_address>0x118244a0</load_address>
         <run_address>0x118244a0</run_address>
         <size>0x440</size>
         <input_file_ref idref="fl-24"/>
      </object_component>
      <object_component id="oc-135">
         <name>.text:_fputs</name>
         <load_address>0x118248e0</load_address>
         <run_address>0x118248e0</run_address>
         <size>0x3a0</size>
         <input_file_ref idref="fl-31"/>
      </object_component>
      <object_component id="oc-117">
         <name>.text</name>
         <load_address>0x11824c80</load_address>
         <run_address>0x11824c80</run_address>
         <size>0x380</size>
         <input_file_ref idref="fl-e"/>
      </object_component>
      <object_component id="oc-125">
         <name>.text</name>
         <load_address>0x11825000</load_address>
         <run_address>0x11825000</run_address>
         <size>0x380</size>
         <input_file_ref idref="fl-12"/>
      </object_component>
      <object_component id="oc-140">
         <name>.text:__pproc_fge</name>
         <load_address>0x11825380</load_address>
         <run_address>0x11825380</run_address>
         <size>0x320</size>
         <input_file_ref idref="fl-24"/>
      </object_component>
      <object_component id="oc-11d">
         <name>.text:_cos</name>
         <load_address>0x118256a0</load_address>
         <run_address>0x118256a0</run_address>
         <size>0x2e0</size>
         <input_file_ref idref="fl-14"/>
      </object_component>
      <object_component id="oc-137">
         <name>.text:__pproc_fwp</name>
         <load_address>0x11825980</load_address>
         <run_address>0x11825980</run_address>
         <size>0x2c0</size>
         <input_file_ref idref="fl-24"/>
      </object_component>
      <object_component id="oc-152">
         <name>.text:_ecvt</name>
         <load_address>0x11825c40</load_address>
         <run_address>0x11825c40</run_address>
         <size>0x2a0</size>
         <input_file_ref idref="fl-24"/>
      </object_component>
      <object_component id="oc-155">
         <name>.text:_fcvt</name>
         <load_address>0x11825ee0</load_address>
         <run_address>0x11825ee0</run_address>
         <size>0x2a0</size>
         <input_file_ref idref="fl-24"/>
      </object_component>
      <object_component id="oc-121">
         <name>.text:__divf</name>
         <load_address>0x11826180</load_address>
         <run_address>0x11826180</run_address>
         <size>0x280</size>
         <input_file_ref idref="fl-16"/>
      </object_component>
      <object_component id="oc-14f">
         <name>.text:_free</name>
         <load_address>0x11826400</load_address>
         <run_address>0x11826400</run_address>
         <size>0x280</size>
         <input_file_ref idref="fl-46"/>
      </object_component>
      <object_component id="oc-11e">
         <name>.text:_sin</name>
         <load_address>0x11826680</load_address>
         <run_address>0x11826680</run_address>
         <size>0x280</size>
         <input_file_ref idref="fl-20"/>
      </object_component>
      <object_component id="oc-160">
         <name>.text:__divull</name>
         <load_address>0x11826900</load_address>
         <run_address>0x11826900</run_address>
         <size>0x260</size>
         <input_file_ref idref="fl-34"/>
      </object_component>
      <object_component id="oc-14a">
         <name>.text:__pconv_e</name>
         <load_address>0x11826b60</load_address>
         <run_address>0x11826b60</run_address>
         <size>0x260</size>
         <input_file_ref idref="fl-24"/>
      </object_component>
      <object_component id="oc-1c">
         <name>.text:retain</name>
         <load_address>0x11826dc0</load_address>
         <run_address>0x11826dc0</run_address>
         <size>0x260</size>
         <input_file_ref idref="fl-4"/>
      </object_component>
      <object_component id="oc-141">
         <name>.text:__pproc_diouxp</name>
         <load_address>0x11827020</load_address>
         <run_address>0x11827020</run_address>
         <size>0x240</size>
         <input_file_ref idref="fl-24"/>
      </object_component>
      <object_component id="oc-139">
         <name>.text:__pproc_str</name>
         <load_address>0x11827260</load_address>
         <run_address>0x11827260</run_address>
         <size>0x220</size>
         <input_file_ref idref="fl-24"/>
      </object_component>
      <object_component id="oc-13a">
         <name>.text:_fputc</name>
         <load_address>0x11827480</load_address>
         <run_address>0x11827480</run_address>
         <size>0x220</size>
         <input_file_ref idref="fl-30"/>
      </object_component>
      <object_component id="oc-148">
         <name>.text:__pconv_g</name>
         <load_address>0x118276a0</load_address>
         <run_address>0x118276a0</run_address>
         <size>0x200</size>
         <input_file_ref idref="fl-24"/>
      </object_component>
      <object_component id="oc-131">
         <name>.text:_log</name>
         <load_address>0x118278a0</load_address>
         <run_address>0x118278a0</run_address>
         <size>0x200</size>
         <input_file_ref idref="fl-37"/>
      </object_component>
      <object_component id="oc-144">
         <name>.text:_setvbuf</name>
         <load_address>0x11827aa0</load_address>
         <run_address>0x11827aa0</run_address>
         <size>0x200</size>
         <input_file_ref idref="fl-44"/>
      </object_component>
      <object_component id="oc-118">
         <name>.text</name>
         <load_address>0x11827ca0</load_address>
         <run_address>0x11827ca0</run_address>
         <size>0x1e0</size>
         <input_file_ref idref="fl-d"/>
      </object_component>
      <object_component id="oc-154">
         <name>.text:__mcpy</name>
         <load_address>0x11827e80</load_address>
         <run_address>0x11827e80</run_address>
         <size>0x1c0</size>
         <input_file_ref idref="fl-24"/>
      </object_component>
      <object_component id="oc-15f">
         <name>.text:__divul</name>
         <load_address>0x11828040</load_address>
         <run_address>0x11828040</run_address>
         <size>0x1a0</size>
         <input_file_ref idref="fl-33"/>
      </object_component>
      <object_component id="oc-116">
         <name>.text</name>
         <load_address>0x118281e0</load_address>
         <run_address>0x118281e0</run_address>
         <size>0x1a0</size>
         <input_file_ref idref="fl-f"/>
      </object_component>
      <object_component id="oc-110">
         <name>.text:_HOSTrename</name>
         <load_address>0x11828380</load_address>
         <run_address>0x11828380</run_address>
         <size>0x180</size>
         <input_file_ref idref="fl-3e"/>
      </object_component>
      <object_component id="oc-150">
         <name>.text:_malloc</name>
         <load_address>0x11828500</load_address>
         <run_address>0x11828500</run_address>
         <size>0x180</size>
         <input_file_ref idref="fl-46"/>
      </object_component>
      <object_component id="oc-130">
         <name>.text:_ldexp</name>
         <load_address>0x11828680</load_address>
         <run_address>0x11828680</run_address>
         <size>0x160</size>
         <input_file_ref idref="fl-36"/>
      </object_component>
      <object_component id="oc-136">
         <name>.text:__pproc_fflags</name>
         <load_address>0x118287e0</load_address>
         <run_address>0x118287e0</run_address>
         <size>0x140</size>
         <input_file_ref idref="fl-24"/>
      </object_component>
      <object_component id="oc-168">
         <name>.text:_getdevice</name>
         <load_address>0x11828920</load_address>
         <run_address>0x11828920</run_address>
         <size>0x140</size>
         <input_file_ref idref="fl-38"/>
      </object_component>
      <object_component id="oc-15a">
         <name>.text:__closefile</name>
         <load_address>0x11828a60</load_address>
         <run_address>0x11828a60</run_address>
         <size>0x120</size>
         <input_file_ref idref="fl-47"/>
      </object_component>
      <object_component id="oc-14d">
         <name>.text:__ltostr</name>
         <load_address>0x11828b80</load_address>
         <run_address>0x11828b80</run_address>
         <size>0x120</size>
         <input_file_ref idref="fl-24"/>
      </object_component>
      <object_component id="oc-12f">
         <name>.text:_frexp</name>
         <load_address>0x11828ca0</load_address>
         <run_address>0x11828ca0</run_address>
         <size>0x120</size>
         <input_file_ref idref="fl-32"/>
      </object_component>
      <object_component id="oc-143">
         <name>.text:_fseek</name>
         <load_address>0x11828dc0</load_address>
         <run_address>0x11828dc0</run_address>
         <size>0x120</size>
         <input_file_ref idref="fl-43"/>
      </object_component>
      <object_component id="oc-10e">
         <name>.text:_HOSTlseek</name>
         <load_address>0x11828ee0</load_address>
         <run_address>0x11828ee0</run_address>
         <size>0x100</size>
         <input_file_ref idref="fl-3e"/>
      </object_component>
      <object_component id="oc-13b">
         <name>.text:__wrt_ok</name>
         <load_address>0x11828fe0</load_address>
         <run_address>0x11828fe0</run_address>
         <size>0x100</size>
         <input_file_ref idref="fl-40"/>
      </object_component>
      <object_component id="oc-122">
         <name>.text:_sqrt</name>
         <load_address>0x118290e0</load_address>
         <run_address>0x118290e0</run_address>
         <size>0x100</size>
         <input_file_ref idref="fl-21"/>
      </object_component>
      <object_component id="oc-10a">
         <name>.text:_HOSTopen</name>
         <load_address>0x118291e0</load_address>
         <run_address>0x118291e0</run_address>
         <size>0xe0</size>
         <input_file_ref idref="fl-3e"/>
      </object_component>
      <object_component id="oc-11f">
         <name>.text:__divi</name>
         <load_address>0x118292c0</load_address>
         <run_address>0x118292c0</run_address>
         <size>0xe0</size>
         <input_file_ref idref="fl-17"/>
      </object_component>
      <object_component id="oc-13f">
         <name>.text:_atoi</name>
         <load_address>0x118293a0</load_address>
         <run_address>0x118293a0</run_address>
         <size>0xe0</size>
         <input_file_ref idref="fl-26"/>
      </object_component>
      <object_component id="oc-161">
         <name>.text:_close</name>
         <load_address>0x11829480</load_address>
         <run_address>0x11829480</run_address>
         <size>0xe0</size>
         <input_file_ref idref="fl-38"/>
      </object_component>
      <object_component id="oc-13e">
         <name>.text:_memset</name>
         <load_address>0x11829560</load_address>
         <run_address>0x11829560</run_address>
         <size>0xe0</size>
         <input_file_ref idref="fl-3c"/>
      </object_component>
      <object_component id="oc-128">
         <name>.text:_printf</name>
         <load_address>0x11829640</load_address>
         <run_address>0x11829640</run_address>
         <size>0xe0</size>
         <input_file_ref idref="fl-1e"/>
      </object_component>
      <object_component id="oc-10c">
         <name>.text:_HOSTread</name>
         <load_address>0x11829720</load_address>
         <run_address>0x11829720</run_address>
         <size>0xc0</size>
         <input_file_ref idref="fl-3e"/>
      </object_component>
      <object_component id="oc-10f">
         <name>.text:_HOSTunlink</name>
         <load_address>0x118297e0</load_address>
         <run_address>0x118297e0</run_address>
         <size>0xc0</size>
         <input_file_ref idref="fl-3e"/>
      </object_component>
      <object_component id="oc-10d">
         <name>.text:_HOSTwrite</name>
         <load_address>0x118298a0</load_address>
         <run_address>0x118298a0</run_address>
         <size>0xc0</size>
         <input_file_ref idref="fl-3e"/>
      </object_component>
      <object_component id="oc-105">
         <name>.text:__auto_init</name>
         <load_address>0x11829960</load_address>
         <run_address>0x11829960</run_address>
         <size>0xc0</size>
         <input_file_ref idref="fl-27"/>
      </object_component>
      <object_component id="oc-157">
         <name>.text:__div</name>
         <load_address>0x11829a20</load_address>
         <run_address>0x11829a20</run_address>
         <size>0xc0</size>
         <input_file_ref idref="fl-24"/>
      </object_component>
      <object_component id="oc-15e">
         <name>.text:__divu</name>
         <load_address>0x11829ae0</load_address>
         <run_address>0x11829ae0</run_address>
         <size>0xc0</size>
         <input_file_ref idref="fl-2c"/>
      </object_component>
      <object_component id="oc-13c">
         <name>.text:__doflush</name>
         <load_address>0x11829ba0</load_address>
         <run_address>0x11829ba0</run_address>
         <size>0xc0</size>
         <input_file_ref idref="fl-42"/>
      </object_component>
      <object_component id="oc-107">
         <name>.text:_exit</name>
         <load_address>0x11829c60</load_address>
         <run_address>0x11829c60</run_address>
         <size>0xc0</size>
         <input_file_ref idref="fl-18"/>
      </object_component>
      <object_component id="oc-15c">
         <name>.text:_ltoa</name>
         <load_address>0x11829d20</load_address>
         <run_address>0x11829d20</run_address>
         <size>0xc0</size>
         <input_file_ref idref="fl-39"/>
      </object_component>
      <object_component id="oc-10b">
         <name>.text:_HOSTclose</name>
         <load_address>0x11829de0</load_address>
         <run_address>0x11829de0</run_address>
         <size>0xa0</size>
         <input_file_ref idref="fl-3e"/>
      </object_component>
      <object_component id="oc-151">
         <name>.text:__cleanup</name>
         <load_address>0x11829e80</load_address>
         <run_address>0x11829e80</run_address>
         <size>0xa0</size>
         <input_file_ref idref="fl-45"/>
      </object_component>
      <object_component id="oc-164">
         <name>.text:__divli</name>
         <load_address>0x11829f20</load_address>
         <run_address>0x11829f20</run_address>
         <size>0xa0</size>
         <input_file_ref idref="fl-33"/>
      </object_component>
      <object_component id="oc-153">
         <name>.text:__ecpy</name>
         <load_address>0x11829fc0</load_address>
         <run_address>0x11829fc0</run_address>
         <size>0xa0</size>
         <input_file_ref idref="fl-24"/>
      </object_component>
      <object_component id="oc-156">
         <name>.text:__fcpy</name>
         <load_address>0x1182a060</load_address>
         <run_address>0x1182a060</run_address>
         <size>0xa0</size>
         <input_file_ref idref="fl-24"/>
      </object_component>
      <object_component id="oc-15b">
         <name>.text:__fixdli</name>
         <load_address>0x1182a100</load_address>
         <run_address>0x1182a100</run_address>
         <size>0xa0</size>
         <input_file_ref idref="fl-2e"/>
      </object_component>
      <object_component id="oc-12d">
         <name>.text:__nround</name>
         <load_address>0x1182a1a0</load_address>
         <run_address>0x1182a1a0</run_address>
         <size>0xa0</size>
         <input_file_ref idref="fl-1f"/>
      </object_component>
      <object_component id="oc-149">
         <name>.text:__pconv_f</name>
         <load_address>0x1182a240</load_address>
         <run_address>0x1182a240</run_address>
         <size>0xa0</size>
         <input_file_ref idref="fl-24"/>
      </object_component>
      <object_component id="oc-111">
         <name>.text:_copy_in</name>
         <load_address>0x1182a2e0</load_address>
         <run_address>0x1182a2e0</run_address>
         <size>0xa0</size>
         <input_file_ref idref="fl-29"/>
      </object_component>
      <object_component id="oc-169">
         <name>.text:_finddevice</name>
         <load_address>0x1182a380</load_address>
         <run_address>0x1182a380</run_address>
         <size>0xa0</size>
         <input_file_ref idref="fl-38"/>
      </object_component>
      <object_component id="oc-14e">
         <name>.text:_lseek</name>
         <load_address>0x1182a420</load_address>
         <run_address>0x1182a420</run_address>
         <size>0xa0</size>
         <input_file_ref idref="fl-38"/>
      </object_component>
      <object_component id="oc-112">
         <name>.text:_memcpy</name>
         <load_address>0x1182a4c0</load_address>
         <run_address>0x1182a4c0</run_address>
         <size>0xa0</size>
         <input_file_ref idref="fl-3b"/>
      </object_component>
      <object_component id="oc-159">
         <name>.text:_minsert</name>
         <load_address>0x1182a560</load_address>
         <run_address>0x1182a560</run_address>
         <size>0xa0</size>
         <input_file_ref idref="fl-46"/>
      </object_component>
      <object_component id="oc-12e">
         <name>.text:_modf</name>
         <load_address>0x1182a600</load_address>
         <run_address>0x1182a600</run_address>
         <size>0xa0</size>
         <input_file_ref idref="fl-1c"/>
      </object_component>
      <object_component id="oc-158">
         <name>.text:_mremove</name>
         <load_address>0x1182a6a0</load_address>
         <run_address>0x1182a6a0</run_address>
         <size>0xa0</size>
         <input_file_ref idref="fl-46"/>
      </object_component>
      <object_component id="oc-13d">
         <name>.text:_write</name>
         <load_address>0x1182a740</load_address>
         <run_address>0x1182a740</run_address>
         <size>0xa0</size>
         <input_file_ref idref="fl-38"/>
      </object_component>
      <object_component id="oc-15d">
         <name>.text:__fltlid</name>
         <load_address>0x1182a7e0</load_address>
         <run_address>0x1182a7e0</run_address>
         <size>0x80</size>
         <input_file_ref idref="fl-2f"/>
      </object_component>
      <object_component id="oc-165">
         <name>.text:__llshl</name>
         <load_address>0x1182a860</load_address>
         <run_address>0x1182a860</run_address>
         <size>0x80</size>
         <input_file_ref idref="fl-1a"/>
      </object_component>
      <object_component id="oc-e">
         <name>.text:_c_int00</name>
         <load_address>0x1182a8e0</load_address>
         <run_address>0x1182a8e0</run_address>
         <size>0x80</size>
         <input_file_ref idref="fl-13"/>
      </object_component>
      <object_component id="oc-11b">
         <name>.text:_readmsg</name>
         <load_address>0x1182a960</load_address>
         <run_address>0x1182a960</run_address>
         <size>0x80</size>
         <input_file_ref idref="fl-3f"/>
      </object_component>
      <object_component id="oc-167">
         <name>.text:_unlink</name>
         <load_address>0x1182a9e0</load_address>
         <run_address>0x1182a9e0</run_address>
         <size>0x80</size>
         <input_file_ref idref="fl-38"/>
      </object_component>
      <object_component id="oc-113">
         <name>.text:___TI_cpp_init</name>
         <load_address>0x1182aa60</load_address>
         <run_address>0x1182aa60</run_address>
         <size>0x60</size>
         <input_file_ref idref="fl-28"/>
      </object_component>
      <object_component id="oc-166">
         <name>.text:__subcull</name>
         <load_address>0x1182aac0</load_address>
         <run_address>0x1182aac0</run_address>
         <size>0x60</size>
         <input_file_ref idref="fl-34"/>
      </object_component>
      <object_component id="oc-142">
         <name>.text:_memccpy</name>
         <load_address>0x1182ab20</load_address>
         <run_address>0x1182ab20</run_address>
         <size>0x60</size>
         <input_file_ref idref="fl-3a"/>
      </object_component>
      <object_component id="oc-11a">
         <name>.text:_writemsg</name>
         <load_address>0x1182ab80</load_address>
         <run_address>0x1182ab80</run_address>
         <size>0x60</size>
         <input_file_ref idref="fl-3f"/>
      </object_component>
      <object_component id="oc-147">
         <name>.text:___isinf</name>
         <load_address>0x1182abe0</load_address>
         <run_address>0x1182abe0</run_address>
         <size>0x40</size>
         <input_file_ref idref="fl-35"/>
      </object_component>
      <object_component id="oc-146">
         <name>.text:___isnan</name>
         <load_address>0x1182ac20</load_address>
         <run_address>0x1182ac20</run_address>
         <size>0x40</size>
         <input_file_ref idref="fl-24"/>
      </object_component>
      <object_component id="oc-106">
         <name>.text:__args_main</name>
         <load_address>0x1182ac60</load_address>
         <run_address>0x1182ac60</run_address>
         <size>0x40</size>
         <input_file_ref idref="fl-25"/>
      </object_component>
      <object_component id="oc-12b">
         <name>.text:__frcmpyd_div</name>
         <load_address>0x1182aca0</load_address>
         <run_address>0x1182aca0</run_address>
         <size>0x40</size>
         <input_file_ref idref="fl-19"/>
      </object_component>
      <object_component id="oc-12a">
         <name>.text:__llshru</name>
         <load_address>0x1182ace0</load_address>
         <run_address>0x1182ace0</run_address>
         <size>0x40</size>
         <input_file_ref idref="fl-1a"/>
      </object_component>
      <object_component id="oc-163">
         <name>.text:__remli</name>
         <load_address>0x1182ad20</load_address>
         <run_address>0x1182ad20</run_address>
         <size>0x40</size>
         <input_file_ref idref="fl-33"/>
      </object_component>
      <object_component id="oc-123">
         <name>.text:_log10</name>
         <load_address>0x1182ad60</load_address>
         <run_address>0x1182ad60</run_address>
         <size>0x40</size>
         <input_file_ref idref="fl-1b"/>
      </object_component>
      <object_component id="oc-14c">
         <name>.text:__negll</name>
         <load_address>0x1182ada0</load_address>
         <run_address>0x1182ada0</run_address>
         <size>0x20</size>
         <input_file_ref idref="fl-3d"/>
      </object_component>
      <object_component id="oc-109">
         <name>.text:__nop</name>
         <load_address>0x1182adc0</load_address>
         <run_address>0x1182adc0</run_address>
         <size>0x20</size>
         <input_file_ref idref="fl-23"/>
      </object_component>
      <object_component id="oc-134">
         <name>.text:__outc</name>
         <load_address>0x1182ade0</load_address>
         <run_address>0x1182ade0</run_address>
         <size>0x20</size>
         <input_file_ref idref="fl-1e"/>
      </object_component>
      <object_component id="oc-132">
         <name>.text:__outs</name>
         <load_address>0x1182ae00</load_address>
         <run_address>0x1182ae00</run_address>
         <size>0x20</size>
         <input_file_ref idref="fl-1e"/>
      </object_component>
      <object_component id="oc-12c">
         <name>.text:__trunc</name>
         <load_address>0x1182ae20</load_address>
         <run_address>0x1182ae20</run_address>
         <size>0x20</size>
         <input_file_ref idref="fl-22"/>
      </object_component>
      <object_component id="oc-115">
         <name>.text:_abort</name>
         <load_address>0x1182ae40</load_address>
         <run_address>0x1182ae40</run_address>
         <size>0x20</size>
         <input_file_ref idref="fl-18"/>
      </object_component>
      <object_component id="oc-162">
         <name>.text:_remove</name>
         <load_address>0x1182ae60</load_address>
         <run_address>0x1182ae60</run_address>
         <size>0x20</size>
         <input_file_ref idref="fl-48"/>
      </object_component>
      <object_component id="oc-f">
         <name>.text</name>
         <load_address>0x1182ae80</load_address>
         <run_address>0x1182ae80</run_address>
         <size>0x20</size>
         <input_file_ref idref="fl-2"/>
      </object_component>
      <object_component id="oc-145">
         <name>.const:.string:__ctypes_</name>
         <load_address>0x1182bb18</load_address>
         <run_address>0x1182bb18</run_address>
         <size>0x101</size>
         <input_file_ref idref="fl-2a"/>
      </object_component>
      <object_component id="oc-b2">
         <name>.const:.string</name>
         <load_address>0x1182bc19</load_address>
         <run_address>0x1182bc19</run_address>
         <size>0x2</size>
         <input_file_ref idref="fl-31"/>
      </object_component>
      <object_component id="oc-127">
         <name>.const:_bitval_u32</name>
         <load_address>0x1182bc20</load_address>
         <run_address>0x1182bc20</run_address>
         <size>0x80</size>
         <input_file_ref idref="fl-10"/>
      </object_component>
      <object_component id="oc-1d">
         <name>.const:.string</name>
         <load_address>0x1182bca0</load_address>
         <run_address>0x1182bca0</run_address>
         <size>0x78</size>
         <input_file_ref idref="fl-4"/>
      </object_component>
      <object_component id="oc-3d">
         <name>.const:.string</name>
         <load_address>0x1182bd18</load_address>
         <run_address>0x1182bd18</run_address>
         <size>0x40</size>
         <input_file_ref idref="fl-10"/>
      </object_component>
      <object_component id="oc-89">
         <name>.const:.string</name>
         <load_address>0x1182bd58</load_address>
         <run_address>0x1182bd58</run_address>
         <size>0x23</size>
         <input_file_ref idref="fl-24"/>
      </object_component>
      <object_component id="oc-18">
         <name>.bss</name>
         <uninitialized>true</uninitialized>
         <run_address>0x1182bea0</run_address>
         <size>0x64</size>
         <input_file_ref idref="fl-4"/>
      </object_component>
      <object_component id="oc-29">
         <name>.bss</name>
         <uninitialized>true</uninitialized>
         <run_address>0x1182bf04</run_address>
         <size>0x1c</size>
         <input_file_ref idref="fl-7"/>
      </object_component>
      <object_component id="oc-45">
         <name>.bss</name>
         <uninitialized>true</uninitialized>
         <run_address>0x1182bf20</run_address>
         <size>0x4</size>
         <input_file_ref idref="fl-12"/>
      </object_component>
      <object_component id="oc-1b">
         <name>.far</name>
         <uninitialized>true</uninitialized>
         <run_address>0x11810000</run_address>
         <size>0xf038</size>
         <input_file_ref idref="fl-4"/>
      </object_component>
      <object_component id="oc-2c">
         <name>.far</name>
         <uninitialized>true</uninitialized>
         <run_address>0x1181f65c</run_address>
         <size>0x8</size>
         <input_file_ref idref="fl-7"/>
      </object_component>
      <object_component id="oc-50">
         <name>.far</name>
         <uninitialized>true</uninitialized>
         <run_address>0x1181f5a0</run_address>
         <size>0x40</size>
         <input_file_ref idref="fl-14"/>
      </object_component>
      <object_component id="oc-5e">
         <name>.far</name>
         <uninitialized>true</uninitialized>
         <run_address>0x1181f650</run_address>
         <size>0xc</size>
         <input_file_ref idref="fl-18"/>
      </object_component>
      <object_component id="oc-6f">
         <name>.far</name>
         <uninitialized>true</uninitialized>
         <run_address>0x1181f360</run_address>
         <size>0x120</size>
         <input_file_ref idref="fl-1d"/>
      </object_component>
      <object_component id="oc-7a">
         <name>.far</name>
         <uninitialized>true</uninitialized>
         <run_address>0x1181f5e0</run_address>
         <size>0x40</size>
         <input_file_ref idref="fl-20"/>
      </object_component>
      <object_component id="oc-85">
         <name>.far</name>
         <uninitialized>true</uninitialized>
         <run_address>0x1181f664</run_address>
         <size>0x8</size>
         <input_file_ref idref="fl-23"/>
      </object_component>
      <object_component id="oc-9f">
         <name>.far</name>
         <uninitialized>true</uninitialized>
         <run_address>0x1181f038</run_address>
         <size>0x324</size>
         <input_file_ref idref="fl-2b"/>
      </object_component>
      <object_component id="oc-a6">
         <name>.far</name>
         <uninitialized>true</uninitialized>
         <run_address>0x1181f35c</run_address>
         <size>0x4</size>
         <input_file_ref idref="fl-2d"/>
      </object_component>
      <object_component id="oc-c6">
         <name>.far</name>
         <uninitialized>true</uninitialized>
         <run_address>0x1181f620</run_address>
         <size>0x30</size>
         <input_file_ref idref="fl-37"/>
      </object_component>
      <object_component id="oc-cb">
         <name>.far</name>
         <uninitialized>true</uninitialized>
         <run_address>0x1181f480</run_address>
         <size>0x11c</size>
         <input_file_ref idref="fl-38"/>
      </object_component>
      <object_component id="oc-de">
         <name>.far</name>
         <uninitialized>true</uninitialized>
         <run_address>0x1181f678</run_address>
         <size>0x8</size>
         <input_file_ref idref="fl-3e"/>
      </object_component>
      <object_component id="oc-f6">
         <name>.far</name>
         <uninitialized>true</uninitialized>
         <run_address>0x1181f59c</run_address>
         <size>0x4</size>
         <input_file_ref idref="fl-45"/>
      </object_component>
      <object_component id="oc-fb">
         <name>.far</name>
         <uninitialized>true</uninitialized>
         <run_address>0x1181f66c</run_address>
         <size>0x8</size>
         <input_file_ref idref="fl-46"/>
      </object_component>
      <object_component id="oc-126">
         <name>.switch:_getRegisterBankAndBit</name>
         <load_address>0x1182bf24</load_address>
         <run_address>0x1182bf24</run_address>
         <size>0x24</size>
         <input_file_ref idref="fl-e"/>
      </object_component>
      <object_component id="oc-124">
         <name>.switch:_main</name>
         <load_address>0x1182bf48</load_address>
         <run_address>0x1182bf48</run_address>
         <size>0x20</size>
         <input_file_ref idref="fl-4"/>
      </object_component>
      <object_component id="oc-4b">
         <name>.stack</name>
         <uninitialized>true</uninitialized>
         <run_address>0x1182aea0</run_address>
         <size>0x8</size>
         <input_file_ref idref="fl-13"/>
      </object_component>
      <object_component id="oc-17f">
         <name>.stack</name>
         <uninitialized>true</uninitialized>
         <run_address>0x1182aea0</run_address>
         <size>0x0</size>
      </object_component>
      <object_component id="oc-6e">
         <name>.cinit</name>
         <load_address>0x1182b6a0</load_address>
         <run_address>0x1182b6a0</run_address>
         <size>0x140</size>
         <input_file_ref idref="fl-1d"/>
      </object_component>
      <object_component id="oc-1a">
         <name>.cinit</name>
         <load_address>0x1182b7e0</load_address>
         <run_address>0x1182b7e0</run_address>
         <size>0xcc</size>
         <input_file_ref idref="fl-4"/>
      </object_component>
      <object_component id="oc-9e">
         <name>.cinit</name>
         <load_address>0x1182b8b0</load_address>
         <run_address>0x1182b8b0</run_address>
         <size>0x5c</size>
         <input_file_ref idref="fl-2b"/>
      </object_component>
      <object_component id="oc-ca">
         <name>.cinit</name>
         <load_address>0x1182b910</load_address>
         <run_address>0x1182b910</run_address>
         <size>0x5c</size>
         <input_file_ref idref="fl-38"/>
      </object_component>
      <object_component id="oc-4f">
         <name>.cinit</name>
         <load_address>0x1182b970</load_address>
         <run_address>0x1182b970</run_address>
         <size>0x48</size>
         <input_file_ref idref="fl-14"/>
      </object_component>
      <object_component id="oc-79">
         <name>.cinit</name>
         <load_address>0x1182b9b8</load_address>
         <run_address>0x1182b9b8</run_address>
         <size>0x48</size>
         <input_file_ref idref="fl-20"/>
      </object_component>
      <object_component id="oc-c5">
         <name>.cinit</name>
         <load_address>0x1182ba00</load_address>
         <run_address>0x1182ba00</run_address>
         <size>0x40</size>
         <input_file_ref idref="fl-37"/>
      </object_component>
      <object_component id="oc-2b">
         <name>.cinit</name>
         <load_address>0x1182ba40</load_address>
         <run_address>0x1182ba40</run_address>
         <size>0x2c</size>
         <input_file_ref idref="fl-7"/>
      </object_component>
      <object_component id="oc-5d">
         <name>.cinit</name>
         <load_address>0x1182ba70</load_address>
         <run_address>0x1182ba70</run_address>
         <size>0x2c</size>
         <input_file_ref idref="fl-18"/>
      </object_component>
      <object_component id="oc-fa">
         <name>.cinit</name>
         <load_address>0x1182baa0</load_address>
         <run_address>0x1182baa0</run_address>
         <size>0x2c</size>
         <input_file_ref idref="fl-46"/>
      </object_component>
      <object_component id="oc-84">
         <name>.cinit</name>
         <load_address>0x1182bad0</load_address>
         <run_address>0x1182bad0</run_address>
         <size>0x1c</size>
         <input_file_ref idref="fl-23"/>
      </object_component>
      <object_component id="oc-a5">
         <name>.cinit</name>
         <load_address>0x1182baf0</load_address>
         <run_address>0x1182baf0</run_address>
         <size>0xc</size>
         <input_file_ref idref="fl-2d"/>
      </object_component>
      <object_component id="oc-f5">
         <name>.cinit</name>
         <load_address>0x1182bb00</load_address>
         <run_address>0x1182bb00</run_address>
         <size>0xc</size>
         <input_file_ref idref="fl-45"/>
      </object_component>
      <object_component id="oc-fc">
         <name>.sysmem</name>
         <uninitialized>true</uninitialized>
         <run_address>0x11800000</run_address>
         <size>0x8</size>
         <input_file_ref idref="fl-46"/>
      </object_component>
      <object_component id="oc-180">
         <name>.sysmem</name>
         <uninitialized>true</uninitialized>
         <run_address>0x11800000</run_address>
         <size>0x0</size>
      </object_component>
      <object_component id="oc-e2">
         <name>.cio</name>
         <uninitialized>true</uninitialized>
         <run_address>0x1182bd80</run_address>
         <size>0x120</size>
         <input_file_ref idref="fl-3f"/>
      </object_component>
      <object_component id="oc-10">
         <name>.vecs</name>
         <load_address>0x1182c000</load_address>
         <run_address>0x1182c000</run_address>
         <size>0x200</size>
         <input_file_ref idref="fl-2"/>
      </object_component>
      <object_component id="oc-11">
         <name>.debug_info</name>
         <load_address>0x0</load_address>
         <run_address>0x0</run_address>
         <size>0xf1</size>
         <input_file_ref idref="fl-2"/>
      </object_component>
      <object_component id="oc-14">
         <name>.debug_info</name>
         <load_address>0xf1</load_address>
         <run_address>0xf1</run_address>
         <size>0x5c6</size>
         <input_file_ref idref="fl-3"/>
      </object_component>
      <object_component id="oc-19">
         <name>.debug_info</name>
         <load_address>0x6b7</load_address>
         <run_address>0x6b7</run_address>
         <size>0x1b73</size>
         <input_file_ref idref="fl-4"/>
      </object_component>
      <object_component id="oc-21">
         <name>.debug_info</name>
         <load_address>0x222a</load_address>
         <run_address>0x222a</run_address>
         <size>0x5c2</size>
         <input_file_ref idref="fl-5"/>
      </object_component>
      <object_component id="oc-25">
         <name>.debug_info</name>
         <load_address>0x27ec</load_address>
         <run_address>0x27ec</run_address>
         <size>0x69c</size>
         <input_file_ref idref="fl-6"/>
      </object_component>
      <object_component id="oc-2a">
         <name>.debug_info</name>
         <load_address>0x2e88</load_address>
         <run_address>0x2e88</run_address>
         <size>0x3b6a</size>
         <input_file_ref idref="fl-7"/>
      </object_component>
      <object_component id="oc-30">
         <name>.debug_info</name>
         <load_address>0x69f2</load_address>
         <run_address>0x69f2</run_address>
         <size>0xb66</size>
         <input_file_ref idref="fl-d"/>
      </object_component>
      <object_component id="oc-34">
         <name>.debug_info</name>
         <load_address>0x7558</load_address>
         <run_address>0x7558</run_address>
         <size>0x103b</size>
         <input_file_ref idref="fl-e"/>
      </object_component>
      <object_component id="oc-38">
         <name>.debug_info</name>
         <load_address>0x8593</load_address>
         <run_address>0x8593</run_address>
         <size>0xf0d</size>
         <input_file_ref idref="fl-f"/>
      </object_component>
      <object_component id="oc-3c">
         <name>.debug_info</name>
         <load_address>0x94a0</load_address>
         <run_address>0x94a0</run_address>
         <size>0x27ab</size>
         <input_file_ref idref="fl-10"/>
      </object_component>
      <object_component id="oc-41">
         <name>.debug_info</name>
         <load_address>0xbc4b</load_address>
         <run_address>0xbc4b</run_address>
         <size>0xf63</size>
         <input_file_ref idref="fl-11"/>
      </object_component>
      <object_component id="oc-46">
         <name>.debug_info</name>
         <load_address>0xcbae</load_address>
         <run_address>0xcbae</run_address>
         <size>0x1400</size>
         <input_file_ref idref="fl-12"/>
      </object_component>
      <object_component id="oc-4a">
         <name>.debug_info</name>
         <load_address>0xdfae</load_address>
         <run_address>0xdfae</run_address>
         <size>0x6f2</size>
         <input_file_ref idref="fl-13"/>
      </object_component>
      <object_component id="oc-4e">
         <name>.debug_info</name>
         <load_address>0xe6a0</load_address>
         <run_address>0xe6a0</run_address>
         <size>0x6e4</size>
         <input_file_ref idref="fl-14"/>
      </object_component>
      <object_component id="oc-53">
         <name>.debug_info</name>
         <load_address>0xed84</load_address>
         <run_address>0xed84</run_address>
         <size>0x96a</size>
         <input_file_ref idref="fl-15"/>
      </object_component>
      <object_component id="oc-56">
         <name>.debug_info</name>
         <load_address>0xf6ee</load_address>
         <run_address>0xf6ee</run_address>
         <size>0x8b5</size>
         <input_file_ref idref="fl-16"/>
      </object_component>
      <object_component id="oc-59">
         <name>.debug_info</name>
         <load_address>0xffa3</load_address>
         <run_address>0xffa3</run_address>
         <size>0xbd</size>
         <input_file_ref idref="fl-17"/>
      </object_component>
      <object_component id="oc-5c">
         <name>.debug_info</name>
         <load_address>0x10060</load_address>
         <run_address>0x10060</run_address>
         <size>0x7bf</size>
         <input_file_ref idref="fl-18"/>
      </object_component>
      <object_component id="oc-61">
         <name>.debug_info</name>
         <load_address>0x1081f</load_address>
         <run_address>0x1081f</run_address>
         <size>0x653</size>
         <input_file_ref idref="fl-19"/>
      </object_component>
      <object_component id="oc-64">
         <name>.debug_info</name>
         <load_address>0x10e72</load_address>
         <run_address>0x10e72</run_address>
         <size>0x6e8</size>
         <input_file_ref idref="fl-1a"/>
      </object_component>
      <object_component id="oc-67">
         <name>.debug_info</name>
         <load_address>0x1155a</load_address>
         <run_address>0x1155a</run_address>
         <size>0x628</size>
         <input_file_ref idref="fl-1b"/>
      </object_component>
      <object_component id="oc-6a">
         <name>.debug_info</name>
         <load_address>0x11b82</load_address>
         <run_address>0x11b82</run_address>
         <size>0x667</size>
         <input_file_ref idref="fl-1c"/>
      </object_component>
      <object_component id="oc-6d">
         <name>.debug_info</name>
         <load_address>0x121e9</load_address>
         <run_address>0x121e9</run_address>
         <size>0x86c</size>
         <input_file_ref idref="fl-1d"/>
      </object_component>
      <object_component id="oc-72">
         <name>.debug_info</name>
         <load_address>0x12a55</load_address>
         <run_address>0x12a55</run_address>
         <size>0x8e9</size>
         <input_file_ref idref="fl-1e"/>
      </object_component>
      <object_component id="oc-75">
         <name>.debug_info</name>
         <load_address>0x1333e</load_address>
         <run_address>0x1333e</run_address>
         <size>0x63a</size>
         <input_file_ref idref="fl-1f"/>
      </object_component>
      <object_component id="oc-78">
         <name>.debug_info</name>
         <load_address>0x13978</load_address>
         <run_address>0x13978</run_address>
         <size>0x6e4</size>
         <input_file_ref idref="fl-20"/>
      </object_component>
      <object_component id="oc-7d">
         <name>.debug_info</name>
         <load_address>0x1405c</load_address>
         <run_address>0x1405c</run_address>
         <size>0x85c</size>
         <input_file_ref idref="fl-21"/>
      </object_component>
      <object_component id="oc-80">
         <name>.debug_info</name>
         <load_address>0x148b8</load_address>
         <run_address>0x148b8</run_address>
         <size>0x638</size>
         <input_file_ref idref="fl-22"/>
      </object_component>
      <object_component id="oc-83">
         <name>.debug_info</name>
         <load_address>0x14ef0</load_address>
         <run_address>0x14ef0</run_address>
         <size>0x633</size>
         <input_file_ref idref="fl-23"/>
      </object_component>
      <object_component id="oc-88">
         <name>.debug_info</name>
         <load_address>0x15523</load_address>
         <run_address>0x15523</run_address>
         <size>0x2674</size>
         <input_file_ref idref="fl-24"/>
      </object_component>
      <object_component id="oc-8c">
         <name>.debug_info</name>
         <load_address>0x17b97</load_address>
         <run_address>0x17b97</run_address>
         <size>0x6c8</size>
         <input_file_ref idref="fl-25"/>
      </object_component>
      <object_component id="oc-8f">
         <name>.debug_info</name>
         <load_address>0x1825f</load_address>
         <run_address>0x1825f</run_address>
         <size>0x6d5</size>
         <input_file_ref idref="fl-26"/>
      </object_component>
      <object_component id="oc-92">
         <name>.debug_info</name>
         <load_address>0x18934</load_address>
         <run_address>0x18934</run_address>
         <size>0x83e</size>
         <input_file_ref idref="fl-27"/>
      </object_component>
      <object_component id="oc-95">
         <name>.debug_info</name>
         <load_address>0x19172</load_address>
         <run_address>0x19172</run_address>
         <size>0x6b6</size>
         <input_file_ref idref="fl-28"/>
      </object_component>
      <object_component id="oc-98">
         <name>.debug_info</name>
         <load_address>0x19828</load_address>
         <run_address>0x19828</run_address>
         <size>0x7ac</size>
         <input_file_ref idref="fl-29"/>
      </object_component>
      <object_component id="oc-9b">
         <name>.debug_info</name>
         <load_address>0x19fd4</load_address>
         <run_address>0x19fd4</run_address>
         <size>0x5e1</size>
         <input_file_ref idref="fl-2a"/>
      </object_component>
      <object_component id="oc-9d">
         <name>.debug_info</name>
         <load_address>0x1a5b5</load_address>
         <run_address>0x1a5b5</run_address>
         <size>0x6ce</size>
         <input_file_ref idref="fl-2b"/>
      </object_component>
      <object_component id="oc-a1">
         <name>.debug_info</name>
         <load_address>0x1ac83</load_address>
         <run_address>0x1ac83</run_address>
         <size>0xbd</size>
         <input_file_ref idref="fl-2c"/>
      </object_component>
      <object_component id="oc-a4">
         <name>.debug_info</name>
         <load_address>0x1ad40</load_address>
         <run_address>0x1ad40</run_address>
         <size>0x5c9</size>
         <input_file_ref idref="fl-2d"/>
      </object_component>
      <object_component id="oc-a8">
         <name>.debug_info</name>
         <load_address>0x1b309</load_address>
         <run_address>0x1b309</run_address>
         <size>0x67e</size>
         <input_file_ref idref="fl-2e"/>
      </object_component>
      <object_component id="oc-ab">
         <name>.debug_info</name>
         <load_address>0x1b987</load_address>
         <run_address>0x1b987</run_address>
         <size>0x697</size>
         <input_file_ref idref="fl-2f"/>
      </object_component>
      <object_component id="oc-ae">
         <name>.debug_info</name>
         <load_address>0x1c01e</load_address>
         <run_address>0x1c01e</run_address>
         <size>0x811</size>
         <input_file_ref idref="fl-30"/>
      </object_component>
      <object_component id="oc-b1">
         <name>.debug_info</name>
         <load_address>0x1c82f</load_address>
         <run_address>0x1c82f</run_address>
         <size>0xa9d</size>
         <input_file_ref idref="fl-31"/>
      </object_component>
      <object_component id="oc-b5">
         <name>.debug_info</name>
         <load_address>0x1d2cc</load_address>
         <run_address>0x1d2cc</run_address>
         <size>0x682</size>
         <input_file_ref idref="fl-32"/>
      </object_component>
      <object_component id="oc-b8">
         <name>.debug_info</name>
         <load_address>0x1d94e</load_address>
         <run_address>0x1d94e</run_address>
         <size>0x78a</size>
         <input_file_ref idref="fl-33"/>
      </object_component>
      <object_component id="oc-bb">
         <name>.debug_info</name>
         <load_address>0x1e0d8</load_address>
         <run_address>0x1e0d8</run_address>
         <size>0x785</size>
         <input_file_ref idref="fl-34"/>
      </object_component>
      <object_component id="oc-be">
         <name>.debug_info</name>
         <load_address>0x1e85d</load_address>
         <run_address>0x1e85d</run_address>
         <size>0x7fd</size>
         <input_file_ref idref="fl-35"/>
      </object_component>
      <object_component id="oc-c1">
         <name>.debug_info</name>
         <load_address>0x1f05a</load_address>
         <run_address>0x1f05a</run_address>
         <size>0x67e</size>
         <input_file_ref idref="fl-36"/>
      </object_component>
      <object_component id="oc-c4">
         <name>.debug_info</name>
         <load_address>0x1f6d8</load_address>
         <run_address>0x1f6d8</run_address>
         <size>0x663</size>
         <input_file_ref idref="fl-37"/>
      </object_component>
      <object_component id="oc-c9">
         <name>.debug_info</name>
         <load_address>0x1fd3b</load_address>
         <run_address>0x1fd3b</run_address>
         <size>0xe70</size>
         <input_file_ref idref="fl-38"/>
      </object_component>
      <object_component id="oc-ce">
         <name>.debug_info</name>
         <load_address>0x20bab</load_address>
         <run_address>0x20bab</run_address>
         <size>0x716</size>
         <input_file_ref idref="fl-39"/>
      </object_component>
      <object_component id="oc-d1">
         <name>.debug_info</name>
         <load_address>0x212c1</load_address>
         <run_address>0x212c1</run_address>
         <size>0x6b9</size>
         <input_file_ref idref="fl-3a"/>
      </object_component>
      <object_component id="oc-d4">
         <name>.debug_info</name>
         <load_address>0x2197a</load_address>
         <run_address>0x2197a</run_address>
         <size>0xcc</size>
         <input_file_ref idref="fl-3b"/>
      </object_component>
      <object_component id="oc-d7">
         <name>.debug_info</name>
         <load_address>0x21a46</load_address>
         <run_address>0x21a46</run_address>
         <size>0x79d</size>
         <input_file_ref idref="fl-3c"/>
      </object_component>
      <object_component id="oc-da">
         <name>.debug_info</name>
         <load_address>0x221e3</load_address>
         <run_address>0x221e3</run_address>
         <size>0x5ff</size>
         <input_file_ref idref="fl-3d"/>
      </object_component>
      <object_component id="oc-dd">
         <name>.debug_info</name>
         <load_address>0x227e2</load_address>
         <run_address>0x227e2</run_address>
         <size>0xdc3</size>
         <input_file_ref idref="fl-3e"/>
      </object_component>
      <object_component id="oc-e1">
         <name>.debug_info</name>
         <load_address>0x235a5</load_address>
         <run_address>0x235a5</run_address>
         <size>0x850</size>
         <input_file_ref idref="fl-3f"/>
      </object_component>
      <object_component id="oc-e5">
         <name>.debug_info</name>
         <load_address>0x23df5</load_address>
         <run_address>0x23df5</run_address>
         <size>0x741</size>
         <input_file_ref idref="fl-40"/>
      </object_component>
      <object_component id="oc-e8">
         <name>.debug_info</name>
         <load_address>0x24536</load_address>
         <run_address>0x24536</run_address>
         <size>0x5b3</size>
         <input_file_ref idref="fl-41"/>
      </object_component>
      <object_component id="oc-eb">
         <name>.debug_info</name>
         <load_address>0x24ae9</load_address>
         <run_address>0x24ae9</run_address>
         <size>0x768</size>
         <input_file_ref idref="fl-42"/>
      </object_component>
      <object_component id="oc-ee">
         <name>.debug_info</name>
         <load_address>0x25251</load_address>
         <run_address>0x25251</run_address>
         <size>0x7a0</size>
         <input_file_ref idref="fl-43"/>
      </object_component>
      <object_component id="oc-f1">
         <name>.debug_info</name>
         <load_address>0x259f1</load_address>
         <run_address>0x259f1</run_address>
         <size>0x7f3</size>
         <input_file_ref idref="fl-44"/>
      </object_component>
      <object_component id="oc-f4">
         <name>.debug_info</name>
         <load_address>0x261e4</load_address>
         <run_address>0x261e4</run_address>
         <size>0x852</size>
         <input_file_ref idref="fl-45"/>
      </object_component>
      <object_component id="oc-f9">
         <name>.debug_info</name>
         <load_address>0x26a36</load_address>
         <run_address>0x26a36</run_address>
         <size>0xabf</size>
         <input_file_ref idref="fl-46"/>
      </object_component>
      <object_component id="oc-ff">
         <name>.debug_info</name>
         <load_address>0x274f5</load_address>
         <run_address>0x274f5</run_address>
         <size>0x7ed</size>
         <input_file_ref idref="fl-47"/>
      </object_component>
      <object_component id="oc-102">
         <name>.debug_info</name>
         <load_address>0x27ce2</load_address>
         <run_address>0x27ce2</run_address>
         <size>0x64b</size>
         <input_file_ref idref="fl-48"/>
      </object_component>
      <object_component id="oc-181">
         <name>.debug_info</name>
         <load_address>0x2832d</load_address>
         <run_address>0x2832d</run_address>
         <size>0x6d</size>
      </object_component>
      <object_component id="oc-12">
         <name>.debug_line</name>
         <load_address>0x0</load_address>
         <run_address>0x0</run_address>
         <size>0xcd</size>
         <input_file_ref idref="fl-2"/>
      </object_component>
      <object_component id="oc-16">
         <name>.debug_line</name>
         <load_address>0xcd</load_address>
         <run_address>0xcd</run_address>
         <size>0x26</size>
         <input_file_ref idref="fl-3"/>
      </object_component>
      <object_component id="oc-1f">
         <name>.debug_line</name>
         <load_address>0xf3</load_address>
         <run_address>0xf3</run_address>
         <size>0x38a</size>
         <input_file_ref idref="fl-4"/>
      </object_component>
      <object_component id="oc-23">
         <name>.debug_line</name>
         <load_address>0x47d</load_address>
         <run_address>0x47d</run_address>
         <size>0x27</size>
         <input_file_ref idref="fl-5"/>
      </object_component>
      <object_component id="oc-27">
         <name>.debug_line</name>
         <load_address>0x4a4</load_address>
         <run_address>0x4a4</run_address>
         <size>0x37</size>
         <input_file_ref idref="fl-6"/>
      </object_component>
      <object_component id="oc-2e">
         <name>.debug_line</name>
         <load_address>0x4db</load_address>
         <run_address>0x4db</run_address>
         <size>0x601</size>
         <input_file_ref idref="fl-7"/>
      </object_component>
      <object_component id="oc-32">
         <name>.debug_line</name>
         <load_address>0xadc</load_address>
         <run_address>0xadc</run_address>
         <size>0xd8</size>
         <input_file_ref idref="fl-d"/>
      </object_component>
      <object_component id="oc-36">
         <name>.debug_line</name>
         <load_address>0xbb4</load_address>
         <run_address>0xbb4</run_address>
         <size>0x1ba</size>
         <input_file_ref idref="fl-e"/>
      </object_component>
      <object_component id="oc-3a">
         <name>.debug_line</name>
         <load_address>0xd6e</load_address>
         <run_address>0xd6e</run_address>
         <size>0xad</size>
         <input_file_ref idref="fl-f"/>
      </object_component>
      <object_component id="oc-3f">
         <name>.debug_line</name>
         <load_address>0xe1b</load_address>
         <run_address>0xe1b</run_address>
         <size>0x2d8</size>
         <input_file_ref idref="fl-10"/>
      </object_component>
      <object_component id="oc-43">
         <name>.debug_line</name>
         <load_address>0x10f3</load_address>
         <run_address>0x10f3</run_address>
         <size>0x169</size>
         <input_file_ref idref="fl-11"/>
      </object_component>
      <object_component id="oc-48">
         <name>.debug_line</name>
         <load_address>0x125c</load_address>
         <run_address>0x125c</run_address>
         <size>0x143</size>
         <input_file_ref idref="fl-12"/>
      </object_component>
      <object_component id="oc-4c">
         <name>.debug_line</name>
         <load_address>0x139f</load_address>
         <run_address>0x139f</run_address>
         <size>0x3d</size>
         <input_file_ref idref="fl-13"/>
      </object_component>
      <object_component id="oc-51">
         <name>.debug_line</name>
         <load_address>0x13dc</load_address>
         <run_address>0x13dc</run_address>
         <size>0x54</size>
         <input_file_ref idref="fl-14"/>
      </object_component>
      <object_component id="oc-54">
         <name>.debug_line</name>
         <load_address>0x1430</load_address>
         <run_address>0x1430</run_address>
         <size>0x3c</size>
         <input_file_ref idref="fl-15"/>
      </object_component>
      <object_component id="oc-57">
         <name>.debug_line</name>
         <load_address>0x146c</load_address>
         <run_address>0x146c</run_address>
         <size>0x3c</size>
         <input_file_ref idref="fl-16"/>
      </object_component>
      <object_component id="oc-5a">
         <name>.debug_line</name>
         <load_address>0x14a8</load_address>
         <run_address>0x14a8</run_address>
         <size>0x45</size>
         <input_file_ref idref="fl-17"/>
      </object_component>
      <object_component id="oc-5f">
         <name>.debug_line</name>
         <load_address>0x14ed</load_address>
         <run_address>0x14ed</run_address>
         <size>0x4f</size>
         <input_file_ref idref="fl-18"/>
      </object_component>
      <object_component id="oc-62">
         <name>.debug_line</name>
         <load_address>0x153c</load_address>
         <run_address>0x153c</run_address>
         <size>0x3e</size>
         <input_file_ref idref="fl-19"/>
      </object_component>
      <object_component id="oc-65">
         <name>.debug_line</name>
         <load_address>0x157a</load_address>
         <run_address>0x157a</run_address>
         <size>0x56</size>
         <input_file_ref idref="fl-1a"/>
      </object_component>
      <object_component id="oc-68">
         <name>.debug_line</name>
         <load_address>0x15d0</load_address>
         <run_address>0x15d0</run_address>
         <size>0x38</size>
         <input_file_ref idref="fl-1b"/>
      </object_component>
      <object_component id="oc-6b">
         <name>.debug_line</name>
         <load_address>0x1608</load_address>
         <run_address>0x1608</run_address>
         <size>0x37</size>
         <input_file_ref idref="fl-1c"/>
      </object_component>
      <object_component id="oc-70">
         <name>.debug_line</name>
         <load_address>0x163f</load_address>
         <run_address>0x163f</run_address>
         <size>0x5c</size>
         <input_file_ref idref="fl-1d"/>
      </object_component>
      <object_component id="oc-73">
         <name>.debug_line</name>
         <load_address>0x169b</load_address>
         <run_address>0x169b</run_address>
         <size>0x6a</size>
         <input_file_ref idref="fl-1e"/>
      </object_component>
      <object_component id="oc-76">
         <name>.debug_line</name>
         <load_address>0x1705</load_address>
         <run_address>0x1705</run_address>
         <size>0x38</size>
         <input_file_ref idref="fl-1f"/>
      </object_component>
      <object_component id="oc-7b">
         <name>.debug_line</name>
         <load_address>0x173d</load_address>
         <run_address>0x173d</run_address>
         <size>0x50</size>
         <input_file_ref idref="fl-20"/>
      </object_component>
      <object_component id="oc-7e">
         <name>.debug_line</name>
         <load_address>0x178d</load_address>
         <run_address>0x178d</run_address>
         <size>0x68</size>
         <input_file_ref idref="fl-21"/>
      </object_component>
      <object_component id="oc-81">
         <name>.debug_line</name>
         <load_address>0x17f5</load_address>
         <run_address>0x17f5</run_address>
         <size>0x38</size>
         <input_file_ref idref="fl-22"/>
      </object_component>
      <object_component id="oc-86">
         <name>.debug_line</name>
         <load_address>0x182d</load_address>
         <run_address>0x182d</run_address>
         <size>0x35</size>
         <input_file_ref idref="fl-23"/>
      </object_component>
      <object_component id="oc-8a">
         <name>.debug_line</name>
         <load_address>0x1862</load_address>
         <run_address>0x1862</run_address>
         <size>0x31a</size>
         <input_file_ref idref="fl-24"/>
      </object_component>
      <object_component id="oc-8d">
         <name>.debug_line</name>
         <load_address>0x1b7c</load_address>
         <run_address>0x1b7c</run_address>
         <size>0x3f</size>
         <input_file_ref idref="fl-25"/>
      </object_component>
      <object_component id="oc-90">
         <name>.debug_line</name>
         <load_address>0x1bbb</load_address>
         <run_address>0x1bbb</run_address>
         <size>0x45</size>
         <input_file_ref idref="fl-26"/>
      </object_component>
      <object_component id="oc-93">
         <name>.debug_line</name>
         <load_address>0x1c00</load_address>
         <run_address>0x1c00</run_address>
         <size>0x49</size>
         <input_file_ref idref="fl-27"/>
      </object_component>
      <object_component id="oc-96">
         <name>.debug_line</name>
         <load_address>0x1c49</load_address>
         <run_address>0x1c49</run_address>
         <size>0x45</size>
         <input_file_ref idref="fl-28"/>
      </object_component>
      <object_component id="oc-99">
         <name>.debug_line</name>
         <load_address>0x1c8e</load_address>
         <run_address>0x1c8e</run_address>
         <size>0x44</size>
         <input_file_ref idref="fl-29"/>
      </object_component>
      <object_component id="oc-a2">
         <name>.debug_line</name>
         <load_address>0x1cd2</load_address>
         <run_address>0x1cd2</run_address>
         <size>0x44</size>
[...]
         <name>_L138_initialise_intr</name>
         <value>0x1182092c</value>
         <object_component_ref idref="oc-108"/>
      </symbol>
      <symbol id="sm-2bd">
         <name>_input_sample</name>
         <value>0x1181f7d0</value>
         <object_component_ref idref="oc-108"/>
      </symbol>
      <symbol id="sm-2be">
         <name>_output_right_sample</name>
         <value>0x1181f760</value>
         <object_component_ref idref="oc-108"/>
      </symbol>
      <symbol id="sm-2bf">
         <name>_pongIN</name>
         <value>0x1182bf10</value>
         <object_component_ref idref="oc-29"/>
      </symbol>
      <symbol id="sm-2c0">
         <name>_pongOUT</name>
         <value>0x1182bf14</value>
         <object_component_ref idref="oc-29"/>
      </symbol>
      <symbol id="sm-2c1">
         <name>_pingOUT</name>
         <value>0x1182bf0c</value>
         <object_component_ref idref="oc-29"/>
      </symbol>
      <symbol id="sm-2c2">
         <name>_L138_init_mcasp_poll</name>
         <value>0x118201cc</value>
         <object_component_ref idref="oc-108"/>
      </symbol>
      <symbol id="sm-2d1">
         <name>_USTIMER_get</name>
         <value>0x11827e44</value>
         <object_component_ref idref="oc-118"/>
      </symbol>
      <symbol id="sm-2d2">
         <name>_USTIMER_delay</name>
         <value>0x11827d84</value>
         <object_component_ref idref="oc-118"/>
      </symbol>
      <symbol id="sm-2d3">
         <name>_USTIMER_set</name>
         <value>0x11827e58</value>
         <object_component_ref idref="oc-118"/>
      </symbol>
      <symbol id="sm-2d4">
         <name>_USTIMER_init</name>
         <value>0x11827ca0</value>
         <object_component_ref idref="oc-118"/>
      </symbol>
      <symbol id="sm-2d5">
         <name>_USTIMER_reset</name>
         <value>0x11827e14</value>
         <object_component_ref idref="oc-118"/>
      </symbol>
      <symbol id="sm-30f">
         <name>_GPIO_getInput</name>
         <value>0x11824cf8</value>
         <object_component_ref idref="oc-117"/>
      </symbol>
      <symbol id="sm-310">
         <name>_GPIO_setDir</name>
         <value>0x11824c80</value>
         <object_component_ref idref="oc-117"/>
      </symbol>
      <symbol id="sm-311">
         <name>_GPIO_toggleLoop</name>
         <value>0x11824dec</value>
         <object_component_ref idref="oc-117"/>
      </symbol>
      <symbol id="sm-312">
         <name>_GPIO_setOutput</name>
         <value>0x11824d6c</value>
         <object_component_ref idref="oc-117"/>
      </symbol>
      <symbol id="sm-33e">
         <name>_AIC3106_writeRegister</name>
         <value>0x11828330</value>
         <object_component_ref idref="oc-116"/>
      </symbol>
      <symbol id="sm-33f">
         <name>_AIC3106_init</name>
         <value>0x118281e0</value>
         <object_component_ref idref="oc-116"/>
      </symbol>
      <symbol id="sm-340">
         <name>_AIC3106_readRegister</name>
         <value>0x118282d8</value>
         <object_component_ref idref="oc-116"/>
      </symbol>
      <symbol id="sm-3dd">
         <name>_config_pll1</name>
         <value>0x118225e4</value>
         <object_component_ref idref="oc-119"/>
      </symbol>
      <symbol id="sm-3de">
         <name>_config_pll0</name>
         <value>0x118223a8</value>
         <object_component_ref idref="oc-119"/>
      </symbol>
      <symbol id="sm-3df">
         <name>_UTIL_isUIBoardAttached</name>
         <value>0x11822920</value>
         <object_component_ref idref="oc-119"/>
      </symbol>
      <symbol id="sm-3e0">
         <name>_EVMOMAPL138_initRAM</name>
         <value>0x11821d4c</value>
         <object_component_ref idref="oc-119"/>
      </symbol>
      <symbol id="sm-3e1">
         <name>_EVMOMAPL138_lpscTransition</name>
         <value>0x11821fd0</value>
         <object_component_ref idref="oc-119"/>
      </symbol>
      <symbol id="sm-3e2">
         <name>_EVMOMAPL138_enableDsp</name>
         <value>0x11821f08</value>
         <object_component_ref idref="oc-119"/>
      </symbol>
      <symbol id="sm-3e3">
         <name>_EVMOMAPL138_init</name>
         <value>0x11821d20</value>
         <object_component_ref idref="oc-119"/>
      </symbol>
      <symbol id="sm-3e4">
         <name>_UTIL_printMem</name>
         <value>0x118227c8</value>
         <object_component_ref idref="oc-119"/>
      </symbol>
      <symbol id="sm-3e5">
         <name>_EVMOMAPL138_pinmuxConfig</name>
         <value>0x11821f34</value>
         <object_component_ref idref="oc-119"/>
      </symbol>
      <symbol id="sm-3e6">
         <name>_bitval_u32</name>
         <value>0x1182bc20</value>
         <object_component_ref idref="oc-127"/>
      </symbol>
      <symbol id="sm-414">
         <name>_I2CGPIO_getInput</name>
         <value>0x11823c54</value>
         <object_component_ref idref="oc-129"/>
      </symbol>
      <symbol id="sm-415">
         <name>_I2CGPIO_setOutputAll</name>
         <value>0x11823fc8</value>
         <object_component_ref idref="oc-129"/>
      </symbol>
      <symbol id="sm-416">
         <name>_I2CGPIO_setOutput</name>
         <value>0x11823e80</value>
         <object_component_ref idref="oc-129"/>
      </symbol>
      <symbol id="sm-417">
         <name>_I2CGPIO_getInputAll</name>
         <value>0x11823d70</value>
         <object_component_ref idref="oc-129"/>
      </symbol>
      <symbol id="sm-418">
         <name>_I2CGPIO_init</name>
         <value>0x11823b80</value>
         <object_component_ref idref="oc-129"/>
      </symbol>
      <symbol id="sm-461">
         <name>_I2C_read</name>
         <value>0x118250ec</value>
         <object_component_ref idref="oc-125"/>
      </symbol>
      <symbol id="sm-462">
         <name>_I2C_write</name>
         <value>0x11825248</value>
         <object_component_ref idref="oc-125"/>
      </symbol>
      <symbol id="sm-463">
         <name>_I2C_init</name>
         <value>0x11825000</value>
         <object_component_ref idref="oc-125"/>
      </symbol>
      <symbol id="sm-472">
         <name>_c_int00</name>
         <value>0x1182a8e0</value>
         <object_component_ref idref="oc-e"/>
      </symbol>
      <symbol id="sm-473">
         <name>__stack</name>
         <value>0x1182aea0</value>
         <object_component_ref idref="oc-4b"/>
      </symbol>
      <symbol id="sm-489">
         <name>_cos</name>
         <value>0x118256a0</value>
         <object_component_ref idref="oc-11d"/>
      </symbol>
      <symbol id="sm-49b">
         <name>__divd</name>
         <value>0x11823060</value>
         <object_component_ref idref="oc-11c"/>
      </symbol>
      <symbol id="sm-4ab">
         <name>__divf</name>
         <value>0x11826180</value>
         <object_component_ref idref="oc-121"/>
      </symbol>
      <symbol id="sm-4b4">
         <name>__c6xabi_divi</name>
         <value>0x118292c0</value>
         <object_component_ref idref="oc-11f"/>
      </symbol>
      <symbol id="sm-4b5">
         <name>__divi</name>
         <value>0x118292c0</value>
         <object_component_ref idref="oc-11f"/>
      </symbol>
      <symbol id="sm-4cc">
         <name>C$$EXIT</name>
         <value>0x1182ae40</value>
         <object_component_ref idref="oc-115"/>
      </symbol>
      <symbol id="sm-4cd">
         <name>_exit</name>
         <value>0x11829c60</value>
         <object_component_ref idref="oc-107"/>
      </symbol>
      <symbol id="sm-4ce">
         <name>___TI_enable_exit_profile_output</name>
         <value>0x1181f658</value>
         <object_component_ref idref="oc-5e"/>
      </symbol>
      <symbol id="sm-4cf">
         <name>_abort</name>
         <value>0x1182ae40</value>
         <object_component_ref idref="oc-115"/>
      </symbol>
      <symbol id="sm-4d0">
         <name>__cleanup_ptr</name>
         <value>0x1181f650</value>
         <object_component_ref idref="oc-5e"/>
      </symbol>
      <symbol id="sm-4d1">
         <name>__dtors_ptr</name>
         <value>0x1181f654</value>
         <object_component_ref idref="oc-5e"/>
      </symbol>
      <symbol id="sm-4db">
         <name>__frcmpyd_div</name>
         <value>0x1182aca0</value>
         <object_component_ref idref="oc-12b"/>
      </symbol>
      <symbol id="sm-4e9">
         <name>__llshl</name>
         <value>0x1182a860</value>
         <object_component_ref idref="oc-165"/>
      </symbol>
      <symbol id="sm-4ea">
         <name>__llshru</name>
         <value>0x1182ace0</value>
         <object_component_ref idref="oc-12a"/>
      </symbol>
      <symbol id="sm-4f4">
         <name>_log10</name>
         <value>0x1182ad60</value>
         <object_component_ref idref="oc-123"/>
      </symbol>
      <symbol id="sm-500">
         <name>_modf</name>
         <value>0x1182a600</value>
         <object_component_ref idref="oc-12e"/>
      </symbol>
      <symbol id="sm-52d">
         <name>_pow</name>
         <value>0x11822940</value>
         <object_component_ref idref="oc-120"/>
      </symbol>
      <symbol id="sm-542">
         <name>_printf</name>
         <value>0x11829640</value>
         <object_component_ref idref="oc-128"/>
      </symbol>
      <symbol id="sm-54c">
         <name>__nround</name>
         <value>0x1182a1a0</value>
         <object_component_ref idref="oc-12d"/>
      </symbol>
      <symbol id="sm-561">
         <name>_sin</name>
         <value>0x11826680</value>
         <object_component_ref idref="oc-11e"/>
      </symbol>
      <symbol id="sm-56d">
         <name>_sqrt</name>
         <value>0x118290e0</value>
         <object_component_ref idref="oc-122"/>
      </symbol>
      <symbol id="sm-577">
         <name>__trunc</name>
         <value>0x1182ae20</value>
         <object_component_ref idref="oc-12c"/>
      </symbol>
      <symbol id="sm-585">
         <name>__unlock</name>
         <value>0x1181f668</value>
         <object_component_ref idref="oc-85"/>
      </symbol>
      <symbol id="sm-586">
         <name>__lock</name>
         <value>0x1181f664</value>
         <object_component_ref idref="oc-85"/>
      </symbol>
      <symbol id="sm-587">
         <name>__nop</name>
         <value>0x1182adc0</value>
         <object_component_ref idref="oc-109"/>
      </symbol>
      <symbol id="sm-691">
         <name>__printfi</name>
         <value>0x11824060</value>
         <object_component_ref idref="oc-133"/>
      </symbol>
      <symbol id="sm-69b">
         <name>__args_main</name>
         <value>0x1182ac60</value>
         <object_component_ref idref="oc-106"/>
      </symbol>
      <symbol id="sm-69c">
         <name>__TI_args_main</name>
         <value>0x1</value>
      </symbol>
      <symbol id="sm-6aa">
         <name>_atoi</name>
         <value>0x118293a0</value>
         <object_component_ref idref="oc-13f"/>
      </symbol>
      <symbol id="sm-6b9">
         <name>__auto_init</name>
         <value>0x11829960</value>
         <object_component_ref idref="oc-105"/>
      </symbol>
      <symbol id="sm-6c6">
         <name>___TI_cpp_init</name>
         <value>0x1182aa60</value>
         <object_component_ref idref="oc-113"/>
      </symbol>
      <symbol id="sm-6d4">
         <name>_copy_in</name>
         <value>0x1182a2e0</value>
         <object_component_ref idref="oc-111"/>
      </symbol>
      <symbol id="sm-6dc">
         <name>__ctypes_</name>
         <value>0x1182bb18</value>
         <object_component_ref idref="oc-145"/>
      </symbol>
      <symbol id="sm-6e6">
         <name>__tmpnams</name>
         <value>0x1181f218</value>
         <object_component_ref idref="oc-9f"/>
      </symbol>
      <symbol id="sm-6e7">
         <name>__ft_end</name>
         <value>0x1181f358</value>
         <object_component_ref idref="oc-9f"/>
      </symbol>
      <symbol id="sm-6e8">
         <name>__ftable</name>
         <value>0x1181f038</value>
         <object_component_ref idref="oc-9f"/>
      </symbol>
      <symbol id="sm-6f1">
         <name>__c6xabi_divu</name>
         <value>0x11829ae0</value>
         <object_component_ref idref="oc-15e"/>
      </symbol>
      <symbol id="sm-6f2">
         <name>__divu</name>
         <value>0x11829ae0</value>
         <object_component_ref idref="oc-15e"/>
      </symbol>
      <symbol id="sm-6fc">
         <name>_errno</name>
         <value>0x1181f35c</value>
         <object_component_ref idref="oc-a6"/>
      </symbol>
      <symbol id="sm-709">
         <name>__fixdli</name>
         <value>0x1182a100</value>
         <object_component_ref idref="oc-15b"/>
      </symbol>
      <symbol id="sm-714">
         <name>__fltlid</name>
         <value>0x1182a7e0</value>
         <object_component_ref idref="oc-15d"/>
      </symbol>
      <symbol id="sm-72f">
         <name>_putc</name>
         <value>0x11827480</value>
         <object_component_ref idref="oc-13a"/>
      </symbol>
      <symbol id="sm-730">
         <name>_fputc</name>
         <value>0x11827480</value>
         <object_component_ref idref="oc-13a"/>
      </symbol>
      <symbol id="sm-752">
         <name>_fputs</name>
         <value>0x118248e0</value>
         <object_component_ref idref="oc-135"/>
      </symbol>
      <symbol id="sm-761">
         <name>_frexp</name>
         <value>0x11828ca0</value>
         <object_component_ref idref="oc-12f"/>
      </symbol>
      <symbol id="sm-771">
         <name>__divul</name>
         <value>0x11828040</value>
         <object_component_ref idref="oc-15f"/>
      </symbol>
      <symbol id="sm-772">
         <name>__remli</name>
         <value>0x1182ad20</value>
         <object_component_ref idref="oc-163"/>
      </symbol>
      <symbol id="sm-773">
         <name>__divli</name>
         <value>0x11829f20</value>
         <object_component_ref idref="oc-164"/>
      </symbol>
      <symbol id="sm-787">
         <name>__subcull</name>
         <value>0x1182aac0</value>
         <object_component_ref idref="oc-166"/>
      </symbol>
      <symbol id="sm-788">
         <name>__divull</name>
         <value>0x11826900</value>
         <object_component_ref idref="oc-160"/>
      </symbol>
      <symbol id="sm-792">
         <name>___isinf</name>
         <value>0x1182abe0</value>
         <object_component_ref idref="oc-147"/>
      </symbol>
      <symbol id="sm-7a2">
         <name>_ldexp</name>
         <value>0x11828680</value>
         <object_component_ref idref="oc-130"/>
      </symbol>
      <symbol id="sm-7b4">
         <name>_log</name>
         <value>0x118278a0</value>
         <object_component_ref idref="oc-131"/>
      </symbol>
      <symbol id="sm-7f1">
         <name>_unlink</name>
         <value>0x1182a9e0</value>
         <object_component_ref idref="oc-167"/>
      </symbol>
      <symbol id="sm-7f2">
         <name>_lseek</name>
         <value>0x1182a420</value>
         <object_component_ref idref="oc-14e"/>
      </symbol>
      <symbol id="sm-7f3">
         <name>_close</name>
         <value>0x11829480</value>
         <object_component_ref idref="oc-161"/>
      </symbol>
      <symbol id="sm-7f4">
         <name>_write</name>
         <value>0x1182a740</value>
         <object_component_ref idref="oc-13d"/>
      </symbol>
      <symbol id="sm-801">
         <name>_ltoa</name>
         <value>0x11829d20</value>
         <object_component_ref idref="oc-15c"/>
      </symbol>
      <symbol id="sm-80e">
         <name>_memccpy</name>
         <value>0x1182ab20</value>
         <object_component_ref idref="oc-142"/>
      </symbol>
      <symbol id="sm-816">
         <name>_memcpy</name>
         <value>0x1182a4c0</value>
         <object_component_ref idref="oc-112"/>
      </symbol>
      <symbol id="sm-821">
         <name>_memset</name>
         <value>0x11829560</value>
         <object_component_ref idref="oc-13e"/>
      </symbol>
      <symbol id="sm-82b">
         <name>__negll</name>
         <value>0x1182ada0</value>
         <object_component_ref idref="oc-14c"/>
      </symbol>
      <symbol id="sm-854">
         <name>_HOSTopen</name>
         <value>0x118291e0</value>
         <object_component_ref idref="oc-10a"/>
      </symbol>
      <symbol id="sm-855">
         <name>_HOSTread</name>
         <value>0x11829720</value>
         <object_component_ref idref="oc-10c"/>
      </symbol>
      <symbol id="sm-856">
         <name>_HOSTrename</name>
         <value>0x11828380</value>
         <object_component_ref idref="oc-110"/>
      </symbol>
      <symbol id="sm-857">
         <name>_HOSTwrite</name>
         <value>0x118298a0</value>
         <object_component_ref idref="oc-10d"/>
      </symbol>
      <symbol id="sm-858">
         <name>_HOSTlseek</name>
         <value>0x11828ee0</value>
         <object_component_ref idref="oc-10e"/>
      </symbol>
      <symbol id="sm-859">
         <name>_HOSTunlink</name>
         <value>0x118297e0</value>
         <object_component_ref idref="oc-10f"/>
      </symbol>
      <symbol id="sm-85a">
         <name>_HOSTclose</name>
         <value>0x11829de0</value>
         <object_component_ref idref="oc-10b"/>
      </symbol>
      <symbol id="sm-86a">
         <name>C$$IO$$</name>
         <value>0x1182abd8</value>
         <object_component_ref idref="oc-11a"/>
      </symbol>
      <symbol id="sm-86b">
         <name>__CIOBUF_</name>
         <value>0x1182bd80</value>
         <object_component_ref idref="oc-e2"/>
      </symbol>
      <symbol id="sm-86c">
         <name>_readmsg</name>
         <value>0x1182a960</value>
         <object_component_ref idref="oc-11b"/>
      </symbol>
      <symbol id="sm-86d">
         <name>_writemsg</name>
         <value>0x1182ab80</value>
         <object_component_ref idref="oc-11a"/>
      </symbol>
      <symbol id="sm-87c">
         <name>__wrt_ok</name>
         <value>0x11828fe0</value>
         <object_component_ref idref="oc-13b"/>
      </symbol>
      <symbol id="sm-890">
         <name>__doflush</name>
         <value>0x11829ba0</value>
         <object_component_ref idref="oc-13c"/>
      </symbol>
      <symbol id="sm-8a1">
         <name>_fseek</name>
         <value>0x11828dc0</value>
         <object_component_ref idref="oc-143"/>
      </symbol>
      <symbol id="sm-8b7">
         <name>_setvbuf</name>
         <value>0x11827aa0</value>
         <object_component_ref idref="oc-144"/>
      </symbol>
      <symbol id="sm-8ca">
         <name>__cleanup</name>
         <value>0x11829e80</value>
         <object_component_ref idref="oc-151"/>
      </symbol>
      <symbol id="sm-903">
         <name>__sys_memory</name>
         <value>0x11800000</value>
         <object_component_ref idref="oc-fc"/>
      </symbol>
      <symbol id="sm-904">
         <name>_free</name>
         <value>0x11826400</value>
         <object_component_ref idref="oc-14f"/>
      </symbol>
      <symbol id="sm-905">
         <name>_malloc</name>
         <value>0x11828500</value>
         <object_component_ref idref="oc-150"/>
      </symbol>
      <symbol id="sm-917">
         <name>__closefile</name>
         <value>0x11828a60</value>
         <object_component_ref idref="oc-15a"/>
      </symbol>
      <symbol id="sm-921">
         <name>_remove</name>
         <value>0x1182ae60</value>
         <object_component_ref idref="oc-162"/>
      </symbol>
   </symbol_table>
</link_info>
