<?xml version="1.0"?>
<link_info>
   <banner>TMS320C6x Linker PC v7.4.4</banner>
   <copyright>Copyright (c) 1996-2013 Texas Instruments Incorporated</copyright>
   <link_time>0x5823cc80</link_time>
   <output_file>Lab3s2.out</output_file>
   <entry_point>
      <name>_c_int00</name>
      <address>0x11829b00</address>
   </entry_point>
   <input_file_list>
      <input_file id="fl-2">
         <path>.\</path>
         <kind>object</kind>
         <file>vectors_intr.obj</file>
         <name>vectors_intr.obj</name>
      </input_file>
      <input_file id="fl-3">
         <path>.\</path>
         <kind>object</kind>
         <file>psc.obj</file>
         <name>psc.obj</name>
      </input_file>
      <input_file id="fl-4">
         <path>.\</path>
         <kind>object</kind>
         <file>main.obj</file>
         <name>main.obj</name>
      </input_file>
      <input_file id="fl-5">
         <path>.\</path>
         <kind>object</kind>
         <file>gpio.obj</file>
         <name>gpio.obj</name>
      </input_file>
      <input_file id="fl-6">
         <path>.\</path>
         <kind>object</kind>
         <file>L138_LCDK_switch_led.obj</file>
         <name>L138_LCDK_switch_led.obj</name>
      </input_file>
      <input_file id="fl-7">
         <path>.\</path>
         <kind>object</kind>
         <file>L138_LCDK_aic3106_init.obj</file>
         <name>L138_LCDK_aic3106_init.obj</name>
      </input_file>
      <input_file id="fl-d">
         <path>C:\Users\EE113D\MyProjects\OMAP-L138_GEL_BSL_Files\bsl\lib\</path>
         <kind>archive</kind>
         <file>evmomapl138_bsl.lib</file>
         <name>evmomapl138_timer.obj</name>
      </input_file>
      <input_file id="fl-e">
         <path>C:\Users\EE113D\MyProjects\OMAP-L138_GEL_BSL_Files\bsl\lib\</path>
         <kind>archive</kind>
         <file>evmomapl138_bsl.lib</file>
         <name>evmomapl138_gpio.obj</name>
      </input_file>
      <input_file id="fl-f">
         <path>C:\Users\EE113D\MyProjects\OMAP-L138_GEL_BSL_Files\bsl\lib\</path>
         <kind>archive</kind>
         <file>evmomapl138_bsl.lib</file>
         <name>evmomapl138_aic3106.obj</name>
      </input_file>
      <input_file id="fl-10">
         <path>C:\Users\EE113D\MyProjects\OMAP-L138_GEL_BSL_Files\bsl\lib\</path>
         <kind>archive</kind>
         <file>evmomapl138_bsl.lib</file>
         <name>evmomapl138.obj</name>
      </input_file>
      <input_file id="fl-11">
         <path>C:\Users\EE113D\MyProjects\OMAP-L138_GEL_BSL_Files\bsl\lib\</path>
         <kind>archive</kind>
         <file>evmomapl138_bsl.lib</file>
         <name>evmomapl138_i2c_gpio.obj</name>
      </input_file>
      <input_file id="fl-12">
         <path>C:\Users\EE113D\MyProjects\OMAP-L138_GEL_BSL_Files\bsl\lib\</path>
         <kind>archive</kind>
         <file>evmomapl138_bsl.lib</file>
         <name>evmomapl138_i2c.obj</name>
      </input_file>
      <input_file id="fl-13">
         <path>C:\ti\ccsv5\tools\compiler\c6000_7.4.4\lib\</path>
         <kind>archive</kind>
         <file>rts6740.lib</file>
         <name>boot.obj</name>
      </input_file>
      <input_file id="fl-14">
         <path>C:\ti\ccsv5\tools\compiler\c6000_7.4.4\lib\</path>
         <kind>archive</kind>
         <file>rts6740.lib</file>
         <name>cos.obj</name>
      </input_file>
      <input_file id="fl-15">
         <path>C:\ti\ccsv5\tools\compiler\c6000_7.4.4\lib\</path>
         <kind>archive</kind>
         <file>rts6740.lib</file>
         <name>divd.obj</name>
      </input_file>
      <input_file id="fl-16">
         <path>C:\ti\ccsv5\tools\compiler\c6000_7.4.4\lib\</path>
         <kind>archive</kind>
         <file>rts6740.lib</file>
         <name>exit.obj</name>
      </input_file>
      <input_file id="fl-17">
         <path>C:\ti\ccsv5\tools\compiler\c6000_7.4.4\lib\</path>
         <kind>archive</kind>
         <file>rts6740.lib</file>
         <name>frcmpyd_div.obj</name>
      </input_file>
      <input_file id="fl-18">
         <path>C:\ti\ccsv5\tools\compiler\c6000_7.4.4\lib\</path>
         <kind>archive</kind>
         <file>rts6740.lib</file>
         <name>llshift.obj</name>
      </input_file>
      <input_file id="fl-19">
         <path>C:\ti\ccsv5\tools\compiler\c6000_7.4.4\lib\</path>
         <kind>archive</kind>
         <file>rts6740.lib</file>
         <name>modf.obj</name>
      </input_file>
      <input_file id="fl-1a">
         <path>C:\ti\ccsv5\tools\compiler\c6000_7.4.4\lib\</path>
         <kind>archive</kind>
         <file>rts6740.lib</file>
         <name>printf.obj</name>
      </input_file>
      <input_file id="fl-1b">
         <path>C:\ti\ccsv5\tools\compiler\c6000_7.4.4\lib\</path>
         <kind>archive</kind>
         <file>rts6740.lib</file>
         <name>round.obj</name>
      </input_file>
      <input_file id="fl-1c">
         <path>C:\ti\ccsv5\tools\compiler\c6000_7.4.4\lib\</path>
         <kind>archive</kind>
         <file>rts6740.lib</file>
         <name>sin.obj</name>
      </input_file>
      <input_file id="fl-1d">
         <path>C:\ti\ccsv5\tools\compiler\c6000_7.4.4\lib\</path>
         <kind>archive</kind>
         <file>rts6740.lib</file>
         <name>sqrt.obj</name>
      </input_file>
      <input_file id="fl-1e">
         <path>C:\ti\ccsv5\tools\compiler\c6000_7.4.4\lib\</path>
         <kind>archive</kind>
         <file>rts6740.lib</file>
         <name>trunc.obj</name>
      </input_file>
      <input_file id="fl-1f">
         <path>C:\ti\ccsv5\tools\compiler\c6000_7.4.4\lib\</path>
         <kind>archive</kind>
         <file>rts6740.lib</file>
         <name>_lock.obj</name>
      </input_file>
      <input_file id="fl-20">
         <path>C:\ti\ccsv5\tools\compiler\c6000_7.4.4\lib\</path>
         <kind>archive</kind>
         <file>rts6740.lib</file>
         <name>_printfi.obj</name>
      </input_file>
      <input_file id="fl-21">
         <path>C:\ti\ccsv5\tools\compiler\c6000_7.4.4\lib\</path>
         <kind>archive</kind>
         <file>rts6740.lib</file>
         <name>args_main.obj</name>
      </input_file>
      <input_file id="fl-22">
         <path>C:\ti\ccsv5\tools\compiler\c6000_7.4.4\lib\</path>
         <kind>archive</kind>
         <file>rts6740.lib</file>
         <name>atoi.obj</name>
      </input_file>
      <input_file id="fl-23">
         <path>C:\ti\ccsv5\tools\compiler\c6000_7.4.4\lib\</path>
         <kind>archive</kind>
         <file>rts6740.lib</file>
         <name>autoinit.obj</name>
      </input_file>
      <input_file id="fl-24">
         <path>C:\ti\ccsv5\tools\compiler\c6000_7.4.4\lib\</path>
         <kind>archive</kind>
         <file>rts6740.lib</file>
         <name>cpp_init.obj</name>
      </input_file>
      <input_file id="fl-25">
         <path>C:\ti\ccsv5\tools\compiler\c6000_7.4.4\lib\</path>
         <kind>archive</kind>
         <file>rts6740.lib</file>
         <name>cpy_tbl.obj</name>
      </input_file>
      <input_file id="fl-26">
         <path>C:\ti\ccsv5\tools\compiler\c6000_7.4.4\lib\</path>
         <kind>archive</kind>
         <file>rts6740.lib</file>
         <name>ctype.obj</name>
      </input_file>
      <input_file id="fl-27">
         <path>C:\ti\ccsv5\tools\compiler\c6000_7.4.4\lib\</path>
         <kind>archive</kind>
         <file>rts6740.lib</file>
         <name>defs.obj</name>
      </input_file>
      <input_file id="fl-28">
         <path>C:\ti\ccsv5\tools\compiler\c6000_7.4.4\lib\</path>
         <kind>archive</kind>
         <file>rts6740.lib</file>
         <name>divu.obj</name>
      </input_file>
      <input_file id="fl-29">
         <path>C:\ti\ccsv5\tools\compiler\c6000_7.4.4\lib\</path>
         <kind>archive</kind>
         <file>rts6740.lib</file>
         <name>errno.obj</name>
      </input_file>
      <input_file id="fl-2a">
         <path>C:\ti\ccsv5\tools\compiler\c6000_7.4.4\lib\</path>
         <kind>archive</kind>
         <file>rts6740.lib</file>
         <name>fixdli.obj</name>
      </input_file>
      <input_file id="fl-2b">
         <path>C:\ti\ccsv5\tools\compiler\c6000_7.4.4\lib\</path>
         <kind>archive</kind>
         <file>rts6740.lib</file>
         <name>fltlid.obj</name>
      </input_file>
      <input_file id="fl-2c">
         <path>C:\ti\ccsv5\tools\compiler\c6000_7.4.4\lib\</path>
         <kind>archive</kind>
         <file>rts6740.lib</file>
         <name>fputc.obj</name>
      </input_file>
      <input_file id="fl-2d">
         <path>C:\ti\ccsv5\tools\compiler\c6000_7.4.4\lib\</path>
         <kind>archive</kind>
         <file>rts6740.lib</file>
         <name>fputs.obj</name>
      </input_file>
      <input_file id="fl-2e">
         <path>C:\ti\ccsv5\tools\compiler\c6000_7.4.4\lib\</path>
         <kind>archive</kind>
         <file>rts6740.lib</file>
         <name>imath40.obj</name>
      </input_file>
      <input_file id="fl-2f">
         <path>C:\ti\ccsv5\tools\compiler\c6000_7.4.4\lib\</path>
         <kind>archive</kind>
         <file>rts6740.lib</file>
         <name>imath64.obj</name>
      </input_file>
      <input_file id="fl-30">
         <path>C:\ti\ccsv5\tools\compiler\c6000_7.4.4\lib\</path>
         <kind>archive</kind>
         <file>rts6740.lib</file>
         <name>isinf.obj</name>
      </input_file>
      <input_file id="fl-31">
         <path>C:\ti\ccsv5\tools\compiler\c6000_7.4.4\lib\</path>
         <kind>archive</kind>
         <file>rts6740.lib</file>
         <name>lowlev.obj</name>
      </input_file>
      <input_file id="fl-32">
         <path>C:\ti\ccsv5\tools\compiler\c6000_7.4.4\lib\</path>
         <kind>archive</kind>
         <file>rts6740.lib</file>
         <name>ltoa.obj</name>
      </input_file>
      <input_file id="fl-33">
         <path>C:\ti\ccsv5\tools\compiler\c6000_7.4.4\lib\</path>
         <kind>archive</kind>
         <file>rts6740.lib</file>
         <name>memccpy.obj</name>
      </input_file>
      <input_file id="fl-34">
         <path>C:\ti\ccsv5\tools\compiler\c6000_7.4.4\lib\</path>
         <kind>archive</kind>
         <file>rts6740.lib</file>
         <name>memcpy64.obj</name>
      </input_file>
      <input_file id="fl-35">
         <path>C:\ti\ccsv5\tools\compiler\c6000_7.4.4\lib\</path>
         <kind>archive</kind>
         <file>rts6740.lib</file>
         <name>memset.obj</name>
      </input_file>
      <input_file id="fl-36">
         <path>C:\ti\ccsv5\tools\compiler\c6000_7.4.4\lib\</path>
         <kind>archive</kind>
         <file>rts6740.lib</file>
         <name>negll.obj</name>
      </input_file>
      <input_file id="fl-37">
         <path>C:\ti\ccsv5\tools\compiler\c6000_7.4.4\lib\</path>
         <kind>archive</kind>
         <file>rts6740.lib</file>
         <name>trgdrv.obj</name>
      </input_file>
      <input_file id="fl-38">
         <path>C:\ti\ccsv5\tools\compiler\c6000_7.4.4\lib\</path>
         <kind>archive</kind>
         <file>rts6740.lib</file>
         <name>trgmsg.obj</name>
      </input_file>
      <input_file id="fl-39">
         <path>C:\ti\ccsv5\tools\compiler\c6000_7.4.4\lib\</path>
         <kind>archive</kind>
         <file>rts6740.lib</file>
         <name>_io_perm.obj</name>
      </input_file>
      <input_file id="fl-3a">
         <path>C:\ti\ccsv5\tools\compiler\c6000_7.4.4\lib\</path>
         <kind>archive</kind>
         <file>rts6740.lib</file>
         <name>abs.obj</name>
      </input_file>
      <input_file id="fl-3b">
         <path>C:\ti\ccsv5\tools\compiler\c6000_7.4.4\lib\</path>
         <kind>archive</kind>
         <file>rts6740.lib</file>
         <name>fflush.obj</name>
      </input_file>
      <input_file id="fl-3c">
         <path>C:\ti\ccsv5\tools\compiler\c6000_7.4.4\lib\</path>
         <kind>archive</kind>
         <file>rts6740.lib</file>
         <name>fseek.obj</name>
      </input_file>
      <input_file id="fl-3d">
         <path>C:\ti\ccsv5\tools\compiler\c6000_7.4.4\lib\</path>
         <kind>archive</kind>
         <file>rts6740.lib</file>
         <name>setvbuf.obj</name>
      </input_file>
      <input_file id="fl-3e">
         <path>C:\ti\ccsv5\tools\compiler\c6000_7.4.4\lib\</path>
         <kind>archive</kind>
         <file>rts6740.lib</file>
         <name>fopen.obj</name>
      </input_file>
      <input_file id="fl-3f">
         <path>C:\ti\ccsv5\tools\compiler\c6000_7.4.4\lib\</path>
         <kind>archive</kind>
         <file>rts6740.lib</file>
         <name>memory.obj</name>
      </input_file>
      <input_file id="fl-40">
         <path>C:\ti\ccsv5\tools\compiler\c6000_7.4.4\lib\</path>
         <kind>archive</kind>
         <file>rts6740.lib</file>
         <name>fclose.obj</name>
      </input_file>
      <input_file id="fl-41">
         <path>C:\ti\ccsv5\tools\compiler\c6000_7.4.4\lib\</path>
         <kind>archive</kind>
         <file>rts6740.lib</file>
         <name>remove.obj</name>
      </input_file>
   </input_file_list>
   <object_component_list>
      <object_component id="oc-ed">
         <name>.text</name>
         <load_address>0x11820200</load_address>
         <run_address>0x11820200</run_address>
         <size>0x1560</size>
         <input_file_ref idref="fl-7"/>
      </object_component>
      <object_component id="oc-fe">
         <name>.text</name>
         <load_address>0x11821760</load_address>
         <run_address>0x11821760</run_address>
         <size>0xc20</size>
         <input_file_ref idref="fl-10"/>
      </object_component>
      <object_component id="oc-f9">
         <name>.text</name>
         <load_address>0x11822380</load_address>
         <run_address>0x11822380</run_address>
         <size>0x660</size>
         <input_file_ref idref="fl-4"/>
      </object_component>
      <object_component id="oc-101">
         <name>.text:__divd</name>
         <load_address>0x118229e0</load_address>
         <run_address>0x118229e0</run_address>
         <size>0x5a0</size>
         <input_file_ref idref="fl-15"/>
      </object_component>
      <object_component id="oc-128">
         <name>.text:__getarg_diouxp</name>
         <load_address>0x11822f80</load_address>
         <run_address>0x11822f80</run_address>
         <size>0x580</size>
         <input_file_ref idref="fl-20"/>
      </object_component>
      <object_component id="oc-109">
         <name>.text</name>
         <load_address>0x11823500</load_address>
         <run_address>0x11823500</run_address>
         <size>0x4e0</size>
         <input_file_ref idref="fl-11"/>
      </object_component>
      <object_component id="oc-110">
         <name>.text:__printfi</name>
         <load_address>0x118239e0</load_address>
         <run_address>0x118239e0</run_address>
         <size>0x440</size>
         <input_file_ref idref="fl-20"/>
      </object_component>
      <object_component id="oc-115">
         <name>.text:__setfield</name>
         <load_address>0x11823e20</load_address>
         <run_address>0x11823e20</run_address>
         <size>0x440</size>
         <input_file_ref idref="fl-20"/>
      </object_component>
      <object_component id="oc-112">
         <name>.text:_fputs</name>
         <load_address>0x11824260</load_address>
         <run_address>0x11824260</run_address>
         <size>0x3a0</size>
         <input_file_ref idref="fl-2d"/>
      </object_component>
      <object_component id="oc-fc">
         <name>.text</name>
         <load_address>0x11824600</load_address>
         <run_address>0x11824600</run_address>
         <size>0x380</size>
         <input_file_ref idref="fl-e"/>
      </object_component>
      <object_component id="oc-105">
         <name>.text</name>
         <load_address>0x11824980</load_address>
         <run_address>0x11824980</run_address>
         <size>0x380</size>
         <input_file_ref idref="fl-12"/>
      </object_component>
      <object_component id="oc-11d">
         <name>.text:__pproc_fge</name>
         <load_address>0x11824d00</load_address>
         <run_address>0x11824d00</run_address>
         <size>0x320</size>
         <input_file_ref idref="fl-20"/>
      </object_component>
      <object_component id="oc-102">
         <name>.text:_cos</name>
         <load_address>0x11825020</load_address>
         <run_address>0x11825020</run_address>
         <size>0x2e0</size>
         <input_file_ref idref="fl-14"/>
      </object_component>
      <object_component id="oc-1b">
         <name>.text:retain</name>
         <load_address>0x11825300</load_address>
         <run_address>0x11825300</run_address>
         <size>0x2e0</size>
         <input_file_ref idref="fl-4"/>
      </object_component>
      <object_component id="oc-114">
         <name>.text:__pproc_fwp</name>
         <load_address>0x118255e0</load_address>
         <run_address>0x118255e0</run_address>
         <size>0x2c0</size>
         <input_file_ref idref="fl-20"/>
      </object_component>
      <object_component id="oc-12f">
         <name>.text:_ecvt</name>
         <load_address>0x118258a0</load_address>
         <run_address>0x118258a0</run_address>
         <size>0x2a0</size>
         <input_file_ref idref="fl-20"/>
      </object_component>
      <object_component id="oc-132">
         <name>.text:_fcvt</name>
         <load_address>0x11825b40</load_address>
         <run_address>0x11825b40</run_address>
         <size>0x2a0</size>
         <input_file_ref idref="fl-20"/>
      </object_component>
      <object_component id="oc-12c">
         <name>.text:_free</name>
         <load_address>0x11825de0</load_address>
         <run_address>0x11825de0</run_address>
         <size>0x280</size>
         <input_file_ref idref="fl-3f"/>
      </object_component>
      <object_component id="oc-103">
         <name>.text:_sin</name>
         <load_address>0x11826060</load_address>
         <run_address>0x11826060</run_address>
         <size>0x280</size>
         <input_file_ref idref="fl-1c"/>
      </object_component>
      <object_component id="oc-13d">
         <name>.text:__divull</name>
         <load_address>0x118262e0</load_address>
         <run_address>0x118262e0</run_address>
         <size>0x260</size>
         <input_file_ref idref="fl-2f"/>
      </object_component>
      <object_component id="oc-127">
         <name>.text:__pconv_e</name>
         <load_address>0x11826540</load_address>
         <run_address>0x11826540</run_address>
         <size>0x260</size>
         <input_file_ref idref="fl-20"/>
      </object_component>
      <object_component id="oc-11e">
         <name>.text:__pproc_diouxp</name>
         <load_address>0x118267a0</load_address>
         <run_address>0x118267a0</run_address>
         <size>0x240</size>
         <input_file_ref idref="fl-20"/>
      </object_component>
      <object_component id="oc-116">
         <name>.text:__pproc_str</name>
         <load_address>0x118269e0</load_address>
         <run_address>0x118269e0</run_address>
         <size>0x220</size>
         <input_file_ref idref="fl-20"/>
      </object_component>
      <object_component id="oc-117">
         <name>.text:_fputc</name>
         <load_address>0x11826c00</load_address>
         <run_address>0x11826c00</run_address>
         <size>0x220</size>
         <input_file_ref idref="fl-2c"/>
      </object_component>
      <object_component id="oc-125">
         <name>.text:__pconv_g</name>
         <load_address>0x11826e20</load_address>
         <run_address>0x11826e20</run_address>
         <size>0x200</size>
         <input_file_ref idref="fl-20"/>
      </object_component>
      <object_component id="oc-121">
         <name>.text:_setvbuf</name>
         <load_address>0x11827020</load_address>
         <run_address>0x11827020</run_address>
         <size>0x200</size>
         <input_file_ref idref="fl-3d"/>
      </object_component>
      <object_component id="oc-fd">
         <name>.text</name>
         <load_address>0x11827220</load_address>
         <run_address>0x11827220</run_address>
         <size>0x1e0</size>
         <input_file_ref idref="fl-d"/>
      </object_component>
      <object_component id="oc-131">
         <name>.text:__mcpy</name>
         <load_address>0x11827400</load_address>
         <run_address>0x11827400</run_address>
         <size>0x1c0</size>
         <input_file_ref idref="fl-20"/>
      </object_component>
      <object_component id="oc-13c">
         <name>.text:__divul</name>
         <load_address>0x118275c0</load_address>
         <run_address>0x118275c0</run_address>
         <size>0x1a0</size>
         <input_file_ref idref="fl-2e"/>
      </object_component>
      <object_component id="oc-fb">
         <name>.text</name>
         <load_address>0x11827760</load_address>
         <run_address>0x11827760</run_address>
         <size>0x1a0</size>
         <input_file_ref idref="fl-f"/>
      </object_component>
      <object_component id="oc-f5">
         <name>.text:_HOSTrename</name>
         <load_address>0x11827900</load_address>
         <run_address>0x11827900</run_address>
         <size>0x180</size>
         <input_file_ref idref="fl-37"/>
      </object_component>
      <object_component id="oc-12d">
         <name>.text:_malloc</name>
         <load_address>0x11827a80</load_address>
         <run_address>0x11827a80</run_address>
         <size>0x180</size>
         <input_file_ref idref="fl-3f"/>
      </object_component>
      <object_component id="oc-113">
         <name>.text:__pproc_fflags</name>
         <load_address>0x11827c00</load_address>
         <run_address>0x11827c00</run_address>
         <size>0x140</size>
         <input_file_ref idref="fl-20"/>
      </object_component>
      <object_component id="oc-145">
         <name>.text:_getdevice</name>
         <load_address>0x11827d40</load_address>
         <run_address>0x11827d40</run_address>
         <size>0x140</size>
         <input_file_ref idref="fl-31"/>
      </object_component>
      <object_component id="oc-137">
         <name>.text:__closefile</name>
         <load_address>0x11827e80</load_address>
         <run_address>0x11827e80</run_address>
         <size>0x120</size>
         <input_file_ref idref="fl-40"/>
      </object_component>
      <object_component id="oc-12a">
         <name>.text:__ltostr</name>
         <load_address>0x11827fa0</load_address>
         <run_address>0x11827fa0</run_address>
         <size>0x120</size>
         <input_file_ref idref="fl-20"/>
      </object_component>
      <object_component id="oc-120">
         <name>.text:_fseek</name>
         <load_address>0x118280c0</load_address>
         <run_address>0x118280c0</run_address>
         <size>0x120</size>
         <input_file_ref idref="fl-3c"/>
      </object_component>
      <object_component id="oc-f3">
         <name>.text:_HOSTlseek</name>
         <load_address>0x118281e0</load_address>
         <run_address>0x118281e0</run_address>
         <size>0x100</size>
         <input_file_ref idref="fl-37"/>
      </object_component>
      <object_component id="oc-118">
         <name>.text:__wrt_ok</name>
         <load_address>0x118282e0</load_address>
         <run_address>0x118282e0</run_address>
         <size>0x100</size>
         <input_file_ref idref="fl-39"/>
      </object_component>
      <object_component id="oc-104">
         <name>.text:_sqrt</name>
         <load_address>0x118283e0</load_address>
         <run_address>0x118283e0</run_address>
         <size>0x100</size>
         <input_file_ref idref="fl-1d"/>
      </object_component>
      <object_component id="oc-ef">
         <name>.text:_HOSTopen</name>
         <load_address>0x118284e0</load_address>
         <run_address>0x118284e0</run_address>
         <size>0xe0</size>
         <input_file_ref idref="fl-37"/>
      </object_component>
      <object_component id="oc-11c">
         <name>.text:_atoi</name>
         <load_address>0x118285c0</load_address>
         <run_address>0x118285c0</run_address>
         <size>0xe0</size>
         <input_file_ref idref="fl-22"/>
      </object_component>
      <object_component id="oc-13e">
         <name>.text:_close</name>
         <load_address>0x118286a0</load_address>
         <run_address>0x118286a0</run_address>
         <size>0xe0</size>
         <input_file_ref idref="fl-31"/>
      </object_component>
      <object_component id="oc-11b">
         <name>.text:_memset</name>
         <load_address>0x11828780</load_address>
         <run_address>0x11828780</run_address>
         <size>0xe0</size>
         <input_file_ref idref="fl-35"/>
      </object_component>
      <object_component id="oc-108">
         <name>.text:_printf</name>
         <load_address>0x11828860</load_address>
         <run_address>0x11828860</run_address>
         <size>0xe0</size>
         <input_file_ref idref="fl-1a"/>
      </object_component>
      <object_component id="oc-f1">
         <name>.text:_HOSTread</name>
         <load_address>0x11828940</load_address>
         <run_address>0x11828940</run_address>
         <size>0xc0</size>
         <input_file_ref idref="fl-37"/>
      </object_component>
      <object_component id="oc-f4">
         <name>.text:_HOSTunlink</name>
         <load_address>0x11828a00</load_address>
         <run_address>0x11828a00</run_address>
         <size>0xc0</size>
         <input_file_ref idref="fl-37"/>
      </object_component>
      <object_component id="oc-f2">
         <name>.text:_HOSTwrite</name>
         <load_address>0x11828ac0</load_address>
         <run_address>0x11828ac0</run_address>
         <size>0xc0</size>
         <input_file_ref idref="fl-37"/>
      </object_component>
      <object_component id="oc-ea">
         <name>.text:__auto_init</name>
         <load_address>0x11828b80</load_address>
         <run_address>0x11828b80</run_address>
         <size>0xc0</size>
         <input_file_ref idref="fl-23"/>
      </object_component>
      <object_component id="oc-134">
         <name>.text:__div</name>
         <load_address>0x11828c40</load_address>
         <run_address>0x11828c40</run_address>
         <size>0xc0</size>
         <input_file_ref idref="fl-20"/>
      </object_component>
      <object_component id="oc-13b">
         <name>.text:__divu</name>
         <load_address>0x11828d00</load_address>
         <run_address>0x11828d00</run_address>
         <size>0xc0</size>
         <input_file_ref idref="fl-28"/>
      </object_component>
      <object_component id="oc-119">
         <name>.text:__doflush</name>
         <load_address>0x11828dc0</load_address>
         <run_address>0x11828dc0</run_address>
         <size>0xc0</size>
         <input_file_ref idref="fl-3b"/>
      </object_component>
      <object_component id="oc-ec">
         <name>.text:_exit</name>
         <load_address>0x11828e80</load_address>
         <run_address>0x11828e80</run_address>
         <size>0xc0</size>
         <input_file_ref idref="fl-16"/>
      </object_component>
      <object_component id="oc-139">
         <name>.text:_ltoa</name>
         <load_address>0x11828f40</load_address>
         <run_address>0x11828f40</run_address>
         <size>0xc0</size>
         <input_file_ref idref="fl-32"/>
      </object_component>
      <object_component id="oc-f0">
         <name>.text:_HOSTclose</name>
         <load_address>0x11829000</load_address>
         <run_address>0x11829000</run_address>
         <size>0xa0</size>
         <input_file_ref idref="fl-37"/>
      </object_component>
      <object_component id="oc-12e">
         <name>.text:__cleanup</name>
         <load_address>0x118290a0</load_address>
         <run_address>0x118290a0</run_address>
         <size>0xa0</size>
         <input_file_ref idref="fl-3e"/>
      </object_component>
      <object_component id="oc-141">
         <name>.text:__divli</name>
         <load_address>0x11829140</load_address>
         <run_address>0x11829140</run_address>
         <size>0xa0</size>
         <input_file_ref idref="fl-2e"/>
      </object_component>
      <object_component id="oc-130">
         <name>.text:__ecpy</name>
         <load_address>0x118291e0</load_address>
         <run_address>0x118291e0</run_address>
         <size>0xa0</size>
         <input_file_ref idref="fl-20"/>
      </object_component>
      <object_component id="oc-133">
         <name>.text:__fcpy</name>
         <load_address>0x11829280</load_address>
         <run_address>0x11829280</run_address>
         <size>0xa0</size>
         <input_file_ref idref="fl-20"/>
      </object_component>
      <object_component id="oc-138">
         <name>.text:__fixdli</name>
         <load_address>0x11829320</load_address>
         <run_address>0x11829320</run_address>
         <size>0xa0</size>
         <input_file_ref idref="fl-2a"/>
      </object_component>
      <object_component id="oc-10d">
         <name>.text:__nround</name>
         <load_address>0x118293c0</load_address>
         <run_address>0x118293c0</run_address>
         <size>0xa0</size>
         <input_file_ref idref="fl-1b"/>
      </object_component>
      <object_component id="oc-126">
         <name>.text:__pconv_f</name>
         <load_address>0x11829460</load_address>
         <run_address>0x11829460</run_address>
         <size>0xa0</size>
         <input_file_ref idref="fl-20"/>
      </object_component>
      <object_component id="oc-f6">
         <name>.text:_copy_in</name>
         <load_address>0x11829500</load_address>
         <run_address>0x11829500</run_address>
         <size>0xa0</size>
         <input_file_ref idref="fl-25"/>
      </object_component>
      <object_component id="oc-146">
         <name>.text:_finddevice</name>
         <load_address>0x118295a0</load_address>
         <run_address>0x118295a0</run_address>
         <size>0xa0</size>
         <input_file_ref idref="fl-31"/>
      </object_component>
      <object_component id="oc-12b">
         <name>.text:_lseek</name>
         <load_address>0x11829640</load_address>
         <run_address>0x11829640</run_address>
         <size>0xa0</size>
         <input_file_ref idref="fl-31"/>
      </object_component>
      <object_component id="oc-f7">
         <name>.text:_memcpy</name>
         <load_address>0x118296e0</load_address>
         <run_address>0x118296e0</run_address>
         <size>0xa0</size>
         <input_file_ref idref="fl-34"/>
      </object_component>
      <object_component id="oc-136">
         <name>.text:_minsert</name>
         <load_address>0x11829780</load_address>
         <run_address>0x11829780</run_address>
         <size>0xa0</size>
         <input_file_ref idref="fl-3f"/>
      </object_component>
      <object_component id="oc-10e">
         <name>.text:_modf</name>
         <load_address>0x11829820</load_address>
         <run_address>0x11829820</run_address>
         <size>0xa0</size>
         <input_file_ref idref="fl-19"/>
      </object_component>
      <object_component id="oc-135">
         <name>.text:_mremove</name>
         <load_address>0x118298c0</load_address>
         <run_address>0x118298c0</run_address>
         <size>0xa0</size>
         <input_file_ref idref="fl-3f"/>
      </object_component>
      <object_component id="oc-11a">
         <name>.text:_write</name>
         <load_address>0x11829960</load_address>
         <run_address>0x11829960</run_address>
         <size>0xa0</size>
         <input_file_ref idref="fl-31"/>
      </object_component>
      <object_component id="oc-13a">
         <name>.text:__fltlid</name>
         <load_address>0x11829a00</load_address>
         <run_address>0x11829a00</run_address>
         <size>0x80</size>
         <input_file_ref idref="fl-2b"/>
      </object_component>
      <object_component id="oc-142">
         <name>.text:__llshl</name>
         <load_address>0x11829a80</load_address>
         <run_address>0x11829a80</run_address>
         <size>0x80</size>
         <input_file_ref idref="fl-18"/>
      </object_component>
      <object_component id="oc-e">
         <name>.text:_c_int00</name>
         <load_address>0x11829b00</load_address>
         <run_address>0x11829b00</run_address>
         <size>0x80</size>
         <input_file_ref idref="fl-13"/>
      </object_component>
      <object_component id="oc-100">
         <name>.text:_readmsg</name>
         <load_address>0x11829b80</load_address>
         <run_address>0x11829b80</run_address>
         <size>0x80</size>
         <input_file_ref idref="fl-38"/>
      </object_component>
      <object_component id="oc-144">
         <name>.text:_unlink</name>
         <load_address>0x11829c00</load_address>
         <run_address>0x11829c00</run_address>
         <size>0x80</size>
         <input_file_ref idref="fl-31"/>
      </object_component>
      <object_component id="oc-f8">
         <name>.text:___TI_cpp_init</name>
         <load_address>0x11829c80</load_address>
         <run_address>0x11829c80</run_address>
         <size>0x60</size>
         <input_file_ref idref="fl-24"/>
      </object_component>
      <object_component id="oc-143">
         <name>.text:__subcull</name>
         <load_address>0x11829ce0</load_address>
         <run_address>0x11829ce0</run_address>
         <size>0x60</size>
         <input_file_ref idref="fl-2f"/>
      </object_component>
      <object_component id="oc-11f">
         <name>.text:_memccpy</name>
         <load_address>0x11829d40</load_address>
         <run_address>0x11829d40</run_address>
         <size>0x60</size>
         <input_file_ref idref="fl-33"/>
      </object_component>
      <object_component id="oc-ff">
         <name>.text:_writemsg</name>
         <load_address>0x11829da0</load_address>
         <run_address>0x11829da0</run_address>
         <size>0x60</size>
         <input_file_ref idref="fl-38"/>
      </object_component>
      <object_component id="oc-124">
         <name>.text:___isinf</name>
         <load_address>0x11829e00</load_address>
         <run_address>0x11829e00</run_address>
         <size>0x40</size>
         <input_file_ref idref="fl-30"/>
      </object_component>
      <object_component id="oc-123">
         <name>.text:___isnan</name>
         <load_address>0x11829e40</load_address>
         <run_address>0x11829e40</run_address>
         <size>0x40</size>
         <input_file_ref idref="fl-20"/>
      </object_component>
      <object_component id="oc-eb">
         <name>.text:__args_main</name>
         <load_address>0x11829e80</load_address>
         <run_address>0x11829e80</run_address>
         <size>0x40</size>
         <input_file_ref idref="fl-21"/>
      </object_component>
      <object_component id="oc-10b">
         <name>.text:__frcmpyd_div</name>
         <load_address>0x11829ec0</load_address>
         <run_address>0x11829ec0</run_address>
         <size>0x40</size>
         <input_file_ref idref="fl-17"/>
      </object_component>
      <object_component id="oc-10a">
         <name>.text:__llshru</name>
         <load_address>0x11829f00</load_address>
         <run_address>0x11829f00</run_address>
         <size>0x40</size>
         <input_file_ref idref="fl-18"/>
      </object_component>
      <object_component id="oc-140">
         <name>.text:__remli</name>
         <load_address>0x11829f40</load_address>
         <run_address>0x11829f40</run_address>
         <size>0x40</size>
         <input_file_ref idref="fl-2e"/>
      </object_component>
      <object_component id="oc-129">
         <name>.text:__negll</name>
         <load_address>0x11829f80</load_address>
         <run_address>0x11829f80</run_address>
         <size>0x20</size>
         <input_file_ref idref="fl-36"/>
      </object_component>
      <object_component id="oc-ee">
         <name>.text:__nop</name>
         <load_address>0x11829fa0</load_address>
         <run_address>0x11829fa0</run_address>
         <size>0x20</size>
         <input_file_ref idref="fl-1f"/>
      </object_component>
      <object_component id="oc-111">
         <name>.text:__outc</name>
         <load_address>0x11829fc0</load_address>
         <run_address>0x11829fc0</run_address>
         <size>0x20</size>
         <input_file_ref idref="fl-1a"/>
      </object_component>
      <object_component id="oc-10f">
         <name>.text:__outs</name>
         <load_address>0x11829fe0</load_address>
         <run_address>0x11829fe0</run_address>
         <size>0x20</size>
         <input_file_ref idref="fl-1a"/>
      </object_component>
      <object_component id="oc-10c">
         <name>.text:__trunc</name>
         <load_address>0x1182a000</load_address>
         <run_address>0x1182a000</run_address>
         <size>0x20</size>
         <input_file_ref idref="fl-1e"/>
      </object_component>
      <object_component id="oc-fa">
         <name>.text:_abort</name>
         <load_address>0x1182a020</load_address>
         <run_address>0x1182a020</run_address>
         <size>0x20</size>
         <input_file_ref idref="fl-16"/>
      </object_component>
      <object_component id="oc-13f">
         <name>.text:_remove</name>
         <load_address>0x1182a040</load_address>
         <run_address>0x1182a040</run_address>
         <size>0x20</size>
         <input_file_ref idref="fl-41"/>
      </object_component>
      <object_component id="oc-f">
         <name>.text</name>
         <load_address>0x1182a060</load_address>
         <run_address>0x1182a060</run_address>
         <size>0x20</size>
         <input_file_ref idref="fl-2"/>
      </object_component>
      <object_component id="oc-122">
         <name>.const:.string:__ctypes_</name>
         <load_address>0x1182ae00</load_address>
         <run_address>0x1182ae00</run_address>
         <size>0x101</size>
         <input_file_ref idref="fl-26"/>
      </object_component>
      <object_component id="oc-a2">
         <name>.const:.string</name>
         <load_address>0x1182af01</load_address>
         <run_address>0x1182af01</run_address>
         <size>0x2</size>
         <input_file_ref idref="fl-2d"/>
      </object_component>
      <object_component id="oc-107">
         <name>.const:_bitval_u32</name>
         <load_address>0x1182af08</load_address>
         <run_address>0x1182af08</run_address>
         <size>0x80</size>
         <input_file_ref idref="fl-10"/>
      </object_component>
      <object_component id="oc-3b">
         <name>.const:.string</name>
         <load_address>0x1182af88</load_address>
         <run_address>0x1182af88</run_address>
         <size>0x40</size>
         <input_file_ref idref="fl-10"/>
      </object_component>
      <object_component id="oc-79">
         <name>.const:.string</name>
         <load_address>0x1182afc8</load_address>
         <run_address>0x1182afc8</run_address>
         <size>0x23</size>
         <input_file_ref idref="fl-20"/>
      </object_component>
      <object_component id="oc-18">
         <name>.bss</name>
         <uninitialized>true</uninitialized>
         <run_address>0x1182abe4</run_address>
         <size>0x12</size>
         <input_file_ref idref="fl-4"/>
      </object_component>
      <object_component id="oc-27">
         <name>.bss</name>
         <uninitialized>true</uninitialized>
         <run_address>0x1182abc8</run_address>
         <size>0x1c</size>
         <input_file_ref idref="fl-7"/>
      </object_component>
      <object_component id="oc-43">
         <name>.bss</name>
         <uninitialized>true</uninitialized>
         <run_address>0x1182abf8</run_address>
         <size>0x4</size>
         <input_file_ref idref="fl-12"/>
      </object_component>
      <object_component id="oc-1a">
         <name>.far</name>
         <uninitialized>true</uninitialized>
         <run_address>0x11800000</run_address>
         <size>0xfd00</size>
         <input_file_ref idref="fl-4"/>
      </object_component>
      <object_component id="oc-2a">
         <name>.far</name>
         <uninitialized>true</uninitialized>
         <run_address>0x118101d4</run_address>
         <size>0x8</size>
         <input_file_ref idref="fl-7"/>
      </object_component>
      <object_component id="oc-4e">
         <name>.far</name>
         <uninitialized>true</uninitialized>
         <run_address>0x11810148</run_address>
         <size>0x40</size>
         <input_file_ref idref="fl-14"/>
      </object_component>
      <object_component id="oc-56">
         <name>.far</name>
         <uninitialized>true</uninitialized>
         <run_address>0x118101c8</run_address>
         <size>0xc</size>
         <input_file_ref idref="fl-16"/>
      </object_component>
      <object_component id="oc-6a">
         <name>.far</name>
         <uninitialized>true</uninitialized>
         <run_address>0x11810188</run_address>
         <size>0x40</size>
         <input_file_ref idref="fl-1c"/>
      </object_component>
      <object_component id="oc-75">
         <name>.far</name>
         <uninitialized>true</uninitialized>
         <run_address>0x118101dc</run_address>
         <size>0x8</size>
         <input_file_ref idref="fl-1f"/>
      </object_component>
      <object_component id="oc-8f">
         <name>.far</name>
         <uninitialized>true</uninitialized>
         <run_address>0x1180fd00</run_address>
         <size>0x324</size>
         <input_file_ref idref="fl-27"/>
      </object_component>
      <object_component id="oc-96">
         <name>.far</name>
         <uninitialized>true</uninitialized>
         <run_address>0x11810024</run_address>
         <size>0x4</size>
         <input_file_ref idref="fl-29"/>
      </object_component>
      <object_component id="oc-b0">
         <name>.far</name>
         <uninitialized>true</uninitialized>
         <run_address>0x11810028</run_address>
         <size>0x11c</size>
         <input_file_ref idref="fl-31"/>
      </object_component>
      <object_component id="oc-c3">
         <name>.far</name>
         <uninitialized>true</uninitialized>
         <run_address>0x118101f0</run_address>
         <size>0x8</size>
         <input_file_ref idref="fl-37"/>
      </object_component>
      <object_component id="oc-db">
         <name>.far</name>
         <uninitialized>true</uninitialized>
         <run_address>0x11810144</run_address>
         <size>0x4</size>
         <input_file_ref idref="fl-3e"/>
      </object_component>
      <object_component id="oc-e0">
         <name>.far</name>
         <uninitialized>true</uninitialized>
         <run_address>0x118101e4</run_address>
         <size>0x8</size>
         <input_file_ref idref="fl-3f"/>
      </object_component>
      <object_component id="oc-106">
         <name>.switch:_getRegisterBankAndBit</name>
         <load_address>0x1182afec</load_address>
         <run_address>0x1182afec</run_address>
         <size>0x24</size>
         <input_file_ref idref="fl-e"/>
      </object_component>
      <object_component id="oc-49">
         <name>.stack</name>
         <uninitialized>true</uninitialized>
         <run_address>0x1182a080</run_address>
         <size>0x8</size>
         <input_file_ref idref="fl-13"/>
      </object_component>
      <object_component id="oc-15c">
         <name>.stack</name>
         <uninitialized>true</uninitialized>
         <run_address>0x1182a080</run_address>
         <size>0x0</size>
      </object_component>
      <object_component id="oc-8e">
         <name>.cinit</name>
         <load_address>0x1182a880</load_address>
         <run_address>0x1182a880</run_address>
         <size>0x5c</size>
         <input_file_ref idref="fl-27"/>
      </object_component>
      <object_component id="oc-af">
         <name>.cinit</name>
         <load_address>0x1182a8e0</load_address>
         <run_address>0x1182a8e0</run_address>
         <size>0x5c</size>
         <input_file_ref idref="fl-31"/>
      </object_component>
      <object_component id="oc-4d">
         <name>.cinit</name>
         <load_address>0x1182a940</load_address>
         <run_address>0x1182a940</run_address>
         <size>0x48</size>
         <input_file_ref idref="fl-14"/>
      </object_component>
      <object_component id="oc-69">
         <name>.cinit</name>
         <load_address>0x1182a988</load_address>
         <run_address>0x1182a988</run_address>
         <size>0x48</size>
         <input_file_ref idref="fl-1c"/>
      </object_component>
      <object_component id="oc-29">
         <name>.cinit</name>
         <load_address>0x1182a9d0</load_address>
         <run_address>0x1182a9d0</run_address>
         <size>0x2c</size>
         <input_file_ref idref="fl-7"/>
      </object_component>
      <object_component id="oc-55">
         <name>.cinit</name>
         <load_address>0x1182aa00</load_address>
         <run_address>0x1182aa00</run_address>
         <size>0x2c</size>
         <input_file_ref idref="fl-16"/>
      </object_component>
      <object_component id="oc-df">
         <name>.cinit</name>
         <load_address>0x1182aa30</load_address>
         <run_address>0x1182aa30</run_address>
         <size>0x2c</size>
         <input_file_ref idref="fl-3f"/>
      </object_component>
      <object_component id="oc-74">
         <name>.cinit</name>
         <load_address>0x1182aa60</load_address>
         <run_address>0x1182aa60</run_address>
         <size>0x1c</size>
         <input_file_ref idref="fl-1f"/>
      </object_component>
      <object_component id="oc-95">
         <name>.cinit</name>
         <load_address>0x1182aa80</load_address>
         <run_address>0x1182aa80</run_address>
         <size>0xc</size>
         <input_file_ref idref="fl-29"/>
      </object_component>
      <object_component id="oc-da">
         <name>.cinit</name>
         <load_address>0x1182aa90</load_address>
         <run_address>0x1182aa90</run_address>
         <size>0xc</size>
         <input_file_ref idref="fl-3e"/>
      </object_component>
      <object_component id="oc-e1">
         <name>.sysmem</name>
         <uninitialized>true</uninitialized>
         <run_address>0x118101f8</run_address>
         <size>0x8</size>
         <input_file_ref idref="fl-3f"/>
      </object_component>
      <object_component id="oc-15d">
         <name>.sysmem</name>
         <uninitialized>true</uninitialized>
         <run_address>0x118101f8</run_address>
         <size>0x0</size>
      </object_component>
      <object_component id="oc-c7">
         <name>.cio</name>
         <uninitialized>true</uninitialized>
         <run_address>0x1182aaa8</run_address>
         <size>0x120</size>
         <input_file_ref idref="fl-38"/>
      </object_component>
      <object_component id="oc-10">
         <name>.vecs</name>
         <load_address>0x1182ac00</load_address>
         <run_address>0x1182ac00</run_address>
         <size>0x200</size>
         <input_file_ref idref="fl-2"/>
      </object_component>
      <object_component id="oc-11">
         <name>.debug_info</name>
         <load_address>0x0</load_address>
         <run_address>0x0</run_address>
         <size>0xf1</size>
         <input_file_ref idref="fl-2"/>
      </object_component>
      <object_component id="oc-14">
         <name>.debug_info</name>
         <load_address>0xf1</load_address>
         <run_address>0xf1</run_address>
         <size>0x5c6</size>
         <input_file_ref idref="fl-3"/>
      </object_component>
      <object_component id="oc-19">
         <name>.debug_info</name>
         <load_address>0x6b7</load_address>
         <run_address>0x6b7</run_address>
         <size>0xf19</size>
         <input_file_ref idref="fl-4"/>
      </object_component>
      <object_component id="oc-1f">
         <name>.debug_info</name>
         <load_address>0x15d0</load_address>
         <run_address>0x15d0</run_address>
         <size>0x5c2</size>
         <input_file_ref idref="fl-5"/>
      </object_component>
      <object_component id="oc-23">
         <name>.debug_info</name>
         <load_address>0x1b92</load_address>
         <run_address>0x1b92</run_address>
         <size>0x69c</size>
         <input_file_ref idref="fl-6"/>
      </object_component>
      <object_component id="oc-28">
         <name>.debug_info</name>
         <load_address>0x222e</load_address>
         <run_address>0x222e</run_address>
         <size>0x3b6a</size>
         <input_file_ref idref="fl-7"/>
      </object_component>
      <object_component id="oc-2e">
         <name>.debug_info</name>
         <load_address>0x5d98</load_address>
         <run_address>0x5d98</run_address>
         <size>0xb66</size>
         <input_file_ref idref="fl-d"/>
      </object_component>
      <object_component id="oc-32">
         <name>.debug_info</name>
         <load_address>0x68fe</load_address>
         <run_address>0x68fe</run_address>
         <size>0x103b</size>
         <input_file_ref idref="fl-e"/>
      </object_component>
      <object_component id="oc-36">
         <name>.debug_info</name>
         <load_address>0x7939</load_address>
         <run_address>0x7939</run_address>
         <size>0xf0d</size>
         <input_file_ref idref="fl-f"/>
      </object_component>
      <object_component id="oc-3a">
         <name>.debug_info</name>
         <load_address>0x8846</load_address>
         <run_address>0x8846</run_address>
         <size>0x27ab</size>
         <input_file_ref idref="fl-10"/>
      </object_component>
      <object_component id="oc-3f">
         <name>.debug_info</name>
         <load_address>0xaff1</load_address>
         <run_address>0xaff1</run_address>
         <size>0xf63</size>
         <input_file_ref idref="fl-11"/>
      </object_component>
      <object_component id="oc-44">
         <name>.debug_info</name>
         <load_address>0xbf54</load_address>
         <run_address>0xbf54</run_address>
         <size>0x1400</size>
         <input_file_ref idref="fl-12"/>
      </object_component>
      <object_component id="oc-48">
         <name>.debug_info</name>
         <load_address>0xd354</load_address>
         <run_address>0xd354</run_address>
         <size>0x6f2</size>
         <input_file_ref idref="fl-13"/>
      </object_component>
      <object_component id="oc-4c">
         <name>.debug_info</name>
         <load_address>0xda46</load_address>
         <run_address>0xda46</run_address>
         <size>0x6e4</size>
         <input_file_ref idref="fl-14"/>
      </object_component>
      <object_component id="oc-51">
         <name>.debug_info</name>
         <load_address>0xe12a</load_address>
         <run_address>0xe12a</run_address>
         <size>0x96a</size>
         <input_file_ref idref="fl-15"/>
      </object_component>
      <object_component id="oc-54">
         <name>.debug_info</name>
         <load_address>0xea94</load_address>
         <run_address>0xea94</run_address>
         <size>0x7bf</size>
         <input_file_ref idref="fl-16"/>
      </object_component>
      <object_component id="oc-59">
         <name>.debug_info</name>
         <load_address>0xf253</load_address>
         <run_address>0xf253</run_address>
         <size>0x653</size>
         <input_file_ref idref="fl-17"/>
      </object_component>
      <object_component id="oc-5c">
         <name>.debug_info</name>
         <load_address>0xf8a6</load_address>
         <run_address>0xf8a6</run_address>
         <size>0x6e8</size>
         <input_file_ref idref="fl-18"/>
      </object_component>
      <object_component id="oc-5f">
         <name>.debug_info</name>
         <load_address>0xff8e</load_address>
         <run_address>0xff8e</run_address>
         <size>0x667</size>
         <input_file_ref idref="fl-19"/>
      </object_component>
      <object_component id="oc-62">
         <name>.debug_info</name>
         <load_address>0x105f5</load_address>
         <run_address>0x105f5</run_address>
         <size>0x8e9</size>
         <input_file_ref idref="fl-1a"/>
      </object_component>
      <object_component id="oc-65">
         <name>.debug_info</name>
         <load_address>0x10ede</load_address>
         <run_address>0x10ede</run_address>
         <size>0x63a</size>
         <input_file_ref idref="fl-1b"/>
      </object_component>
      <object_component id="oc-68">
         <name>.debug_info</name>
         <load_address>0x11518</load_address>
         <run_address>0x11518</run_address>
         <size>0x6e4</size>
         <input_file_ref idref="fl-1c"/>
      </object_component>
      <object_component id="oc-6d">
         <name>.debug_info</name>
         <load_address>0x11bfc</load_address>
         <run_address>0x11bfc</run_address>
         <size>0x85c</size>
         <input_file_ref idref="fl-1d"/>
      </object_component>
      <object_component id="oc-70">
         <name>.debug_info</name>
         <load_address>0x12458</load_address>
         <run_address>0x12458</run_address>
         <size>0x638</size>
         <input_file_ref idref="fl-1e"/>
      </object_component>
      <object_component id="oc-73">
         <name>.debug_info</name>
         <load_address>0x12a90</load_address>
         <run_address>0x12a90</run_address>
         <size>0x633</size>
         <input_file_ref idref="fl-1f"/>
      </object_component>
      <object_component id="oc-78">
         <name>.debug_info</name>
         <load_address>0x130c3</load_address>
         <run_address>0x130c3</run_address>
         <size>0x2674</size>
         <input_file_ref idref="fl-20"/>
      </object_component>
      <object_component id="oc-7c">
         <name>.debug_info</name>
         <load_address>0x15737</load_address>
         <run_address>0x15737</run_address>
         <size>0x6c8</size>
         <input_file_ref idref="fl-21"/>
      </object_component>
      <object_component id="oc-7f">
         <name>.debug_info</name>
         <load_address>0x15dff</load_address>
         <run_address>0x15dff</run_address>
         <size>0x6d5</size>
         <input_file_ref idref="fl-22"/>
      </object_component>
      <object_component id="oc-82">
         <name>.debug_info</name>
         <load_address>0x164d4</load_address>
         <run_address>0x164d4</run_address>
         <size>0x83e</size>
         <input_file_ref idref="fl-23"/>
      </object_component>
      <object_component id="oc-85">
         <name>.debug_info</name>
         <load_address>0x16d12</load_address>
         <run_address>0x16d12</run_address>
         <size>0x6b6</size>
         <input_file_ref idref="fl-24"/>
      </object_component>
      <object_component id="oc-88">
         <name>.debug_info</name>
         <load_address>0x173c8</load_address>
         <run_address>0x173c8</run_address>
         <size>0x7ac</size>
         <input_file_ref idref="fl-25"/>
      </object_component>
      <object_component id="oc-8b">
         <name>.debug_info</name>
         <load_address>0x17b74</load_address>
         <run_address>0x17b74</run_address>
         <size>0x5e1</size>
         <input_file_ref idref="fl-26"/>
      </object_component>
      <object_component id="oc-8d">
         <name>.debug_info</name>
         <load_address>0x18155</load_address>
         <run_address>0x18155</run_address>
         <size>0x6ce</size>
         <input_file_ref idref="fl-27"/>
      </object_component>
      <object_component id="oc-91">
         <name>.debug_info</name>
         <load_address>0x18823</load_address>
         <run_address>0x18823</run_address>
         <size>0xbd</size>
         <input_file_ref idref="fl-28"/>
      </object_component>
      <object_component id="oc-94">
         <name>.debug_info</name>
         <load_address>0x188e0</load_address>
         <run_address>0x188e0</run_address>
         <size>0x5c9</size>
         <input_file_ref idref="fl-29"/>
      </object_component>
      <object_component id="oc-98">
         <name>.debug_info</name>
         <load_address>0x18ea9</load_address>
         <run_address>0x18ea9</run_address>
         <size>0x67e</size>
         <input_file_ref idref="fl-2a"/>
      </object_component>
      <object_component id="oc-9b">
         <name>.debug_info</name>
         <load_address>0x19527</load_address>
         <run_address>0x19527</run_address>
         <size>0x697</size>
         <input_file_ref idref="fl-2b"/>
      </object_component>
      <object_component id="oc-9e">
         <name>.debug_info</name>
         <load_address>0x19bbe</load_address>
         <run_address>0x19bbe</run_address>
         <size>0x811</size>
         <input_file_ref idref="fl-2c"/>
      </object_component>
      <object_component id="oc-a1">
         <name>.debug_info</name>
         <load_address>0x1a3cf</load_address>
         <run_address>0x1a3cf</run_address>
         <size>0xa9d</size>
         <input_file_ref idref="fl-2d"/>
      </object_component>
      <object_component id="oc-a5">
         <name>.debug_info</name>
         <load_address>0x1ae6c</load_address>
         <run_address>0x1ae6c</run_address>
         <size>0x78a</size>
         <input_file_ref idref="fl-2e"/>
      </object_component>
      <object_component id="oc-a8">
         <name>.debug_info</name>
         <load_address>0x1b5f6</load_address>
         <run_address>0x1b5f6</run_address>
         <size>0x785</size>
         <input_file_ref idref="fl-2f"/>
      </object_component>
      <object_component id="oc-ab">
         <name>.debug_info</name>
         <load_address>0x1bd7b</load_address>
         <run_address>0x1bd7b</run_address>
         <size>0x7fd</size>
         <input_file_ref idref="fl-30"/>
      </object_component>
      <object_component id="oc-ae">
         <name>.debug_info</name>
         <load_address>0x1c578</load_address>
         <run_address>0x1c578</run_address>
         <size>0xe70</size>
         <input_file_ref idref="fl-31"/>
      </object_component>
      <object_component id="oc-b3">
         <name>.debug_info</name>
         <load_address>0x1d3e8</load_address>
         <run_address>0x1d3e8</run_address>
         <size>0x716</size>
         <input_file_ref idref="fl-32"/>
      </object_component>
      <object_component id="oc-b6">
         <name>.debug_info</name>
         <load_address>0x1dafe</load_address>
         <run_address>0x1dafe</run_address>
         <size>0x6b9</size>
         <input_file_ref idref="fl-33"/>
      </object_component>
      <object_component id="oc-b9">
         <name>.debug_info</name>
         <load_address>0x1e1b7</load_address>
         <run_address>0x1e1b7</run_address>
         <size>0xcc</size>
         <input_file_ref idref="fl-34"/>
      </object_component>
      <object_component id="oc-bc">
         <name>.debug_info</name>
         <load_address>0x1e283</load_address>
         <run_address>0x1e283</run_address>
         <size>0x79d</size>
         <input_file_ref idref="fl-35"/>
      </object_component>
      <object_component id="oc-bf">
         <name>.debug_info</name>
         <load_address>0x1ea20</load_address>
         <run_address>0x1ea20</run_address>
         <size>0x5ff</size>
         <input_file_ref idref="fl-36"/>
      </object_component>
      <object_component id="oc-c2">
         <name>.debug_info</name>
         <load_address>0x1f01f</load_address>
         <run_address>0x1f01f</run_address>
         <size>0xdc3</size>
         <input_file_ref idref="fl-37"/>
      </object_component>
      <object_component id="oc-c6">
         <name>.debug_info</name>
         <load_address>0x1fde2</load_address>
         <run_address>0x1fde2</run_address>
         <size>0x850</size>
         <input_file_ref idref="fl-38"/>
      </object_component>
      <object_component id="oc-ca">
         <name>.debug_info</name>
         <load_address>0x20632</load_address>
         <run_address>0x20632</run_address>
         <size>0x741</size>
         <input_file_ref idref="fl-39"/>
      </object_component>
      <object_component id="oc-cd">
         <name>.debug_info</name>
         <load_address>0x20d73</load_address>
         <run_address>0x20d73</run_address>
         <size>0x5b3</size>
         <input_file_ref idref="fl-3a"/>
      </object_component>
      <object_component id="oc-d0">
         <name>.debug_info</name>
         <load_address>0x21326</load_address>
         <run_address>0x21326</run_address>
         <size>0x768</size>
         <input_file_ref idref="fl-3b"/>
      </object_component>
      <object_component id="oc-d3">
         <name>.debug_info</name>
         <load_address>0x21a8e</load_address>
         <run_address>0x21a8e</run_address>
         <size>0x7a0</size>
         <input_file_ref idref="fl-3c"/>
      </object_component>
      <object_component id="oc-d6">
         <name>.debug_info</name>
         <load_address>0x2222e</load_address>
         <run_address>0x2222e</run_address>
         <size>0x7f3</size>
         <input_file_ref idref="fl-3d"/>
      </object_component>
      <object_component id="oc-d9">
         <name>.debug_info</name>
         <load_address>0x22a21</load_address>
         <run_address>0x22a21</run_address>
         <size>0x852</size>
         <input_file_ref idref="fl-3e"/>
      </object_component>
      <object_component id="oc-de">
         <name>.debug_info</name>
         <load_address>0x23273</load_address>
         <run_address>0x23273</run_address>
         <size>0xabf</size>
         <input_file_ref idref="fl-3f"/>
      </object_component>
      <object_component id="oc-e4">
         <name>.debug_info</name>
         <load_address>0x23d32</load_address>
         <run_address>0x23d32</run_address>
         <size>0x7ed</size>
         <input_file_ref idref="fl-40"/>
      </object_component>
      <object_component id="oc-e7">
         <name>.debug_info</name>
         <load_address>0x2451f</load_address>
         <run_address>0x2451f</run_address>
         <size>0x64b</size>
         <input_file_ref idref="fl-41"/>
      </object_component>
      <object_component id="oc-15e">
         <name>.debug_info</name>
         <load_address>0x24b6a</load_address>
         <run_address>0x24b6a</run_address>
         <size>0x6d</size>
      </object_component>
      <object_component id="oc-12">
         <name>.debug_line</name>
         <load_address>0x0</load_address>
         <run_address>0x0</run_address>
         <size>0xcd</size>
         <input_file_ref idref="fl-2"/>
      </object_component>
      <object_component id="oc-16">
         <name>.debug_line</name>
         <load_address>0xcd</load_address>
         <run_address>0xcd</run_address>
         <size>0x26</size>
         <input_file_ref idref="fl-3"/>
      </object_component>
      <object_component id="oc-1d">
         <name>.debug_line</name>
         <load_address>0xf3</load_address>
         <run_address>0xf3</run_address>
         <size>0x1b6</size>
         <input_file_ref idref="fl-4"/>
      </object_component>
      <object_component id="oc-21">
         <name>.debug_line</name>
         <load_address>0x2a9</load_address>
         <run_address>0x2a9</run_address>
         <size>0x27</size>
         <input_file_ref idref="fl-5"/>
      </object_component>
      <object_component id="oc-25">
         <name>.debug_line</name>
         <load_address>0x2d0</load_address>
         <run_address>0x2d0</run_address>
         <size>0x37</size>
         <input_file_ref idref="fl-6"/>
      </object_component>
      <object_component id="oc-2c">
         <name>.debug_line</name>
         <load_address>0x307</load_address>
         <run_address>0x307</run_address>
         <size>0x601</size>
         <input_file_ref idref="fl-7"/>
      </object_component>
      <object_component id="oc-30">
         <name>.debug_line</name>
         <load_address>0x908</load_address>
         <run_address>0x908</run_address>
         <size>0xd8</size>
         <input_file_ref idref="fl-d"/>
      </object_component>
      <object_component id="oc-34">
         <name>.debug_line</name>
         <load_address>0x9e0</load_address>
         <run_address>0x9e0</run_address>
         <size>0x1ba</size>
         <input_file_ref idref="fl-e"/>
      </object_component>
      <object_component id="oc-38">
         <name>.debug_line</name>
         <load_address>0xb9a</load_address>
         <run_address>0xb9a</run_address>
         <size>0xad</size>
         <input_file_ref idref="fl-f"/>
      </object_component>
      <object_component id="oc-3d">
         <name>.debug_line</name>
         <load_address>0xc47</load_address>
         <run_address>0xc47</run_address>
         <size>0x2d8</size>
         <input_file_ref idref="fl-10"/>
      </object_component>
      <object_component id="oc-41">
         <name>.debug_line</name>
         <load_address>0xf1f</load_address>
         <run_address>0xf1f</run_address>
         <size>0x169</size>
         <input_file_ref idref="fl-11"/>
      </object_component>
      <object_component id="oc-46">
         <name>.debug_line</name>
         <load_address>0x1088</load_address>
         <run_address>0x1088</run_address>
         <size>0x143</size>
         <input_file_ref idref="fl-12"/>
      </object_component>
      <object_component id="oc-4a">
         <name>.debug_line</name>
         <load_address>0x11cb</load_address>
         <run_address>0x11cb</run_address>
         <size>0x3d</size>
         <input_file_ref idref="fl-13"/>
      </object_component>
      <object_component id="oc-4f">
         <name>.debug_line</name>
         <load_address>0x1208</load_address>
         <run_address>0x1208</run_address>
         <size>0x54</size>
         <input_file_ref idref="fl-14"/>
      </object_component>
      <object_component id="oc-52">
         <name>.debug_line</name>
         <load_address>0x125c</load_address>
         <run_address>0x125c</run_address>
         <size>0x3c</size>
         <input_file_ref idref="fl-15"/>
      </object_component>
      <object_component id="oc-57">
         <name>.debug_line</name>
         <load_address>0x1298</load_address>
         <run_address>0x1298</run_address>
         <size>0x4f</size>
         <input_file_ref idref="fl-16"/>
      </object_component>
      <object_component id="oc-5a">
         <name>.debug_line</name>
         <load_address>0x12e7</load_address>
         <run_address>0x12e7</run_address>
         <size>0x3e</size>
         <input_file_ref idref="fl-17"/>
      </object_component>
      <object_component id="oc-5d">
         <name>.debug_line</name>
         <load_address>0x1325</load_address>
         <run_address>0x1325</run_address>
         <size>0x56</size>
         <input_file_ref idref="fl-18"/>
      </object_component>
      <object_component id="oc-60">
         <name>.debug_line</name>
         <load_address>0x137b</load_address>
         <run_address>0x137b</run_address>
         <size>0x37</size>
         <input_file_ref idref="fl-19"/>
      </object_component>
      <object_component id="oc-63">
         <name>.debug_line</name>
         <load_address>0x13b2</load_address>
         <run_address>0x13b2</run_address>
         <size>0x6a</size>
         <input_file_ref idref="fl-1a"/>
      </object_component>
      <object_component id="oc-66">
         <name>.debug_line</name>
         <load_address>0x141c</load_address>
         <run_address>0x141c</run_address>
         <size>0x38</size>
         <input_file_ref idref="fl-1b"/>
      </object_component>
      <object_component id="oc-6b">
         <name>.debug_line</name>
         <load_address>0x1454</load_address>
         <run_address>0x1454</run_address>
         <size>0x50</size>
         <input_file_ref idref="fl-1c"/>
      </object_component>
      <object_component id="oc-6e">
         <name>.debug_line</name>
         <load_address>0x14a4</load_address>
         <run_address>0x14a4</run_address>
         <size>0x68</size>
         <input_file_ref idref="fl-1d"/>
      </object_component>
      <object_component id="oc-71">
         <name>.debug_line</name>
         <load_address>0x150c</load_address>
         <run_address>0x150c</run_address>
         <size>0x38</size>
         <input_file_ref idref="fl-1e"/>
      </object_component>
      <object_component id="oc-76">
         <name>.debug_line</name>
         <load_address>0x1544</load_address>
         <run_address>0x1544</run_address>
         <size>0x35</size>
         <input_file_ref idref="fl-1f"/>
      </object_component>
      <object_component id="oc-7a">
         <name>.debug_line</name>
         <load_address>0x1579</load_address>
         <run_address>0x1579</run_address>
         <size>0x31a</size>
         <input_file_ref idref="fl-20"/>
      </object_component>
      <object_component id="oc-7d">
         <name>.debug_line</name>
         <load_address>0x1893</load_address>
         <run_address>0x1893</run_address>
         <size>0x3f</size>
         <input_file_ref idref="fl-21"/>
      </object_component>
      <object_component id="oc-80">
         <name>.debug_line</name>
         <load_address>0x18d2</load_address>
         <run_address>0x18d2</run_address>
         <size>0x45</size>
         <input_file_ref idref="fl-22"/>
      </object_component>
      <object_component id="oc-83">
         <name>.debug_line</name>
         <load_address>0x1917</load_address>
         <run_address>0x1917</run_address>
         <size>0x49</size>
         <input_file_ref idref="fl-23"/>
      </object_component>
      <object_component id="oc-86">
         <name>.debug_line</name>
         <load_address>0x1960</load_address>
         <run_address>0x1960</run_address>
         <size>0x45</size>
         <input_file_ref idref="fl-24"/>
      </object_component>
      <object_component id="oc-89">
         <name>.debug_line</name>
         <load_address>0x19a5</load_address>
         <run_address>0x19a5</run_address>
         <size>0x44</size>
         <input_file_ref idref="fl-25"/>
      </object_component>
      <object_component id="oc-92">
         <name>.debug_line</name>
         <load_address>0x19e9</load_address>
         <run_address>0x19e9</run_address>
         <size>0x44</size>
         <input_file_ref idref="fl-28"/>
      </object_component>
      <object_component id="oc-99">
         <name>.debug_line</name>
         <load_address>0x1a2d</load_address>
         <run_address>0x1a2d</run_address>
         <size>0x3d</size>
         <input_file_ref idref="fl-2a"/>
      </object_component>
      <object_component id="oc-9c">
         <name>.debug_line</name>
         <load_address>0x1a6a</load_address>
         <run_address>0x1a6a</run_address>
         <size>0x3d</size>
         <input_file_ref idref="fl-2b"/>
      </object_component>
      <object_component id="oc-9f">
         <name>.debug_line</name>
         <load_address>0x1aa7</load_address>
         <run_address>0x1aa7</run_address>
         <size>0x3f</size>
         <input_file_ref idref="fl-2c"/>
      </object_component>
      <object_component id="oc-a3">
         <name>.debug_line</name>
         <load_address>0x1ae6</load_address>
         <run_address>0x1ae6</run_address>
         <size>0x93</size>
         <input_file_ref idref="fl-2d"/>
      </object_component>
      <object_component id="oc-a6">
         <name>.debug_line</name>
         <load_address>0x1b79</load_address>
         <run_address>0x1b79</run_address>
         <size>0x73</size>
         <input_file_ref idref="fl-2e"/>
      </object_component>
      <object_component id="oc-a9">
         <name>.debug_line</name>
         <load_address>0x1bec</load_address>
         <run_address>0x1bec</run_address>
         <size>0x61</size>
         <input_file_ref idref="fl-2f"/>
      </object_component>
      <object_component id="oc-ac">
         <name>.debug_line</name>
         <load_address>0x1c4d</load_address>
         <run_address>0x1c4d</run_address>
         <size>0x38</size>
         <input_file_ref idref="fl-30"/>
      </object_component>
      <object_component id="oc-b1">
         <name>.debug_line</name>
         <load_address>0x1c85</load_address>
         <run_address>0x1c85</run_address>
         <size>0xf5</size>
         <input_file_ref idref="fl-31"/>
      </object_component>
      <object_component id="oc-b4">
         <name>.debug_line</name>
         <load_address>0x1d7a</load_address>
         <run_address>0x1d7a</run_address>
         <size>0x40</size>
         <input_file_ref idref="fl-32"/>
      </object_component>
      <object_component id="oc-b7">
         <name>.debug_line</name>
         <load_address>0x1dba</load_address>
         <run_address>0x1dba</run_address>
         <size>0x3f</size>
         <input_file_ref idref="fl-33"/>
      </object_component>
      <object_component id="oc-ba">
         <name>.debug_line</name>
         <load_address>0x1df9</load_address>
         <run_address>0x1df9</run_address>
         <size>0x4a</size>
         <input_file_ref idref="fl-34"/>
      </object_component>
      <object_component id="oc-bd">
         <name>.debug_line</name>
         <load_address>0x1e43</load_address>
         <run_address>0x1e43</run_address>
         <size>0x46</size>
         <input_file_ref idref="fl-35"/>
      </object_component>
      <object_component id="oc-c0">
         <name>.debug_line</name>
         <load_address>0x1e89</load_address>
         <run_address>0x1e89</run_address>
         <size>0x39</size>
         <input_file_ref idref="fl-36"/>
      </object_component>
      <object_component id="oc-c4">
         <name>.debug_line</name>
         <load_address>0x1ec2</load_address>
         <run_address>0x1ec2</run_address>
         <size>0x126</size>
         <input_file_ref idref="fl-37"/>
      </object_component>
      <object_component id="oc-c8">
         <name>.debug_line</name>
         <load_address>0x1fe8</load_address>
         <run_address>0x1fe8</run_address>
         <size>0x66</size>
         <input_file_ref idref="fl-38"/>
      </object_component>
      <object_component id="oc-cb">
         <name>.debug_line</name>
         <load_address>0x204e</load_address>
         <run_address>0x204e</run_address>
         <size>0x40</size>
         <input_file_ref idref="fl-39"/>
      </object_component>
      <object_component id="oc-ce">
         <name>.debug_line</name>
         <load_address>0x208e</load_address>
         <run_address>0x208e</run_address>
         <size>0x23</size>
         <input_file_ref idref="fl-3a"/>
      </object_component>
      <object_component id="oc-d1">
         <name>.debug_line</name>
         <load_address>0x20b1</load_address>
         <run_address>0x20b1</run_address>
         <size>0x3e</size>
         <input_file_ref idref="fl-3b"/>
      </object_component>
      <object_component id="oc-d4">
         <name>.debug_line</name>
         <load_address>0x20ef</load_address>
         <run_address>0x20ef</run_address>
         <size>0x3c</size>
         <input_file_ref idref="fl-3c"/>
      </object_component>
      <object_component id="oc-d7">
         <name>.debug_line</name>
         <load_address>0x212b</load_address>
         <run_address>0x212b</run_address>
         <size>0x3f</size>
         <input_file_ref idref="fl-3d"/>
      </object_component>
      <object_component id="oc-dc">
         <name>.debug_line</name>
         <load_address>0x216a</load_address>
         <run_address>0x216a</run_address>
         <size>0x42</size>
         <input_file_ref idref="fl-3e"/>
      </object_component>
      <object_component id="oc-e2">
         <name>.debug_line</name>
         <load_address>0x21ac</load_address>
         <run_address>0x21ac</run_address>
         <size>0xa7</size>
         <input_file_ref idref="fl-3f"/>
      </object_component>
      <object_component id="oc-e5">
         <name>.debug_line</name>
         <load_address>0x2253</load_address>
         <run_address>0x2253</run_address>
         <size>0x3e</size>
         <input_file_ref idref="fl-40"/>
      </object_component>
      <object_component id="oc-e8">
         <name>.debug_line</name>
         <load_address>0x2291</load_address>
         <run_address>0x2291</run_address>
         <size>0x39</size>
         <input_file_ref idref="fl-41"/>
      </object_component>
      <object_component id="oc-13">
         <name>.debug_abbrev</name>
         <load_address>0x0</load_address>
         <run_address>0x0</run_address>
         <size>0x20</size>
         <input_file_ref idref="fl-2"/>
      </object_component>
      <object_component id="oc-17">
         <name>.debug_abbrev</name>
         <load_address>0x20</load_address>
         <run_address>0x20</run_address>
         <size>0xab</size>
         <input_file_ref idref="fl-3"/>
      </object_component>
      <object_component id="oc-1e">
         <name>.debug_abbrev</name>
         <load_address>0xcb</load_address>
         <run_address>0xcb</run_address>
         <size>0x15c</size>
         <input_file_ref idref="fl-4"/>
      </object_component>
      <object_component id="oc-22">
         <name>.debug_abbrev</name>
         <load_address>0x227</load_address>
         <run_address>0x227</run_address>
         <size>0xf8</size>
         <input_file_ref idref="fl-5"/>
      </object_component>
      <object_component id="oc-26">
         <name>.debug_abbrev</name>
         <load_address>0x31f</load_address>
         <run_address>0x31f</run_address>
         <size>0xdf</size>
         <input_file_ref idref="fl-6"/>
      </object_component>
      <object_component id="oc-2d">
         <name>.debug_abbrev</name>
         <load_address>0x3fe</load_address>
         <run_address>0x3fe</run_address>
         <size>0x229</size>
         <input_file_ref idref="fl-7"/>
      </object_component>
      <object_component id="oc-31">
         <name>.debug_abbrev</name>
         <load_address>0x627</load_address>
         <run_address>0x627</run_address>
         <size>0x104</size>
         <input_file_ref idref="fl-d"/>
      </object_component>
      <object_component id="oc-35">
         <name>.debug_abbrev</name>
[...]
         <value>0x11820458</value>
         <object_component_ref idref="oc-ed"/>
      </symbol>
      <symbol id="sm-1d5">
         <name>_L138_init_LCDK_DIP</name>
         <value>0x11821318</value>
         <object_component_ref idref="oc-ed"/>
      </symbol>
      <symbol id="sm-1d6">
         <name>_prand</name>
         <value>0x11821734</value>
         <object_component_ref idref="oc-ed"/>
      </symbol>
      <symbol id="sm-1d7">
         <name>_fb</name>
         <value>0x1182abdc</value>
         <object_component_ref idref="oc-27"/>
      </symbol>
      <symbol id="sm-1d8">
         <name>_rand31_next</name>
         <value>0x118216b8</value>
         <object_component_ref idref="oc-ed"/>
      </symbol>
      <symbol id="sm-1d9">
         <name>_read_LCDK_user_DIP</name>
         <value>0x11821360</value>
         <object_component_ref idref="oc-ed"/>
      </symbol>
      <symbol id="sm-1da">
         <name>_L138_init_mcasp_edma</name>
         <value>0x11820830</value>
         <object_component_ref idref="oc-ed"/>
      </symbol>
      <symbol id="sm-1db">
         <name>_L138_init_aic3106_registers</name>
         <value>0x11820fe0</value>
         <object_component_ref idref="oc-ed"/>
      </symbol>
      <symbol id="sm-1dc">
         <name>_L138_initialise_intr</name>
         <value>0x118214ac</value>
         <object_component_ref idref="oc-ed"/>
      </symbol>
      <symbol id="sm-1dd">
         <name>_input_sample</name>
         <value>0x11820350</value>
         <object_component_ref idref="oc-ed"/>
      </symbol>
      <symbol id="sm-1de">
         <name>_output_right_sample</name>
         <value>0x118202e0</value>
         <object_component_ref idref="oc-ed"/>
      </symbol>
      <symbol id="sm-1df">
         <name>_pongIN</name>
         <value>0x1182abd4</value>
         <object_component_ref idref="oc-27"/>
      </symbol>
      <symbol id="sm-1e0">
         <name>_pongOUT</name>
         <value>0x1182abd8</value>
         <object_component_ref idref="oc-27"/>
      </symbol>
      <symbol id="sm-1e1">
         <name>_pingOUT</name>
         <value>0x1182abd0</value>
         <object_component_ref idref="oc-27"/>
      </symbol>
      <symbol id="sm-1e2">
         <name>_L138_init_mcasp_poll</name>
         <value>0x11820d4c</value>
         <object_component_ref idref="oc-ed"/>
      </symbol>
      <symbol id="sm-1f1">
         <name>_USTIMER_get</name>
         <value>0x118273c4</value>
         <object_component_ref idref="oc-fd"/>
      </symbol>
      <symbol id="sm-1f2">
         <name>_USTIMER_delay</name>
         <value>0x11827304</value>
         <object_component_ref idref="oc-fd"/>
      </symbol>
      <symbol id="sm-1f3">
         <name>_USTIMER_set</name>
         <value>0x118273d8</value>
         <object_component_ref idref="oc-fd"/>
      </symbol>
      <symbol id="sm-1f4">
         <name>_USTIMER_init</name>
         <value>0x11827220</value>
         <object_component_ref idref="oc-fd"/>
      </symbol>
      <symbol id="sm-1f5">
         <name>_USTIMER_reset</name>
         <value>0x11827394</value>
         <object_component_ref idref="oc-fd"/>
      </symbol>
      <symbol id="sm-22f">
         <name>_GPIO_getInput</name>
         <value>0x11824678</value>
         <object_component_ref idref="oc-fc"/>
      </symbol>
      <symbol id="sm-230">
         <name>_GPIO_setDir</name>
         <value>0x11824600</value>
         <object_component_ref idref="oc-fc"/>
      </symbol>
      <symbol id="sm-231">
         <name>_GPIO_toggleLoop</name>
         <value>0x1182476c</value>
         <object_component_ref idref="oc-fc"/>
      </symbol>
      <symbol id="sm-232">
         <name>_GPIO_setOutput</name>
         <value>0x118246ec</value>
         <object_component_ref idref="oc-fc"/>
      </symbol>
      <symbol id="sm-25e">
         <name>_AIC3106_writeRegister</name>
         <value>0x118278b0</value>
         <object_component_ref idref="oc-fb"/>
      </symbol>
      <symbol id="sm-25f">
         <name>_AIC3106_init</name>
         <value>0x11827760</value>
         <object_component_ref idref="oc-fb"/>
      </symbol>
      <symbol id="sm-260">
         <name>_AIC3106_readRegister</name>
         <value>0x11827858</value>
         <object_component_ref idref="oc-fb"/>
      </symbol>
      <symbol id="sm-2fd">
         <name>_config_pll1</name>
         <value>0x11822024</value>
         <object_component_ref idref="oc-fe"/>
      </symbol>
      <symbol id="sm-2fe">
         <name>_config_pll0</name>
         <value>0x11821de8</value>
         <object_component_ref idref="oc-fe"/>
      </symbol>
      <symbol id="sm-2ff">
         <name>_UTIL_isUIBoardAttached</name>
         <value>0x11822360</value>
         <object_component_ref idref="oc-fe"/>
      </symbol>
      <symbol id="sm-300">
         <name>_EVMOMAPL138_initRAM</name>
         <value>0x1182178c</value>
         <object_component_ref idref="oc-fe"/>
      </symbol>
      <symbol id="sm-301">
         <name>_EVMOMAPL138_lpscTransition</name>
         <value>0x11821a10</value>
         <object_component_ref idref="oc-fe"/>
      </symbol>
      <symbol id="sm-302">
         <name>_EVMOMAPL138_enableDsp</name>
         <value>0x11821948</value>
         <object_component_ref idref="oc-fe"/>
      </symbol>
      <symbol id="sm-303">
         <name>_EVMOMAPL138_init</name>
         <value>0x11821760</value>
         <object_component_ref idref="oc-fe"/>
      </symbol>
      <symbol id="sm-304">
         <name>_UTIL_printMem</name>
         <value>0x11822208</value>
         <object_component_ref idref="oc-fe"/>
      </symbol>
      <symbol id="sm-305">
         <name>_EVMOMAPL138_pinmuxConfig</name>
         <value>0x11821974</value>
         <object_component_ref idref="oc-fe"/>
      </symbol>
      <symbol id="sm-306">
         <name>_bitval_u32</name>
         <value>0x1182af08</value>
         <object_component_ref idref="oc-107"/>
      </symbol>
      <symbol id="sm-334">
         <name>_I2CGPIO_getInput</name>
         <value>0x118235d4</value>
         <object_component_ref idref="oc-109"/>
      </symbol>
      <symbol id="sm-335">
         <name>_I2CGPIO_setOutputAll</name>
         <value>0x11823948</value>
         <object_component_ref idref="oc-109"/>
      </symbol>
      <symbol id="sm-336">
         <name>_I2CGPIO_setOutput</name>
         <value>0x11823800</value>
         <object_component_ref idref="oc-109"/>
      </symbol>
      <symbol id="sm-337">
         <name>_I2CGPIO_getInputAll</name>
         <value>0x118236f0</value>
         <object_component_ref idref="oc-109"/>
      </symbol>
      <symbol id="sm-338">
         <name>_I2CGPIO_init</name>
         <value>0x11823500</value>
         <object_component_ref idref="oc-109"/>
      </symbol>
      <symbol id="sm-381">
         <name>_I2C_read</name>
         <value>0x11824a6c</value>
         <object_component_ref idref="oc-105"/>
      </symbol>
      <symbol id="sm-382">
         <name>_I2C_write</name>
         <value>0x11824bc8</value>
         <object_component_ref idref="oc-105"/>
      </symbol>
      <symbol id="sm-383">
         <name>_I2C_init</name>
         <value>0x11824980</value>
         <object_component_ref idref="oc-105"/>
      </symbol>
      <symbol id="sm-392">
         <name>_c_int00</name>
         <value>0x11829b00</value>
         <object_component_ref idref="oc-e"/>
      </symbol>
      <symbol id="sm-393">
         <name>__stack</name>
         <value>0x1182a080</value>
         <object_component_ref idref="oc-49"/>
      </symbol>
      <symbol id="sm-3a9">
         <name>_cos</name>
         <value>0x11825020</value>
         <object_component_ref idref="oc-102"/>
      </symbol>
      <symbol id="sm-3bb">
         <name>__divd</name>
         <value>0x118229e0</value>
         <object_component_ref idref="oc-101"/>
      </symbol>
      <symbol id="sm-3d2">
         <name>C$$EXIT</name>
         <value>0x1182a020</value>
         <object_component_ref idref="oc-fa"/>
      </symbol>
      <symbol id="sm-3d3">
         <name>_exit</name>
         <value>0x11828e80</value>
         <object_component_ref idref="oc-ec"/>
      </symbol>
      <symbol id="sm-3d4">
         <name>___TI_enable_exit_profile_output</name>
         <value>0x118101d0</value>
         <object_component_ref idref="oc-56"/>
      </symbol>
      <symbol id="sm-3d5">
         <name>_abort</name>
         <value>0x1182a020</value>
         <object_component_ref idref="oc-fa"/>
      </symbol>
      <symbol id="sm-3d6">
         <name>__cleanup_ptr</name>
         <value>0x118101c8</value>
         <object_component_ref idref="oc-56"/>
      </symbol>
      <symbol id="sm-3d7">
         <name>__dtors_ptr</name>
         <value>0x118101cc</value>
         <object_component_ref idref="oc-56"/>
      </symbol>
      <symbol id="sm-3e1">
         <name>__frcmpyd_div</name>
         <value>0x11829ec0</value>
         <object_component_ref idref="oc-10b"/>
      </symbol>
      <symbol id="sm-3ef">
         <name>__llshl</name>
         <value>0x11829a80</value>
         <object_component_ref idref="oc-142"/>
      </symbol>
      <symbol id="sm-3f0">
         <name>__llshru</name>
         <value>0x11829f00</value>
         <object_component_ref idref="oc-10a"/>
      </symbol>
      <symbol id="sm-3fc">
         <name>_modf</name>
         <value>0x11829820</value>
         <object_component_ref idref="oc-10e"/>
      </symbol>
      <symbol id="sm-411">
         <name>_printf</name>
         <value>0x11828860</value>
         <object_component_ref idref="oc-108"/>
      </symbol>
      <symbol id="sm-41b">
         <name>__nround</name>
         <value>0x118293c0</value>
         <object_component_ref idref="oc-10d"/>
      </symbol>
      <symbol id="sm-430">
         <name>_sin</name>
         <value>0x11826060</value>
         <object_component_ref idref="oc-103"/>
      </symbol>
      <symbol id="sm-43c">
         <name>_sqrt</name>
         <value>0x118283e0</value>
         <object_component_ref idref="oc-104"/>
      </symbol>
      <symbol id="sm-446">
         <name>__trunc</name>
         <value>0x1182a000</value>
         <object_component_ref idref="oc-10c"/>
      </symbol>
      <symbol id="sm-454">
         <name>__unlock</name>
         <value>0x118101e0</value>
         <object_component_ref idref="oc-75"/>
      </symbol>
      <symbol id="sm-455">
         <name>__lock</name>
         <value>0x118101dc</value>
         <object_component_ref idref="oc-75"/>
      </symbol>
      <symbol id="sm-456">
         <name>__nop</name>
         <value>0x11829fa0</value>
         <object_component_ref idref="oc-ee"/>
      </symbol>
      <symbol id="sm-560">
         <name>__printfi</name>
         <value>0x118239e0</value>
         <object_component_ref idref="oc-110"/>
      </symbol>
      <symbol id="sm-56a">
         <name>__args_main</name>
         <value>0x11829e80</value>
         <object_component_ref idref="oc-eb"/>
      </symbol>
      <symbol id="sm-56b">
         <name>__TI_args_main</name>
         <value>0x1</value>
      </symbol>
      <symbol id="sm-579">
         <name>_atoi</name>
         <value>0x118285c0</value>
         <object_component_ref idref="oc-11c"/>
      </symbol>
      <symbol id="sm-588">
         <name>__auto_init</name>
         <value>0x11828b80</value>
         <object_component_ref idref="oc-ea"/>
      </symbol>
      <symbol id="sm-595">
         <name>___TI_cpp_init</name>
         <value>0x11829c80</value>
         <object_component_ref idref="oc-f8"/>
      </symbol>
      <symbol id="sm-5a3">
         <name>_copy_in</name>
         <value>0x11829500</value>
         <object_component_ref idref="oc-f6"/>
      </symbol>
      <symbol id="sm-5ab">
         <name>__ctypes_</name>
         <value>0x1182ae00</value>
         <object_component_ref idref="oc-122"/>
      </symbol>
      <symbol id="sm-5b5">
         <name>__tmpnams</name>
         <value>0x1180fee0</value>
         <object_component_ref idref="oc-8f"/>
      </symbol>
      <symbol id="sm-5b6">
         <name>__ft_end</name>
         <value>0x11810020</value>
         <object_component_ref idref="oc-8f"/>
      </symbol>
      <symbol id="sm-5b7">
         <name>__ftable</name>
         <value>0x1180fd00</value>
         <object_component_ref idref="oc-8f"/>
      </symbol>
      <symbol id="sm-5c0">
         <name>__c6xabi_divu</name>
         <value>0x11828d00</value>
         <object_component_ref idref="oc-13b"/>
      </symbol>
      <symbol id="sm-5c1">
         <name>__divu</name>
         <value>0x11828d00</value>
         <object_component_ref idref="oc-13b"/>
      </symbol>
      <symbol id="sm-5cb">
         <name>_errno</name>
         <value>0x11810024</value>
         <object_component_ref idref="oc-96"/>
      </symbol>
      <symbol id="sm-5d8">
         <name>__fixdli</name>
         <value>0x11829320</value>
         <object_component_ref idref="oc-138"/>
      </symbol>
      <symbol id="sm-5e3">
         <name>__fltlid</name>
         <value>0x11829a00</value>
         <object_component_ref idref="oc-13a"/>
      </symbol>
      <symbol id="sm-5fe">
         <name>_putc</name>
         <value>0x11826c00</value>
         <object_component_ref idref="oc-117"/>
      </symbol>
      <symbol id="sm-5ff">
         <name>_fputc</name>
         <value>0x11826c00</value>
         <object_component_ref idref="oc-117"/>
      </symbol>
      <symbol id="sm-621">
         <name>_fputs</name>
         <value>0x11824260</value>
         <object_component_ref idref="oc-112"/>
      </symbol>
      <symbol id="sm-631">
         <name>__divul</name>
         <value>0x118275c0</value>
         <object_component_ref idref="oc-13c"/>
      </symbol>
      <symbol id="sm-632">
         <name>__remli</name>
         <value>0x11829f40</value>
         <object_component_ref idref="oc-140"/>
      </symbol>
      <symbol id="sm-633">
         <name>__divli</name>
         <value>0x11829140</value>
         <object_component_ref idref="oc-141"/>
      </symbol>
      <symbol id="sm-647">
         <name>__subcull</name>
         <value>0x11829ce0</value>
         <object_component_ref idref="oc-143"/>
      </symbol>
      <symbol id="sm-648">
         <name>__divull</name>
         <value>0x118262e0</value>
         <object_component_ref idref="oc-13d"/>
      </symbol>
      <symbol id="sm-652">
         <name>___isinf</name>
         <value>0x11829e00</value>
         <object_component_ref idref="oc-124"/>
      </symbol>
      <symbol id="sm-68f">
         <name>_unlink</name>
         <value>0x11829c00</value>
         <object_component_ref idref="oc-144"/>
      </symbol>
      <symbol id="sm-690">
         <name>_lseek</name>
         <value>0x11829640</value>
         <object_component_ref idref="oc-12b"/>
      </symbol>
      <symbol id="sm-691">
         <name>_close</name>
         <value>0x118286a0</value>
         <object_component_ref idref="oc-13e"/>
      </symbol>
      <symbol id="sm-692">
         <name>_write</name>
         <value>0x11829960</value>
         <object_component_ref idref="oc-11a"/>
      </symbol>
      <symbol id="sm-69f">
         <name>_ltoa</name>
         <value>0x11828f40</value>
         <object_component_ref idref="oc-139"/>
      </symbol>
      <symbol id="sm-6ac">
         <name>_memccpy</name>
         <value>0x11829d40</value>
         <object_component_ref idref="oc-11f"/>
      </symbol>
      <symbol id="sm-6b4">
         <name>_memcpy</name>
         <value>0x118296e0</value>
         <object_component_ref idref="oc-f7"/>
      </symbol>
      <symbol id="sm-6bf">
         <name>_memset</name>
         <value>0x11828780</value>
         <object_component_ref idref="oc-11b"/>
      </symbol>
      <symbol id="sm-6c9">
         <name>__negll</name>
         <value>0x11829f80</value>
         <object_component_ref idref="oc-129"/>
      </symbol>
      <symbol id="sm-6f2">
         <name>_HOSTopen</name>
         <value>0x118284e0</value>
         <object_component_ref idref="oc-ef"/>
      </symbol>
      <symbol id="sm-6f3">
         <name>_HOSTread</name>
         <value>0x11828940</value>
         <object_component_ref idref="oc-f1"/>
      </symbol>
      <symbol id="sm-6f4">
         <name>_HOSTrename</name>
         <value>0x11827900</value>
         <object_component_ref idref="oc-f5"/>
      </symbol>
      <symbol id="sm-6f5">
         <name>_HOSTwrite</name>
         <value>0x11828ac0</value>
         <object_component_ref idref="oc-f2"/>
      </symbol>
      <symbol id="sm-6f6">
         <name>_HOSTlseek</name>
         <value>0x118281e0</value>
         <object_component_ref idref="oc-f3"/>
      </symbol>
      <symbol id="sm-6f7">
         <name>_HOSTunlink</name>
         <value>0x11828a00</value>
         <object_component_ref idref="oc-f4"/>
      </symbol>
      <symbol id="sm-6f8">
         <name>_HOSTclose</name>
         <value>0x11829000</value>
         <object_component_ref idref="oc-f0"/>
      </symbol>
      <symbol id="sm-708">
         <name>C$$IO$$</name>
         <value>0x11829df8</value>
         <object_component_ref idref="oc-ff"/>
      </symbol>
      <symbol id="sm-709">
         <name>__CIOBUF_</name>
         <value>0x1182aaa8</value>
         <object_component_ref idref="oc-c7"/>
      </symbol>
      <symbol id="sm-70a">
         <name>_readmsg</name>
         <value>0x11829b80</value>
         <object_component_ref idref="oc-100"/>
      </symbol>
      <symbol id="sm-70b">
         <name>_writemsg</name>
         <value>0x11829da0</value>
         <object_component_ref idref="oc-ff"/>
      </symbol>
      <symbol id="sm-71a">
         <name>__wrt_ok</name>
         <value>0x118282e0</value>
         <object_component_ref idref="oc-118"/>
      </symbol>
      <symbol id="sm-72e">
         <name>__doflush</name>
         <value>0x11828dc0</value>
         <object_component_ref idref="oc-119"/>
      </symbol>
      <symbol id="sm-73f">
         <name>_fseek</name>
         <value>0x118280c0</value>
         <object_component_ref idref="oc-120"/>
      </symbol>
      <symbol id="sm-755">
         <name>_setvbuf</name>
         <value>0x11827020</value>
         <object_component_ref idref="oc-121"/>
      </symbol>
      <symbol id="sm-768">
         <name>__cleanup</name>
         <value>0x118290a0</value>
         <object_component_ref idref="oc-12e"/>
      </symbol>
      <symbol id="sm-7a1">
         <name>__sys_memory</name>
         <value>0x118101f8</value>
         <object_component_ref idref="oc-e1"/>
      </symbol>
      <symbol id="sm-7a2">
         <name>_free</name>
         <value>0x11825de0</value>
         <object_component_ref idref="oc-12c"/>
      </symbol>
      <symbol id="sm-7a3">
         <name>_malloc</name>
         <value>0x11827a80</value>
         <object_component_ref idref="oc-12d"/>
      </symbol>
      <symbol id="sm-7b5">
         <name>__closefile</name>
         <value>0x11827e80</value>
         <object_component_ref idref="oc-137"/>
      </symbol>
      <symbol id="sm-7bf">
         <name>_remove</name>
         <value>0x1182a040</value>
         <object_component_ref idref="oc-13f"/>
      </symbol>
   </symbol_table>
</link_info>
