******************************************************************************
               TMS320C6x Linker PC v7.4.4                      
******************************************************************************
>> Linked Wed Nov 09 17:56:07 2016

OUTPUT FILE NAME:   <Lab3s2.out>
ENTRY POINT SYMBOL: "_c_int00"  address: 11829d00


MEMORY CONFIGURATION

         name            origin    length      used     unused   attr    fill
----------------------  --------  ---------  --------  --------  ----  --------
  dsp_l2_ram            11800000   00040000  0002b1ef  00014e11  RWIX
  shared_ram            80000000   00020000  00000000  00020000  RWIX
  external_ram          c0000000   08000000  00000000  08000000  RWIX


SECTION ALLOCATION MAP

 output                                  attributes/
section   page    origin      length       input sections
--------  ----  ----------  ----------   ----------------
.far       0    11800000    00010338     UNINITIALIZED
                  11800000    0000fe40     main.obj (.far)
                  1180fe40    00000324     rts6740.lib : defs.obj (.far)
                  11810164    00000004                 : fopen.obj (.far)
                  11810168    0000011c                 : lowlev.obj (.far)
                  11810284    00000004     --HOLE--
                  11810288    00000040                 : cos.obj (.far)
                  118102c8    00000040                 : sin.obj (.far)
                  11810308    0000000c                 : exit.obj (.far)
                  11810314    00000008     L138_LCDK_aic3106_init.obj (.far)
                  1181031c    00000008     rts6740.lib : _lock.obj (.far)
                  11810324    00000008                 : memory.obj (.far)
                  1181032c    00000004     --HOLE--
                  11810330    00000008                 : trgdrv.obj (.far)

.data      0    11800000    00000000     UNINITIALIZED

.sysmem    0    11810338    00010000     UNINITIALIZED
                  11810338    00000008     rts6740.lib : memory.obj (.sysmem)
                  11810340    0000fff8     --HOLE--

.text      0    11820340    00009f40     
                  11820340    00001560     L138_LCDK_aic3106_init.obj (.text)
                  118218a0    00000c20     evmomapl138_bsl.lib : evmomapl138.obj (.text)
                  118224c0    00000740     main.obj (.text)
                  11822c00    000005a0     rts6740.lib : divd.obj (.text:__divd)
                  118231a0    00000580                 : _printfi.obj (.text:__getarg_diouxp)
                  11823720    000004e0     evmomapl138_bsl.lib : evmomapl138_i2c_gpio.obj (.text)
                  11823c00    00000440     rts6740.lib : _printfi.obj (.text:__printfi)
                  11824040    00000440                 : _printfi.obj (.text:__setfield)
                  11824480    000003a0                 : fputs.obj (.text:_fputs)
                  11824820    00000380     evmomapl138_bsl.lib : evmomapl138_gpio.obj (.text)
                  11824ba0    00000380                         : evmomapl138_i2c.obj (.text)
                  11824f20    00000320     rts6740.lib : _printfi.obj (.text:__pproc_fge)
                  11825240    000002e0                 : cos.obj (.text:_cos)
                  11825520    000002e0     main.obj (.text:retain)
                  11825800    000002c0     rts6740.lib : _printfi.obj (.text:__pproc_fwp)
                  11825ac0    000002a0                 : _printfi.obj (.text:_ecvt)
                  11825d60    000002a0                 : _printfi.obj (.text:_fcvt)
                  11826000    00000280                 : memory.obj (.text:_free)
                  11826280    00000280                 : sin.obj (.text:_sin)
                  11826500    00000260                 : imath64.obj (.text:__divull)
                  11826760    00000260                 : _printfi.obj (.text:__pconv_e)
                  118269c0    00000240                 : _printfi.obj (.text:__pproc_diouxp)
                  11826c00    00000220                 : _printfi.obj (.text:__pproc_str)
                  11826e20    00000220                 : fputc.obj (.text:_fputc)
                  11827040    00000200                 : _printfi.obj (.text:__pconv_g)
                  11827240    00000200                 : setvbuf.obj (.text:_setvbuf)
                  11827440    000001e0     evmomapl138_bsl.lib : evmomapl138_timer.obj (.text)
                  11827620    000001c0     rts6740.lib : _printfi.obj (.text:__mcpy)
                  118277e0    000001a0                 : imath40.obj (.text:__divul)
                  11827980    000001a0     evmomapl138_bsl.lib : evmomapl138_aic3106.obj (.text)
                  11827b20    00000180     rts6740.lib : trgdrv.obj (.text:_HOSTrename)
                  11827ca0    00000180                 : memory.obj (.text:_malloc)
                  11827e20    00000140                 : _printfi.obj (.text:__pproc_fflags)
                  11827f60    00000140                 : lowlev.obj (.text:_getdevice)
                  118280a0    00000120                 : fclose.obj (.text:__closefile)
                  118281c0    00000120                 : _printfi.obj (.text:__ltostr)
                  118282e0    00000120                 : fseek.obj (.text:_fseek)
                  11828400    00000100                 : trgdrv.obj (.text:_HOSTlseek)
                  11828500    00000100                 : _io_perm.obj (.text:__wrt_ok)
                  11828600    000000e0                 : trgdrv.obj (.text:_HOSTopen)
                  118286e0    000000e0                 : divi.obj (.text:__divi)
                  118287c0    000000e0                 : atoi.obj (.text:_atoi)
                  118288a0    000000e0                 : lowlev.obj (.text:_close)
                  11828980    000000e0                 : memset.obj (.text:_memset)
                  11828a60    000000e0                 : printf.obj (.text:_printf)
                  11828b40    000000c0                 : trgdrv.obj (.text:_HOSTread)
                  11828c00    000000c0                 : trgdrv.obj (.text:_HOSTunlink)
                  11828cc0    000000c0                 : trgdrv.obj (.text:_HOSTwrite)
                  11828d80    000000c0                 : autoinit.obj (.text:__auto_init)
                  11828e40    000000c0                 : _printfi.obj (.text:__div)
                  11828f00    000000c0                 : divu.obj (.text:__divu)
                  11828fc0    000000c0                 : fflush.obj (.text:__doflush)
                  11829080    000000c0                 : exit.obj (.text:_exit)
                  11829140    000000c0                 : ltoa.obj (.text:_ltoa)
                  11829200    000000a0                 : trgdrv.obj (.text:_HOSTclose)
                  118292a0    000000a0                 : fopen.obj (.text:__cleanup)
                  11829340    000000a0                 : imath40.obj (.text:__divli)
                  118293e0    000000a0                 : _printfi.obj (.text:__ecpy)
                  11829480    000000a0                 : _printfi.obj (.text:__fcpy)
                  11829520    000000a0                 : fixdli.obj (.text:__fixdli)
                  118295c0    000000a0                 : round.obj (.text:__nround)
                  11829660    000000a0                 : _printfi.obj (.text:__pconv_f)
                  11829700    000000a0                 : cpy_tbl.obj (.text:_copy_in)
                  118297a0    000000a0                 : lowlev.obj (.text:_finddevice)
                  11829840    000000a0                 : lowlev.obj (.text:_lseek)
                  118298e0    000000a0                 : memcpy64.obj (.text:_memcpy)
                  11829980    000000a0                 : memory.obj (.text:_minsert)
                  11829a20    000000a0                 : modf.obj (.text:_modf)
                  11829ac0    000000a0                 : memory.obj (.text:_mremove)
                  11829b60    000000a0                 : lowlev.obj (.text:_write)
                  11829c00    00000080                 : fltlid.obj (.text:__fltlid)
                  11829c80    00000080                 : llshift.obj (.text:__llshl)
                  11829d00    00000080                 : boot.obj (.text:_c_int00)
                  11829d80    00000080                 : trgmsg.obj (.text:_readmsg)
                  11829e00    00000080                 : lowlev.obj (.text:_unlink)
                  11829e80    00000060                 : cpp_init.obj (.text:___TI_cpp_init)
                  11829ee0    00000060                 : imath64.obj (.text:__subcull)
                  11829f40    00000060                 : memccpy.obj (.text:_memccpy)
                  11829fa0    00000060                 : trgmsg.obj (.text:_writemsg)
                  1182a000    00000040                 : isinf.obj (.text:___isinf)
                  1182a040    00000040                 : _printfi.obj (.text:___isnan)
                  1182a080    00000040                 : args_main.obj (.text:__args_main)
                  1182a0c0    00000040                 : frcmpyd_div.obj (.text:__frcmpyd_div)
                  1182a100    00000040                 : llshift.obj (.text:__llshru)
                  1182a140    00000040                 : imath40.obj (.text:__remli)
                  1182a180    00000020                 : negll.obj (.text:__negll)
                  1182a1a0    00000020                 : _lock.obj (.text:__nop)
                  1182a1c0    00000020                 : printf.obj (.text:__outc)
                  1182a1e0    00000020                 : printf.obj (.text:__outs)
                  1182a200    00000020                 : trunc.obj (.text:__trunc)
                  1182a220    00000020                 : exit.obj (.text:_abort)
                  1182a240    00000020                 : remove.obj (.text:_remove)
                  1182a260    00000020     vectors_intr.obj (.text)

.stack     0    1182a280    00000800     UNINITIALIZED
                  1182a280    00000008     rts6740.lib : boot.obj (.stack)
                  1182a288    000007f8     --HOLE--

.cio       0    1182aa80    00000120     UNINITIALIZED
                  1182aa80    00000120     rts6740.lib : trgmsg.obj (.cio)

.bss       0    1182aba0    00000034     UNINITIALIZED
                  1182aba0    0000001c     L138_LCDK_aic3106_init.obj (.bss)
                  1182abbc    00000012     main.obj (.bss)
                  1182abce    00000002     --HOLE--
                  1182abd0    00000004     evmomapl138_bsl.lib : evmomapl138_i2c.obj (.bss)

.switch    0    1182abd4    00000024     
                  1182abd4    00000024     evmomapl138_bsl.lib : evmomapl138_gpio.obj (.switch:_getRegisterBankAndBit)

.vecs      0    1182ac00    00000200     
                  1182ac00    00000200     vectors_intr.obj (.vecs)

.cinit     0    1182ae00    00000214     
                  1182ae00    0000005c     rts6740.lib : defs.obj (.cinit)
                  1182ae5c    00000004     --HOLE-- [fill = 0]
                  1182ae60    0000005c                 : lowlev.obj (.cinit)
                  1182aebc    00000004     --HOLE-- [fill = 0]
                  1182aec0    00000048                 : cos.obj (.cinit)
                  1182af08    00000048                 : sin.obj (.cinit)
                  1182af50    0000002c     L138_LCDK_aic3106_init.obj (.cinit)
                  1182af7c    00000004     --HOLE-- [fill = 0]
                  1182af80    0000002c     rts6740.lib : exit.obj (.cinit)
                  1182afac    00000004     --HOLE-- [fill = 0]
                  1182afb0    0000002c                 : memory.obj (.cinit)
                  1182afdc    00000004     --HOLE-- [fill = 0]
                  1182afe0    0000001c                 : _lock.obj (.cinit)
                  1182affc    00000004     --HOLE-- [fill = 0]
                  1182b000    0000000c                 : fopen.obj (.cinit)
                  1182b00c    00000004     --HOLE-- [fill = 0]
                  1182b010    00000004     (.pad.cinit) [fill = 0]

.const     0    1182b018    000001eb     
                  1182b018    00000101     rts6740.lib : ctype.obj (.const:.string:__ctypes_)
                  1182b119    00000002                 : fputs.obj (.const:.string)
                  1182b11b    00000005     --HOLE-- [fill = 0]
                  1182b120    00000080     evmomapl138_bsl.lib : evmomapl138.obj (.const:_bitval_u32)
                  1182b1a0    00000040                         : evmomapl138.obj (.const:.string)
                  1182b1e0    00000023     rts6740.lib : _printfi.obj (.const:.string)


GLOBAL SYMBOLS: SORTED ALPHABETICALLY BY Name 

address    name
--------   ----
1182aba0   $bss
1182aba0   .bss
11800000   .data
11820340   .text
1182a220   C$$EXIT
11829ff8   C$$IO$$
11827980   _AIC3106_init
11827a78   _AIC3106_readRegister
11827ad0   _AIC3106_writeRegister
11810314   _AIC31_data
11820598   _EDMA3_PaRAM_setup
11821a88   _EVMOMAPL138_enableDsp
118218a0   _EVMOMAPL138_init
118218cc   _EVMOMAPL138_initRAM
11821b50   _EVMOMAPL138_lpscTransition
11821ab4   _EVMOMAPL138_pinmuxConfig
11824898   _GPIO_getInput
11824820   _GPIO_setDir
1182490c   _GPIO_setOutput
1182498c   _GPIO_toggleLoop
11829200   _HOSTclose
11828400   _HOSTlseek
11828600   _HOSTopen
11828b40   _HOSTread
11827b20   _HOSTrename
11828c00   _HOSTunlink
11828cc0   _HOSTwrite
118237f4   _I2CGPIO_getInput
11823910   _I2CGPIO_getInputAll
11823720   _I2CGPIO_init
11823a20   _I2CGPIO_setOutput
11823b68   _I2CGPIO_setOutputAll
11824ba0   _I2C_init
11824c8c   _I2C_read
11824de8   _I2C_write
11821458   _L138_init_LCDK_DIP
11821120   _L138_init_aic3106_registers
11820970   _L138_init_mcasp_edma
11820c2c   _L138_init_mcasp_intr
11820e8c   _L138_init_mcasp_poll
118215ec   _L138_initialise_intr
11821504   _L138_initialise_poll
11809d00   _PHI
11827524   _USTIMER_delay
118275e4   _USTIMER_get
11827440   _USTIMER_init
118275b4   _USTIMER_reset
118275f8   _USTIMER_set
118224a0   _UTIL_isUIBoardAttached
11822348   _UTIL_printMem
11809d70   _Y
1182aa80   __CIOBUF_
1182aa80   __STACK_END
00000800   __STACK_SIZE
00010000   __SYSMEM_SIZE
00000001   __TI_args_main
11829e80   ___TI_cpp_init
11810310   ___TI_enable_exit_profile_output
ffffffff   ___TI_pprof_out_hndl
ffffffff   ___TI_prof_data_size
ffffffff   ___TI_prof_data_start
ffffffff   ___binit__
1182aba0   ___bss__
ffffffff   ___c_args__
1182ae00   ___cinit__
11800000   ___data__
11800000   ___edata__
1182abd4   ___end__
1182a280   ___etext__
1182a000   ___isinf
ffffffff   ___pinit__
11820340   ___text__
1182a080   __args_main
11828d80   __auto_init
118286e0   __c6xabi_divi
11828f00   __c6xabi_divu
118292a0   __cleanup
11810308   __cleanup_ptr
118280a0   __closefile
1182b018   __ctypes_
11822c00   __divd
118286e0   __divi
11829340   __divli
11828f00   __divu
118277e0   __divul
11826500   __divull
11828fc0   __doflush
1181030c   __dtors_ptr
11829520   __fixdli
11829c00   __fltlid
1182a0c0   __frcmpyd_div
11810160   __ft_end
1180fe40   __ftable
11829c80   __llshl
1182a100   __llshru
1181031c   __lock
1182a180   __negll
1182a1a0   __nop
118295c0   __nround
11823c00   __printfi
1182a140   __remli
1182a280   __stack
11829ee0   __subcull
11810338   __sys_memory
11810020   __tmpnams
1182a200   __trunc
11810320   __unlock
11828500   __wrt_ok
1182a220   _abort
118287c0   _atoi
1182b120   _bitval_u32
11829d00   _c_int00
118288a0   _close
11821f28   _config_pll0
11822164   _config_pll1
11829700   _copy_in
11825240   _cos
1182abc0   _counter
11829080   _exit
1182abb4   _fb
118224c0   _fft
11826e20   _fputc
11824480   _fputs
1180be40   _frame
11826000   _free
118282e0   _fseek
11807d00   _hamming
118204e8   _input_left_sample
11820540   _input_right_sample
11820490   _input_sample
11825520   _interrupt4
1182abcc   _left_sample
11829840   _lseek
11829140   _ltoa
1180de40   _mag
11822828   _main
11827ca0   _malloc
11829f40   _memccpy
118298e0   _memcpy
11828980   _memset
11829a20   _modf
118203a8   _output_left_sample
11820420   _output_right_sample
11820340   _output_sample
1182aba4   _pingIN
1182aba8   _pingOUT
1182abc4   _playback
1182abac   _pongIN
1182abb0   _pongOUT
11821874   _prand
1182abb8   _prand_seed
11821728   _prbs
11828a60   _printf
11826e20   _putc
118217f8   _rand31_next
118214a0   _read_LCDK_user_DIP
11829d80   _readmsg
1182abc8   _record
1182a240   _remove
11800000   _sample
11827240   _setvbuf
11826280   _sin
11810318   _sreg
1182abbc   _sum
11809e40   _twiddle
11829e00   _unlink
1182ac20   _vector1
1182ad40   _vector10
1182ad60   _vector11
1182ad80   _vector12
1182ada0   _vector13
1182adc0   _vector14
1182ade0   _vector15
1182ac40   _vector2
1182ac60   _vector3
1182aca0   _vector5
1182acc0   _vector6
1182ace0   _vector7
1182ad00   _vector8
1182ad20   _vector9
1182ac00   _vectors
11829b60   _write
11829fa0   _writemsg
ffffffff   binit
1182ae00   cinit
11800000   edata
1182abd4   end
1182a280   etext
ffffffff   pinit


GLOBAL SYMBOLS: SORTED BY Symbol Address 

address    name
--------   ----
00000001   __TI_args_main
00000800   __STACK_SIZE
00010000   __SYSMEM_SIZE
11800000   .data
11800000   ___data__
11800000   ___edata__
11800000   _sample
11800000   edata
11807d00   _hamming
11809d00   _PHI
11809d70   _Y
11809e40   _twiddle
1180be40   _frame
1180de40   _mag
1180fe40   __ftable
11810020   __tmpnams
11810160   __ft_end
11810308   __cleanup_ptr
1181030c   __dtors_ptr
11810310   ___TI_enable_exit_profile_output
11810314   _AIC31_data
11810318   _sreg
1181031c   __lock
11810320   __unlock
11810338   __sys_memory
11820340   .text
11820340   ___text__
11820340   _output_sample
118203a8   _output_left_sample
11820420   _output_right_sample
11820490   _input_sample
118204e8   _input_left_sample
11820540   _input_right_sample
11820598   _EDMA3_PaRAM_setup
11820970   _L138_init_mcasp_edma
11820c2c   _L138_init_mcasp_intr
11820e8c   _L138_init_mcasp_poll
11821120   _L138_init_aic3106_registers
11821458   _L138_init_LCDK_DIP
118214a0   _read_LCDK_user_DIP
11821504   _L138_initialise_poll
118215ec   _L138_initialise_intr
11821728   _prbs
118217f8   _rand31_next
11821874   _prand
118218a0   _EVMOMAPL138_init
118218cc   _EVMOMAPL138_initRAM
11821a88   _EVMOMAPL138_enableDsp
11821ab4   _EVMOMAPL138_pinmuxConfig
11821b50   _EVMOMAPL138_lpscTransition
11821f28   _config_pll0
11822164   _config_pll1
11822348   _UTIL_printMem
118224a0   _UTIL_isUIBoardAttached
118224c0   _fft
11822828   _main
11822c00   __divd
11823720   _I2CGPIO_init
118237f4   _I2CGPIO_getInput
11823910   _I2CGPIO_getInputAll
11823a20   _I2CGPIO_setOutput
11823b68   _I2CGPIO_setOutputAll
11823c00   __printfi
11824480   _fputs
11824820   _GPIO_setDir
11824898   _GPIO_getInput
1182490c   _GPIO_setOutput
1182498c   _GPIO_toggleLoop
11824ba0   _I2C_init
11824c8c   _I2C_read
11824de8   _I2C_write
11825240   _cos
11825520   _interrupt4
11826000   _free
11826280   _sin
11826500   __divull
11826e20   _fputc
11826e20   _putc
11827240   _setvbuf
11827440   _USTIMER_init
11827524   _USTIMER_delay
118275b4   _USTIMER_reset
118275e4   _USTIMER_get
118275f8   _USTIMER_set
118277e0   __divul
11827980   _AIC3106_init
11827a78   _AIC3106_readRegister
11827ad0   _AIC3106_writeRegister
11827b20   _HOSTrename
11827ca0   _malloc
118280a0   __closefile
118282e0   _fseek
11828400   _HOSTlseek
11828500   __wrt_ok
11828600   _HOSTopen
118286e0   __c6xabi_divi
118286e0   __divi
118287c0   _atoi
118288a0   _close
11828980   _memset
11828a60   _printf
11828b40   _HOSTread
11828c00   _HOSTunlink
11828cc0   _HOSTwrite
11828d80   __auto_init
11828f00   __c6xabi_divu
11828f00   __divu
11828fc0   __doflush
11829080   _exit
11829140   _ltoa
11829200   _HOSTclose
118292a0   __cleanup
11829340   __divli
11829520   __fixdli
118295c0   __nround
11829700   _copy_in
11829840   _lseek
118298e0   _memcpy
11829a20   _modf
11829b60   _write
11829c00   __fltlid
11829c80   __llshl
11829d00   _c_int00
11829d80   _readmsg
11829e00   _unlink
11829e80   ___TI_cpp_init
11829ee0   __subcull
11829f40   _memccpy
11829fa0   _writemsg
11829ff8   C$$IO$$
1182a000   ___isinf
1182a080   __args_main
1182a0c0   __frcmpyd_div
1182a100   __llshru
1182a140   __remli
1182a180   __negll
1182a1a0   __nop
1182a200   __trunc
1182a220   C$$EXIT
1182a220   _abort
1182a240   _remove
1182a280   ___etext__
1182a280   __stack
1182a280   etext
1182aa80   __CIOBUF_
1182aa80   __STACK_END
1182aba0   $bss
1182aba0   .bss
1182aba0   ___bss__
1182aba4   _pingIN
1182aba8   _pingOUT
1182abac   _pongIN
1182abb0   _pongOUT
1182abb4   _fb
1182abb8   _prand_seed
1182abbc   _sum
1182abc0   _counter
1182abc4   _playback
1182abc8   _record
1182abcc   _left_sample
1182abd4   ___end__
1182abd4   end
1182ac00   _vectors
1182ac20   _vector1
1182ac40   _vector2
1182ac60   _vector3
1182aca0   _vector5
1182acc0   _vector6
1182ace0   _vector7
1182ad00   _vector8
1182ad20   _vector9
1182ad40   _vector10
1182ad60   _vector11
1182ad80   _vector12
1182ada0   _vector13
1182adc0   _vector14
1182ade0   _vector15
1182ae00   ___cinit__
1182ae00   cinit
1182b018   __ctypes_
1182b120   _bitval_u32
ffffffff   ___TI_pprof_out_hndl
ffffffff   ___TI_prof_data_size
ffffffff   ___TI_prof_data_start
ffffffff   ___binit__
ffffffff   ___c_args__
ffffffff   ___pinit__
ffffffff   binit
ffffffff   pinit

[189 symbols]
